Archive member included to satisfy reference by file (symbol)

/media/squanixmachine/SqxOntheGo/Apps/GNU_ARM/gcc-arm-none-eabi-10-2020-q4-major/bin/../lib/gcc/arm-none-eabi/10.2.1/../../../../arm-none-eabi/lib/thumb/v7e-m/nofp/libg_nano.a(lib_a-errno.o)
                              ./system/src/newlib/_sbrk.o (__errno)
/media/squanixmachine/SqxOntheGo/Apps/GNU_ARM/gcc-arm-none-eabi-10-2020-q4-major/bin/../lib/gcc/arm-none-eabi/10.2.1/../../../../arm-none-eabi/lib/thumb/v7e-m/nofp/libg_nano.a(lib_a-impure.o)
                              /media/squanixmachine/SqxOntheGo/Apps/GNU_ARM/gcc-arm-none-eabi-10-2020-q4-major/bin/../lib/gcc/arm-none-eabi/10.2.1/../../../../arm-none-eabi/lib/thumb/v7e-m/nofp/libg_nano.a(lib_a-errno.o) (_impure_ptr)
/media/squanixmachine/SqxOntheGo/Apps/GNU_ARM/gcc-arm-none-eabi-10-2020-q4-major/bin/../lib/gcc/arm-none-eabi/10.2.1/../../../../arm-none-eabi/lib/thumb/v7e-m/nofp/libg_nano.a(lib_a-strlen.o)
                              ./system/src/diag/Trace.o (strlen)
/media/squanixmachine/SqxOntheGo/Apps/GNU_ARM/gcc-arm-none-eabi-10-2020-q4-major/bin/../lib/gcc/arm-none-eabi/10.2.1/../../../../arm-none-eabi/lib/thumb/v7e-m/nofp/libg_nano.a(lib_a-vsnprintf.o)
                              ./system/src/diag/Trace.o (vsnprintf)
/media/squanixmachine/SqxOntheGo/Apps/GNU_ARM/gcc-arm-none-eabi-10-2020-q4-major/bin/../lib/gcc/arm-none-eabi/10.2.1/../../../../arm-none-eabi/lib/thumb/v7e-m/nofp/libg_nano.a(lib_a-nano-svfprintf.o)
                              /media/squanixmachine/SqxOntheGo/Apps/GNU_ARM/gcc-arm-none-eabi-10-2020-q4-major/bin/../lib/gcc/arm-none-eabi/10.2.1/../../../../arm-none-eabi/lib/thumb/v7e-m/nofp/libg_nano.a(lib_a-vsnprintf.o) (_svfprintf_r)
/media/squanixmachine/SqxOntheGo/Apps/GNU_ARM/gcc-arm-none-eabi-10-2020-q4-major/bin/../lib/gcc/arm-none-eabi/10.2.1/../../../../arm-none-eabi/lib/thumb/v7e-m/nofp/libg_nano.a(lib_a-nano-vfprintf_i.o)
                              /media/squanixmachine/SqxOntheGo/Apps/GNU_ARM/gcc-arm-none-eabi-10-2020-q4-major/bin/../lib/gcc/arm-none-eabi/10.2.1/../../../../arm-none-eabi/lib/thumb/v7e-m/nofp/libg_nano.a(lib_a-nano-svfprintf.o) (_printf_i)
/media/squanixmachine/SqxOntheGo/Apps/GNU_ARM/gcc-arm-none-eabi-10-2020-q4-major/bin/../lib/gcc/arm-none-eabi/10.2.1/../../../../arm-none-eabi/lib/thumb/v7e-m/nofp/libg_nano.a(lib_a-memchr.o)
                              /media/squanixmachine/SqxOntheGo/Apps/GNU_ARM/gcc-arm-none-eabi-10-2020-q4-major/bin/../lib/gcc/arm-none-eabi/10.2.1/../../../../arm-none-eabi/lib/thumb/v7e-m/nofp/libg_nano.a(lib_a-nano-svfprintf.o) (memchr)
/media/squanixmachine/SqxOntheGo/Apps/GNU_ARM/gcc-arm-none-eabi-10-2020-q4-major/bin/../lib/gcc/arm-none-eabi/10.2.1/../../../../arm-none-eabi/lib/thumb/v7e-m/nofp/libg_nano.a(lib_a-memcpy-stub.o)
                              /media/squanixmachine/SqxOntheGo/Apps/GNU_ARM/gcc-arm-none-eabi-10-2020-q4-major/bin/../lib/gcc/arm-none-eabi/10.2.1/../../../../arm-none-eabi/lib/thumb/v7e-m/nofp/libg_nano.a(lib_a-nano-svfprintf.o) (memcpy)
/media/squanixmachine/SqxOntheGo/Apps/GNU_ARM/gcc-arm-none-eabi-10-2020-q4-major/bin/../lib/gcc/arm-none-eabi/10.2.1/../../../../arm-none-eabi/lib/thumb/v7e-m/nofp/libg_nano.a(lib_a-memmove.o)
                              /media/squanixmachine/SqxOntheGo/Apps/GNU_ARM/gcc-arm-none-eabi-10-2020-q4-major/bin/../lib/gcc/arm-none-eabi/10.2.1/../../../../arm-none-eabi/lib/thumb/v7e-m/nofp/libg_nano.a(lib_a-nano-svfprintf.o) (memmove)
/media/squanixmachine/SqxOntheGo/Apps/GNU_ARM/gcc-arm-none-eabi-10-2020-q4-major/bin/../lib/gcc/arm-none-eabi/10.2.1/../../../../arm-none-eabi/lib/thumb/v7e-m/nofp/libg_nano.a(lib_a-nano-freer.o)
                              /media/squanixmachine/SqxOntheGo/Apps/GNU_ARM/gcc-arm-none-eabi-10-2020-q4-major/bin/../lib/gcc/arm-none-eabi/10.2.1/../../../../arm-none-eabi/lib/thumb/v7e-m/nofp/libg_nano.a(lib_a-nano-svfprintf.o) (_free_r)
/media/squanixmachine/SqxOntheGo/Apps/GNU_ARM/gcc-arm-none-eabi-10-2020-q4-major/bin/../lib/gcc/arm-none-eabi/10.2.1/../../../../arm-none-eabi/lib/thumb/v7e-m/nofp/libg_nano.a(lib_a-nano-mallocr.o)
                              /media/squanixmachine/SqxOntheGo/Apps/GNU_ARM/gcc-arm-none-eabi-10-2020-q4-major/bin/../lib/gcc/arm-none-eabi/10.2.1/../../../../arm-none-eabi/lib/thumb/v7e-m/nofp/libg_nano.a(lib_a-nano-svfprintf.o) (_malloc_r)
/media/squanixmachine/SqxOntheGo/Apps/GNU_ARM/gcc-arm-none-eabi-10-2020-q4-major/bin/../lib/gcc/arm-none-eabi/10.2.1/../../../../arm-none-eabi/lib/thumb/v7e-m/nofp/libg_nano.a(lib_a-nano-reallocr.o)
                              /media/squanixmachine/SqxOntheGo/Apps/GNU_ARM/gcc-arm-none-eabi-10-2020-q4-major/bin/../lib/gcc/arm-none-eabi/10.2.1/../../../../arm-none-eabi/lib/thumb/v7e-m/nofp/libg_nano.a(lib_a-nano-svfprintf.o) (_realloc_r)
/media/squanixmachine/SqxOntheGo/Apps/GNU_ARM/gcc-arm-none-eabi-10-2020-q4-major/bin/../lib/gcc/arm-none-eabi/10.2.1/../../../../arm-none-eabi/lib/thumb/v7e-m/nofp/libg_nano.a(lib_a-sbrkr.o)
[...]
Memory Configuration

Name             Origin             Length             Attributes
RAM              0x0000000020000000 0x0000000000020000 xrw
CCMRAM           0x0000000010000000 0x0000000000010000 xrw
FLASH            0x0000000008000000 0x0000000000100000 xr
FLASHB1          0x0000000000000000 0x0000000000000000 xr
EXTMEMB0         0x0000000000000000 0x0000000000000000 xr
EXTMEMB1         0x0000000000000000 0x0000000000000000 xr
EXTMEMB2         0x0000000000000000 0x0000000000000000 xr
EXTMEMB3         0x0000000000000000 0x0000000000000000 xr
MEMORY_ARRAY     0x0000000020002000 0x0000000000000020 xrw
*default*        0x0000000000000000 0xffffffffffffffff

Linker script and memory map

LOAD ./system/src/stm32f4-hal/stm32f4xx_hal.o
LOAD ./system/src/stm32f4-hal/stm32f4xx_hal_cortex.o
LOAD ./system/src/stm32f4-hal/stm32f4xx_hal_dfsdm.o
LOAD ./system/src/stm32f4-hal/stm32f4xx_hal_flash.o
LOAD ./system/src/stm32f4-hal/stm32f4xx_hal_flash_ex.o
LOAD ./system/src/stm32f4-hal/stm32f4xx_hal_flash_ramfunc.o
LOAD ./system/src/stm32f4-hal/stm32f4xx_hal_gpio.o
LOAD ./system/src/stm32f4-hal/stm32f4xx_hal_iwdg.o
LOAD ./system/src/stm32f4-hal/stm32f4xx_hal_pwr.o
LOAD ./system/src/stm32f4-hal/stm32f4xx_hal_rcc.o
LOAD ./system/src/newlib/_cxx.o
LOAD ./system/src/newlib/_exit.o
LOAD ./system/src/newlib/_sbrk.o
LOAD ./system/src/newlib/_startup.o
LOAD ./system/src/newlib/_syscalls.o
LOAD ./system/src/newlib/assert.o
LOAD ./system/src/diag/Trace.o
LOAD ./system/src/diag/trace_impl.o
LOAD ./system/src/cortexm/_initialize_hardware.o
LOAD ./system/src/cortexm/_reset_hardware.o
LOAD ./system/src/cortexm/exception_handlers.o
LOAD ./system/src/cmsis/system_stm32f4xx.o
LOAD ./system/src/cmsis/vectors_stm32f411xe.o
LOAD ./src/BlinkLed.o
LOAD ./src/Timer.o
LOAD ./src/_initialize_hardware.o
LOAD ./src/_write.o
LOAD ./src/main.o
LOAD ./src/stm32f4xx_hal_msp.o
LOAD /media/squanixmachine/SqxOntheGo/Apps/GNU_ARM/gcc-arm-none-eabi-10-2020-q4-major/bin/../lib/gcc/arm-none-eabi/10.2.1/../../../../arm-none-eabi/lib/thumb/v7e-m/nofp/libstdc++_nano.a
LOAD /media/squanixmachine/SqxOntheGo/Apps/GNU_ARM/gcc-arm-none-eabi-10-2020-q4-major/bin/../lib/gcc/arm-none-eabi/10.2.1/../../../../arm-none-eabi/lib/thumb/v7e-m/nofp/libm.a
START GROUP
LOAD /media/squanixmachine/SqxOntheGo/Apps/GNU_ARM/gcc-arm-none-eabi-10-2020-q4-major/bin/../lib/gcc/arm-none-eabi/10.2.1/thumb/v7e-m/nofp/libgcc.a
LOAD /media/squanixmachine/SqxOntheGo/Apps/GNU_ARM/gcc-arm-none-eabi-10-2020-q4-major/bin/../lib/gcc/arm-none-eabi/10.2.1/../../../../arm-none-eabi/lib/thumb/v7e-m/nofp/libg_nano.a
LOAD /media/squanixmachine/SqxOntheGo/Apps/GNU_ARM/gcc-arm-none-eabi-10-2020-q4-major/bin/../lib/gcc/arm-none-eabi/10.2.1/../../../../arm-none-eabi/lib/thumb/v7e-m/nofp/libc_nano.a
END GROUP
START GROUP
LOAD /media/squanixmachine/SqxOntheGo/Apps/GNU_ARM/gcc-arm-none-eabi-10-2020-q4-major/bin/../lib/gcc/arm-none-eabi/10.2.1/thumb/v7e-m/nofp/libgcc.a
LOAD /media/squanixmachine/SqxOntheGo/Apps/GNU_ARM/gcc-arm-none-eabi-10-2020-q4-major/bin/../lib/gcc/arm-none-eabi/10.2.1/../../../../arm-none-eabi/lib/thumb/v7e-m/nofp/libc_nano.a
END GROUP
                0x0000000020020000                __stack = (ORIGIN (RAM) + LENGTH (RAM))
                0x0000000020020000                _estack = __stack
                0x0000000000000400                __Main_Stack_Size = 0x400
                [!provide]                        PROVIDE (_Main_Stack_Size = __Main_Stack_Size)
                0x000000002001fc00                __Main_Stack_Limit = (__stack - __Main_Stack_Size)
                [!provide]                        PROVIDE (_Main_Stack_Limit = __Main_Stack_Limit)
                0x0000000000000100                _Minimum_Stack_Size = 0x100
                0x0000000020000120                PROVIDE (_Heap_Begin = _end_noinit)
                0x000000002001fc00                PROVIDE (_Heap_Limit = (__stack - __Main_Stack_Size))

.isr_vector     0x0000000008000000      0x3f8
 FILL mask 0xff
                0x0000000008000000                __vectors_start = ABSOLUTE (.)
                0x0000000008000000                __vectors_start__ = ABSOLUTE (.)
 *(.isr_vector)
 .isr_vector    0x0000000008000000      0x198 ./system/src/cmsis/vectors_stm32f411xe.o
                0x0000000008000000                __isr_vectors
 *(.cfmconfig)
 *(.after_vectors .after_vectors.*)
 .after_vectors
                0x0000000008000198      0x130 ./system/src/newlib/_startup.o
                0x0000000008000198                _start
 .after_vectors
                0x00000000080002c8      0x12c ./system/src/cortexm/exception_handlers.o
                0x00000000080002c8                Reset_Handler
                0x00000000080002ce                NMI_Handler
                0x00000000080002d2                HardFault_Handler
                0x00000000080002e6                HardFault_Handler_C
                0x0000000008000344                MemManage_Handler
                0x0000000008000348                BusFault_Handler
                0x000000000800035c                BusFault_Handler_C
                0x0000000008000390                UsageFault_Handler
                0x00000000080003a4                UsageFault_Handler_C
                0x00000000080003d8                SVC_Handler
                0x00000000080003dc                DebugMon_Handler
                0x00000000080003e0                PendSV_Handler
 .after_vectors
                0x00000000080003f4        0x4 ./system/src/cmsis/vectors_stm32f411xe.o
                0x00000000080003f4                RTC_Alarm_IRQHandler
                0x00000000080003f4                EXTI2_IRQHandler
                0x00000000080003f4                SPI4_IRQHandler
                0x00000000080003f4                TIM1_CC_IRQHandler
                0x00000000080003f4                DMA2_Stream5_IRQHandler
                0x00000000080003f4                DMA1_Stream5_IRQHandler
                0x00000000080003f4                PVD_IRQHandler
                0x00000000080003f4                SDIO_IRQHandler
                0x00000000080003f4                TAMP_STAMP_IRQHandler
                0x00000000080003f4                EXTI3_IRQHandler
                0x00000000080003f4                TIM1_UP_TIM10_IRQHandler
                0x00000000080003f4                I2C3_ER_IRQHandler
                0x00000000080003f4                EXTI0_IRQHandler
                0x00000000080003f4                I2C2_EV_IRQHandler
                0x00000000080003f4                DMA1_Stream2_IRQHandler
                0x00000000080003f4                FPU_IRQHandler
                0x00000000080003f4                DMA2_Stream2_IRQHandler
                0x00000000080003f4                SPI1_IRQHandler
                0x00000000080003f4                TIM1_BRK_TIM9_IRQHandler
                0x00000000080003f4                DMA2_Stream3_IRQHandler
                0x00000000080003f4                USART6_IRQHandler
                0x00000000080003f4                DMA2_Stream0_IRQHandler
                0x00000000080003f4                TIM4_IRQHandler
                0x00000000080003f4                I2C1_EV_IRQHandler
                0x00000000080003f4                DMA1_Stream6_IRQHandler
                0x00000000080003f4                DMA1_Stream1_IRQHandler
                0x00000000080003f4                TIM3_IRQHandler
                0x00000000080003f4                RCC_IRQHandler
                0x00000000080003f4                Default_Handler
                0x00000000080003f4                EXTI15_10_IRQHandler
                0x00000000080003f4                ADC_IRQHandler
                0x00000000080003f4                DMA1_Stream7_IRQHandler
                0x00000000080003f4                SPI5_IRQHandler
                0x00000000080003f4                TIM5_IRQHandler
                0x00000000080003f4                DMA2_Stream7_IRQHandler
                0x00000000080003f4                I2C3_EV_IRQHandler
                0x00000000080003f4                EXTI9_5_IRQHandler
                0x00000000080003f4                RTC_WKUP_IRQHandler
                0x00000000080003f4                SPI2_IRQHandler
                0x00000000080003f4                DMA1_Stream0_IRQHandler
                0x00000000080003f4                EXTI4_IRQHandler
                0x00000000080003f4                WWDG_IRQHandler
                0x00000000080003f4                TIM2_IRQHandler
                0x00000000080003f4                OTG_FS_WKUP_IRQHandler
                0x00000000080003f4                TIM1_TRG_COM_TIM11_IRQHandler
                0x00000000080003f4                EXTI1_IRQHandler
                0x00000000080003f4                USART2_IRQHandler
                0x00000000080003f4                I2C2_ER_IRQHandler
                0x00000000080003f4                DMA2_Stream1_IRQHandler
                0x00000000080003f4                FLASH_IRQHandler
                0x00000000080003f4                DMA2_Stream4_IRQHandler
                0x00000000080003f4                USART1_IRQHandler
                0x00000000080003f4                OTG_FS_IRQHandler
                0x00000000080003f4                SPI3_IRQHandler
                0x00000000080003f4                DMA1_Stream4_IRQHandler
                0x00000000080003f4                I2C1_ER_IRQHandler
                0x00000000080003f4                DMA2_Stream6_IRQHandler
                0x00000000080003f4                DMA1_Stream3_IRQHandler

.inits          0x00000000080003f8       0x28
                0x00000000080003f8                __data_regions_array_start = .
                0x00000000080003f8        0x4 LONG 0x80020c8 LOADADDR (.data)
                0x00000000080003fc        0x4 LONG 0x20000000 ADDR (.data)
                0x0000000008000400        0x4 LONG 0x20000078 (ADDR (.data) + SIZEOF (.data))
                0x0000000008000404        0x4 LONG 0x80020c8 LOADADDR (.data_CCMRAM)
                0x0000000008000408        0x4 LONG 0x10000000 ADDR (.data_CCMRAM)
                0x000000000800040c        0x4 LONG 0x10000000 (ADDR (.data_CCMRAM) + SIZEOF (.data_CCMRAM))
                0x0000000008000410                __data_regions_array_end = .
                0x0000000008000410                __bss_regions_array_start = .
                0x0000000008000410        0x4 LONG 0x20000078 ADDR (.bss)
                0x0000000008000414        0x4 LONG 0x20000120 (ADDR (.bss) + SIZEOF (.bss))
                0x0000000008000418        0x4 LONG 0x10000000 ADDR (.bss_CCMRAM)
                0x000000000800041c        0x4 LONG 0x10000000 (ADDR (.bss_CCMRAM) + SIZEOF (.bss_CCMRAM))
                0x0000000008000420                __bss_regions_array_end = .
 *(.init)
 *(.fini)
                0x0000000008000420                . = ALIGN (0x4)
                0x0000000008000420                PROVIDE (__preinit_array_start = .)
 *(.preinit_array_sysinit .preinit_array_sysinit.*)
 *(.preinit_array_platform .preinit_array_platform.*)
 *(.preinit_array .preinit_array.*)
                0x0000000008000420                PROVIDE (__preinit_array_end = .)
                0x0000000008000420                . = ALIGN (0x4)
                0x0000000008000420                PROVIDE (__init_array_start = .)
 *(SORT_BY_NAME(.init_array.*))
 *(.init_array)
                0x0000000008000420                PROVIDE (__init_array_end = .)
                0x0000000008000420                . = ALIGN (0x4)
                0x0000000008000420                PROVIDE (__fini_array_start = .)
 *(SORT_BY_NAME(.fini_array.*))
 *(.fini_array)
                0x0000000008000420                PROVIDE (__fini_array_end = .)

.flashtext
 *(.flashtext .flashtext.*)

.text           0x0000000008000420     0x1ca6
 *(.text .text.*)
 .text.HAL_InitTick
                0x0000000008000420       0x2c ./system/src/stm32f4-hal/stm32f4xx_hal.o
                0x0000000008000420                HAL_InitTick
 .text.HAL_Init
                0x000000000800044c       0x34 ./system/src/stm32f4-hal/stm32f4xx_hal.o
                0x000000000800044c                HAL_Init
 .text.HAL_IncTick
                0x0000000008000480       0x10 ./system/src/stm32f4-hal/stm32f4xx_hal.o
                0x0000000008000480                HAL_IncTick
 .text.HAL_GetTick
                0x0000000008000490        0xc ./system/src/stm32f4-hal/stm32f4xx_hal.o
                0x0000000008000490                HAL_GetTick
 .text.HAL_NVIC_SetPriorityGrouping
                0x000000000800049c       0x3c ./system/src/stm32f4-hal/stm32f4xx_hal_cortex.o
                0x000000000800049c                HAL_NVIC_SetPriorityGrouping
 .text.HAL_NVIC_SetPriority
                0x00000000080004d8       0x8c ./system/src/stm32f4-hal/stm32f4xx_hal_cortex.o
                0x00000000080004d8                HAL_NVIC_SetPriority
 .text.HAL_SYSTICK_Config
                0x0000000008000564       0x28 ./system/src/stm32f4-hal/stm32f4xx_hal_cortex.o
                0x0000000008000564                HAL_SYSTICK_Config
 .text.HAL_SYSTICK_CLKSourceConfig
                0x000000000800058c       0x3c ./system/src/stm32f4-hal/stm32f4xx_hal_cortex.o
                0x000000000800058c                HAL_SYSTICK_CLKSourceConfig
 .text.HAL_GPIO_Init
                0x00000000080005c8      0x2a4 ./system/src/stm32f4-hal/stm32f4xx_hal_gpio.o
                0x00000000080005c8                HAL_GPIO_Init
 .text.HAL_GPIO_WritePin
                0x000000000800086c       0x38 ./system/src/stm32f4-hal/stm32f4xx_hal_gpio.o
                0x000000000800086c                HAL_GPIO_WritePin
 .text.HAL_RCC_OscConfig
                0x00000000080008a4      0x438 ./system/src/stm32f4-hal/stm32f4xx_hal_rcc.o
                0x00000000080008a4                HAL_RCC_OscConfig
 .text.HAL_RCC_GetSysClockFreq
                0x0000000008000cdc       0x98 ./system/src/stm32f4-hal/stm32f4xx_hal_rcc.o
                0x0000000008000cdc                HAL_RCC_GetSysClockFreq
 .text.HAL_RCC_ClockConfig
                0x0000000008000d74      0x258 ./system/src/stm32f4-hal/stm32f4xx_hal_rcc.o
                0x0000000008000d74                HAL_RCC_ClockConfig
 .text.HAL_RCC_GetHCLKFreq
                0x0000000008000fcc        0xc ./system/src/stm32f4-hal/stm32f4xx_hal_rcc.o
                0x0000000008000fcc                HAL_RCC_GetHCLKFreq
 .text._exit    0x0000000008000fd8        0x2 ./system/src/newlib/_exit.o
                0x0000000008000fd8                _exit
 *fill*         0x0000000008000fda        0x2 
 .text.abort    0x0000000008000fdc       0x14 ./system/src/newlib/_exit.o
                0x0000000008000fdc                abort
 .text._sbrk    0x0000000008000ff0       0x44 ./system/src/newlib/_sbrk.o
                0x0000000008000ff0                _sbrk
 .text.__initialize_args
                0x0000000008001034       0x10 ./system/src/newlib/_syscalls.o
                0x0000000008001034                __initialize_args
 .text.assert_failed
                0x0000000008001044       0x14 ./system/src/newlib/assert.o
                0x0000000008001044                assert_failed
 .text.trace_printf
                0x0000000008001058       0x34 ./system/src/diag/Trace.o
                0x0000000008001058                trace_printf
 .text.trace_puts
                0x000000000800108c       0x20 ./system/src/diag/Trace.o
                0x000000000800108c                trace_puts
 .text._trace_write_semihosting_debug
                0x00000000080010ac       0x60 ./system/src/diag/trace_impl.o
 .text.trace_write
                0x000000000800110c        0x8 ./system/src/diag/trace_impl.o
                0x000000000800110c                trace_write
 .text.__initialize_hardware_early
                0x0000000008001114       0x18 ./system/src/cortexm/_initialize_hardware.o
                0x0000000008001114                __initialize_hardware_early
 .text.dumpExceptionStack
                0x000000000800112c       0xf4 ./system/src/cortexm/exception_handlers.o
                0x000000000800112c                dumpExceptionStack
 .text.isSemihosting
                0x0000000008001220       0x20 ./system/src/cortexm/exception_handlers.o
                0x0000000008001220                isSemihosting
 .text.SystemInit
                0x0000000008001240       0x40 ./system/src/cmsis/system_stm32f4xx.o
                0x0000000008001240                SystemInit
 .text.SystemCoreClockUpdate
                0x0000000008001280       0xa0 ./system/src/cmsis/system_stm32f4xx.o
                0x0000000008001280                SystemCoreClockUpdate
 .text.blink_led_init
                0x0000000008001320       0x34 ./src/BlinkLed.o
                0x0000000008001320                blink_led_init
 .text.timer_start
                0x0000000008001354       0x38 ./src/Timer.o
                0x0000000008001354                timer_start
 .text.timer_sleep
                0x000000000800138c       0x14 ./src/Timer.o
                0x000000000800138c                timer_sleep
 .text.timer_tick
                0x00000000080013a0       0x14 ./src/Timer.o
                0x00000000080013a0                timer_tick
 .text.SysTick_Handler
                0x00000000080013b4        0xc ./src/Timer.o
                0x00000000080013b4                SysTick_Handler
 .text.SystemClock_Config
                0x00000000080013c0       0x98 ./src/_initialize_hardware.o
                0x00000000080013c0                SystemClock_Config
 .text.__initialize_hardware
                0x0000000008001458       0x10 ./src/_initialize_hardware.o
                0x0000000008001458                __initialize_hardware
 .text.main     0x0000000008001468       0x68 ./src/main.o
                0x0000000008001468                main
 .text.HAL_MspInit
                0x00000000080014d0        0x2 ./src/stm32f4xx_hal_msp.o
                0x00000000080014d0                HAL_MspInit
 *fill*         0x00000000080014d2        0x2 
 .text.__errno  0x00000000080014d4        0xc /media/squanixmachine/SqxOntheGo/Apps/GNU_ARM/gcc-arm-none-eabi-10-2020-q4-major/bin/../lib/gcc/arm-none-eabi/10.2.1/../../../../arm-none-eabi/lib/thumb/v7e-m/nofp/libg_nano.a(lib_a-errno.o)
                0x00000000080014d4                __errno
 .text          0x00000000080014e0       0x10 /media/squanixmachine/SqxOntheGo/Apps/GNU_ARM/gcc-arm-none-eabi-10-2020-q4-major/bin/../lib/gcc/arm-none-eabi/10.2.1/../../../../arm-none-eabi/lib/thumb/v7e-m/nofp/libg_nano.a(lib_a-strlen.o)
                0x00000000080014e0                strlen
 .text._vsnprintf_r
                0x00000000080014f0       0x56 /media/squanixmachine/SqxOntheGo/Apps/GNU_ARM/gcc-arm-none-eabi-10-2020-q4-major/bin/../lib/gcc/arm-none-eabi/10.2.1/../../../../arm-none-eabi/lib/thumb/v7e-m/nofp/libg_nano.a(lib_a-vsnprintf.o)
                0x00000000080014f0                _vsnprintf_r
                0x00000000080014f0                _vsniprintf_r
 *fill*         0x0000000008001546        0x2 
 .text.vsnprintf
                0x0000000008001548       0x1c /media/squanixmachine/SqxOntheGo/Apps/GNU_ARM/gcc-arm-none-eabi-10-2020-q4-major/bin/../lib/gcc/arm-none-eabi/10.2.1/../../../../arm-none-eabi/lib/thumb/v7e-m/nofp/libg_nano.a(lib_a-vsnprintf.o)
                0x0000000008001548                vsnprintf
                0x0000000008001548                vsniprintf
 .text.__ssputs_r
                0x0000000008001564       0xb6 /media/squanixmachine/SqxOntheGo/Apps/GNU_ARM/gcc-arm-none-eabi-10-2020-q4-major/bin/../lib/gcc/arm-none-eabi/10.2.1/../../../../arm-none-eabi/lib/thumb/v7e-m/nofp/libg_nano.a(lib_a-nano-svfprintf.o)
                0x0000000008001564                __ssputs_r
 *fill*         0x000000000800161a        0x2 
 .text._svfprintf_r
                0x000000000800161c      0x200 /media/squanixmachine/SqxOntheGo/Apps/GNU_ARM/gcc-arm-none-eabi-10-2020-q4-major/bin/../lib/gcc/arm-none-eabi/10.2.1/../../../../arm-none-eabi/lib/thumb/v7e-m/nofp/libg_nano.a(lib_a-nano-svfprintf.o)
                0x000000000800161c                _svfprintf_r
                0x000000000800161c                _svfiprintf_r
 .text._printf_common
                0x000000000800181c       0xda /media/squanixmachine/SqxOntheGo/Apps/GNU_ARM/gcc-arm-none-eabi-10-2020-q4-major/bin/../lib/gcc/arm-none-eabi/10.2.1/../../../../arm-none-eabi/lib/thumb/v7e-m/nofp/libg_nano.a(lib_a-nano-vfprintf_i.o)
                0x000000000800181c                _printf_common
 *fill*         0x00000000080018f6        0x2 
 .text._printf_i
                0x00000000080018f8      0x24c /media/squanixmachine/SqxOntheGo/Apps/GNU_ARM/gcc-arm-none-eabi-10-2020-q4-major/bin/../lib/gcc/arm-none-eabi/10.2.1/../../../../arm-none-eabi/lib/thumb/v7e-m/nofp/libg_nano.a(lib_a-nano-vfprintf_i.o)
                0x00000000080018f8                _printf_i
 *fill*         0x0000000008001b44        0xc 
 .text          0x0000000008001b50       0xa0 /media/squanixmachine/SqxOntheGo/Apps/GNU_ARM/gcc-arm-none-eabi-10-2020-q4-major/bin/../lib/gcc/arm-none-eabi/10.2.1/../../../../arm-none-eabi/lib/thumb/v7e-m/nofp/libg_nano.a(lib_a-memchr.o)
                0x0000000008001b50                memchr
 .text.memcpy   0x0000000008001bf0       0x1c /media/squanixmachine/SqxOntheGo/Apps/GNU_ARM/gcc-arm-none-eabi-10-2020-q4-major/bin/../lib/gcc/arm-none-eabi/10.2.1/../../../../arm-none-eabi/lib/thumb/v7e-m/nofp/libg_nano.a(lib_a-memcpy-stub.o)
                0x0000000008001bf0                memcpy
 .text.memmove  0x0000000008001c0c       0x34 /media/squanixmachine/SqxOntheGo/Apps/GNU_ARM/gcc-arm-none-eabi-10-2020-q4-major/bin/../lib/gcc/arm-none-eabi/10.2.1/../../../../arm-none-eabi/lib/thumb/v7e-m/nofp/libg_nano.a(lib_a-memmove.o)
                0x0000000008001c0c                memmove
 .text._free_r  0x0000000008001c40       0x94 /media/squanixmachine/SqxOntheGo/Apps/GNU_ARM/gcc-arm-none-eabi-10-2020-q4-major/bin/../lib/gcc/arm-none-eabi/10.2.1/../../../../arm-none-eabi/lib/thumb/v7e-m/nofp/libg_nano.a(lib_a-nano-freer.o)
                0x0000000008001c40                _free_r
 .text._malloc_r
                0x0000000008001cd4       0xb4 /media/squanixmachine/SqxOntheGo/Apps/GNU_ARM/gcc-arm-none-eabi-10-2020-q4-major/bin/../lib/gcc/arm-none-eabi/10.2.1/../../../../arm-none-eabi/lib/thumb/v7e-m/nofp/libg_nano.a(lib_a-nano-mallocr.o)
                0x0000000008001cd4                _malloc_r
 .text._realloc_r
                0x0000000008001d88       0x4c /media/squanixmachine/SqxOntheGo/Apps/GNU_ARM/gcc-arm-none-eabi-10-2020-q4-major/bin/../lib/gcc/arm-none-eabi/10.2.1/../../../../arm-none-eabi/lib/thumb/v7e-m/nofp/libg_nano.a(lib_a-nano-reallocr.o)
                0x0000000008001d88                _realloc_r
 .text._sbrk_r  0x0000000008001dd4       0x20 /media/squanixmachine/SqxOntheGo/Apps/GNU_ARM/gcc-arm-none-eabi-10-2020-q4-major/bin/../lib/gcc/arm-none-eabi/10.2.1/../../../../arm-none-eabi/lib/thumb/v7e-m/nofp/libg_nano.a(lib_a-sbrkr.o)
                0x0000000008001dd4                _sbrk_r
 .text.__malloc_lock
                0x0000000008001df4        0xc /media/squanixmachine/SqxOntheGo/Apps/GNU_ARM/gcc-arm-none-eabi-10-2020-q4-major/bin/../lib/gcc/arm-none-eabi/10.2.1/../../../../arm-none-eabi/lib/thumb/v7e-m/nofp/libg_nano.a(lib_a-mlock.o)
                0x0000000008001df4                __malloc_lock
 .text.__malloc_unlock
                0x0000000008001e00        0xc /media/squanixmachine/SqxOntheGo/Apps/GNU_ARM/gcc-arm-none-eabi-10-2020-q4-major/bin/../lib/gcc/arm-none-eabi/10.2.1/../../../../arm-none-eabi/lib/thumb/v7e-m/nofp/libg_nano.a(lib_a-mlock.o)
                0x0000000008001e00                __malloc_unlock
 .text._malloc_usable_size_r
                0x0000000008001e0c       0x10 /media/squanixmachine/SqxOntheGo/Apps/GNU_ARM/gcc-arm-none-eabi-10-2020-q4-major/bin/../lib/gcc/arm-none-eabi/10.2.1/../../../../arm-none-eabi/lib/thumb/v7e-m/nofp/libg_nano.a(lib_a-nano-msizer.o)
                0x0000000008001e0c                _malloc_usable_size_r
 .text.__retarget_lock_acquire_recursive
                0x0000000008001e1c        0x2 /media/squanixmachine/SqxOntheGo/Apps/GNU_ARM/gcc-arm-none-eabi-10-2020-q4-major/bin/../lib/gcc/arm-none-eabi/10.2.1/../../../../arm-none-eabi/lib/thumb/v7e-m/nofp/libg_nano.a(lib_a-lock.o)
                0x0000000008001e1c                __retarget_lock_acquire_recursive
 .text.__retarget_lock_release_recursive
                0x0000000008001e1e        0x2 /media/squanixmachine/SqxOntheGo/Apps/GNU_ARM/gcc-arm-none-eabi-10-2020-q4-major/bin/../lib/gcc/arm-none-eabi/10.2.1/../../../../arm-none-eabi/lib/thumb/v7e-m/nofp/libg_nano.a(lib_a-lock.o)
                0x0000000008001e1e                __retarget_lock_release_recursive
 *(.rodata .rodata.* .constdata .constdata.*)
 .rodata.HAL_NVIC_SetPriorityGrouping.str1.4
                0x0000000008001e20       0x31 ./system/src/stm32f4-hal/stm32f4xx_hal_cortex.o
 *fill*         0x0000000008001e51        0x3 
 .rodata.HAL_GPIO_Init.str1.4
                0x0000000008001e54       0x2f ./system/src/stm32f4-hal/stm32f4xx_hal_gpio.o
 *fill*         0x0000000008001e83        0x1 
 .rodata.HAL_RCC_OscConfig.str1.4
                0x0000000008001e84       0x2e ./system/src/stm32f4-hal/stm32f4xx_hal_rcc.o
 *fill*         0x0000000008001eb2        0x2 
 .rodata.APBAHBPrescTable
                0x0000000008001eb4       0x10 ./system/src/stm32f4-hal/stm32f4xx_hal_rcc.o
                0x0000000008001eb4                APBAHBPrescTable
 .rodata.abort.str1.4
                0x0000000008001ec4       0x14 ./system/src/newlib/_exit.o
 .rodata.assert_failed.str1.4
                0x0000000008001ed8       0x2b ./system/src/newlib/assert.o
 .rodata.trace_puts.str1.4
                0x0000000008001f03       0x2b ./system/src/diag/Trace.o
                                          0x2 (size before relaxing)
 *fill*         0x0000000008001f03        0x1 
 .rodata.dumpExceptionStack.str1.4
                0x0000000008001f04      0x11a ./system/src/cortexm/exception_handlers.o
 *fill*         0x000000000800201e        0x2 
 .rodata.str1.4
                0x0000000008002020       0x2a ./system/src/cortexm/exception_handlers.o
 *fill*         0x000000000800204a        0x2 
 .rodata.AHBPrescTable
                0x000000000800204c       0x10 ./system/src/cmsis/system_stm32f4xx.o
                0x000000000800204c                AHBPrescTable
 .rodata.main.str1.4
                0x000000000800205c       0x37 ./src/main.o
 .rodata._svfprintf_r.str1.1
                0x0000000008002093       0x11 /media/squanixmachine/SqxOntheGo/Apps/GNU_ARM/gcc-arm-none-eabi-10-2020-q4-major/bin/../lib/gcc/arm-none-eabi/10.2.1/../../../../arm-none-eabi/lib/thumb/v7e-m/nofp/libg_nano.a(lib_a-nano-svfprintf.o)
 .rodata._printf_i.str1.1
                0x00000000080020a4       0x22 /media/squanixmachine/SqxOntheGo/Apps/GNU_ARM/gcc-arm-none-eabi-10-2020-q4-major/bin/../lib/gcc/arm-none-eabi/10.2.1/../../../../arm-none-eabi/lib/thumb/v7e-m/nofp/libg_nano.a(lib_a-nano-vfprintf_i.o)
 *(vtable)
 *(.eh_frame*)
 *(.glue_7)
 .glue_7        0x00000000080020c6        0x0 linker stubs
 *(.glue_7t)
 .glue_7t       0x00000000080020c6        0x0 linker stubs

.vfp11_veneer   0x00000000080020c8        0x0
 .vfp11_veneer  0x00000000080020c8        0x0 linker stubs

.v4_bx          0x00000000080020c8        0x0
 .v4_bx         0x00000000080020c8        0x0 linker stubs

.iplt           0x00000000080020c8        0x0
 .iplt          0x00000000080020c8        0x0 ./system/src/stm32f4-hal/stm32f4xx_hal.o

.rel.dyn        0x00000000080020c8        0x0
 .rel.iplt      0x00000000080020c8        0x0 ./system/src/stm32f4-hal/stm32f4xx_hal.o

.ARM.extab
 *(.ARM.extab* .gnu.linkonce.armextab.*)
                0x00000000080020c8                . = ALIGN (0x4)
                0x00000000080020c8                __exidx_start = .

.ARM.exidx
 *(.ARM.exidx* .gnu.linkonce.armexidx.*)
                0x00000000080020c8                __exidx_end = .
                0x00000000080020c8                . = ALIGN (0x4)
                0x00000000080020c8                _etext = .
                0x00000000080020c8                __etext = .

.data_CCMRAM    0x0000000010000000        0x0 load address 0x00000000080020c8
 FILL mask 0xff
 *(.data.CCMRAM .data.CCMRAM.*)
                0x0000000010000000                . = ALIGN (0x4)
                0x00000000080020c8                _sidata = LOADADDR (.data)

.data           0x0000000020000000       0x78 load address 0x00000000080020c8
 FILL mask 0xff
                0x0000000020000000                _sdata = .
                0x0000000020000000                __data_start__ = .
 *(.data_begin .data_begin.*)
 .data_begin    0x0000000020000000        0x4 ./system/src/newlib/_startup.o
 *(.data .data.*)
 .data.argv.1   0x0000000020000004        0x8 ./system/src/newlib/_syscalls.o
 .data.SystemCoreClock
                0x000000002000000c        0x4 ./system/src/cmsis/system_stm32f4xx.o
                0x000000002000000c                SystemCoreClock
 .data._impure_ptr
                0x0000000020000010        0x4 /media/squanixmachine/SqxOntheGo/Apps/GNU_ARM/gcc-arm-none-eabi-10-2020-q4-major/bin/../lib/gcc/arm-none-eabi/10.2.1/../../../../arm-none-eabi/lib/thumb/v7e-m/nofp/libg_nano.a(lib_a-impure.o)
                0x0000000020000010                _impure_ptr
 .data.impure_data
                0x0000000020000014       0x60 /media/squanixmachine/SqxOntheGo/Apps/GNU_ARM/gcc-arm-none-eabi-10-2020-q4-major/bin/../lib/gcc/arm-none-eabi/10.2.1/../../../../arm-none-eabi/lib/thumb/v7e-m/nofp/libg_nano.a(lib_a-impure.o)
 *(.data_end .data_end.*)
 .data_end      0x0000000020000074        0x4 ./system/src/newlib/_startup.o
                0x0000000020000078                . = ALIGN (0x4)
                0x0000000020000078                _edata = .
                0x0000000020000078                __data_end__ = .

.igot.plt       0x0000000020000078        0x0 load address 0x0000000008002140
 .igot.plt      0x0000000020000078        0x0 ./system/src/stm32f4-hal/stm32f4xx_hal.o

.bss_CCMRAM     0x0000000010000000        0x0
 *(.bss.CCMRAM .bss.CCMRAM.*)

.bss            0x0000000020000078       0xa8
                0x0000000020000078                __bss_start__ = .
                0x0000000020000078                _sbss = .
 *(.bss_begin .bss_begin.*)
 .bss_begin     0x0000000020000078        0x4 ./system/src/newlib/_startup.o
 *(.bss .bss.*)
 .bss.uwTick    0x000000002000007c        0x4 ./system/src/stm32f4-hal/stm32f4xx_hal.o
                0x000000002000007c                uwTick
 .bss.current_heap_end.0
                0x0000000020000080        0x4 ./system/src/newlib/_sbrk.o
 .bss.errno     0x0000000020000084        0x4 ./system/src/newlib/_syscalls.o
                0x0000000020000084                errno
 .bss.name.0    0x0000000020000088        0x1 ./system/src/newlib/_syscalls.o
 *fill*         0x0000000020000089        0x3 
 .bss.buf.0     0x000000002000008c       0x80 ./system/src/diag/Trace.o
 .bss.timer_delayCount
                0x000000002000010c        0x4 ./src/Timer.o
                0x000000002000010c                timer_delayCount
 .bss.__malloc_free_list
                0x0000000020000110        0x4 /media/squanixmachine/SqxOntheGo/Apps/GNU_ARM/gcc-arm-none-eabi-10-2020-q4-major/bin/../lib/gcc/arm-none-eabi/10.2.1/../../../../arm-none-eabi/lib/thumb/v7e-m/nofp/libg_nano.a(lib_a-nano-mallocr.o)
                0x0000000020000110                __malloc_free_list
 .bss.__malloc_sbrk_start
                0x0000000020000114        0x4 /media/squanixmachine/SqxOntheGo/Apps/GNU_ARM/gcc-arm-none-eabi-10-2020-q4-major/bin/../lib/gcc/arm-none-eabi/10.2.1/../../../../arm-none-eabi/lib/thumb/v7e-m/nofp/libg_nano.a(lib_a-nano-mallocr.o)
                0x0000000020000114                __malloc_sbrk_start
 .bss.__lock___malloc_recursive_mutex
                0x0000000020000118        0x1 /media/squanixmachine/SqxOntheGo/Apps/GNU_ARM/gcc-arm-none-eabi-10-2020-q4-major/bin/../lib/gcc/arm-none-eabi/10.2.1/../../../../arm-none-eabi/lib/thumb/v7e-m/nofp/libg_nano.a(lib_a-lock.o)
                0x0000000020000118                __lock___malloc_recursive_mutex
 *(COMMON)
 *(.bss_end .bss_end.*)
 *fill*         0x0000000020000119        0x3 
 .bss_end       0x000000002000011c        0x4 ./system/src/newlib/_startup.o
                0x0000000020000120                . = ALIGN (0x4)
                0x0000000020000120                __bss_end__ = .
                0x0000000020000120                _ebss = .

.noinit_CCMRAM
 *(.noinit.CCMRAM .noinit.CCMRAM.*)

.noinit         0x0000000020000120        0x0
                0x0000000020000120                _noinit = .
 *(.noinit .noinit.*)
                0x0000000020000120                . = ALIGN (0x4)
                0x0000000020000120                _end_noinit = .
                [!provide]                        PROVIDE (end = _end_noinit)
                [!provide]                        PROVIDE (_end = _end_noinit)
                [!provide]                        PROVIDE (__end = _end_noinit)
                [!provide]                        PROVIDE (__end__ = _end_noinit)

._check_stack   0x0000000020000120      0x100
                0x0000000020000220                . = (. + _Minimum_Stack_Size)
 *fill*         0x0000000020000120      0x100 

.b1text
 *(.b1text)
 *(.b1rodata)
 *(.b1rodata.*)

.eb0text
 *(.eb0text)
 *(.eb0rodata)
 *(.eb0rodata.*)

.eb1text
 *(.eb1text)
 *(.eb1rodata)
 *(.eb1rodata.*)

.eb2text
 *(.eb2text)
 *(.eb2rodata)
 *(.eb2rodata.*)

.eb3text
 *(.eb3text)
 *(.eb3rodata)
 *(.eb3rodata.*)

.stab
 *(.stab)

.stabstr
 *(.stabstr)

.stab.excl
 *(.stab.excl)

.stab.exclstr
 *(.stab.exclstr)

.stab.index
 *(.stab.index)

.stab.indexstr
 *(.stab.indexstr)

.comment        0x0000000000000000       0x4d
 *(.comment)
 .comment       0x0000000000000000       0x4d ./system/src/stm32f4-hal/stm32f4xx_hal.o
                                         0x4e (size before relaxing)
 .comment       0x000000000000004d       0x4e ./system/src/stm32f4-hal/stm32f4xx_hal_cortex.o
 .comment       0x000000000000004d       0x4e ./system/src/stm32f4-hal/stm32f4xx_hal_gpio.o
 .comment       0x000000000000004d       0x4e ./system/src/stm32f4-hal/stm32f4xx_hal_rcc.o
 .comment       0x000000000000004d       0x4e ./system/src/newlib/_exit.o
 .comment       0x000000000000004d       0x4e ./system/src/newlib/_sbrk.o
 .comment       0x000000000000004d       0x4e ./system/src/newlib/_startup.o
 .comment       0x000000000000004d       0x4e ./system/src/newlib/_syscalls.o
 .comment       0x000000000000004d       0x4e ./system/src/newlib/assert.o
 .comment       0x000000000000004d       0x4e ./system/src/diag/Trace.o
 .comment       0x000000000000004d       0x4e ./system/src/diag/trace_impl.o
 .comment       0x000000000000004d       0x4e ./system/src/cortexm/_initialize_hardware.o
 .comment       0x000000000000004d       0x4e ./system/src/cortexm/exception_handlers.o
 .comment       0x000000000000004d       0x4e ./system/src/cmsis/system_stm32f4xx.o
 .comment       0x000000000000004d       0x4e ./system/src/cmsis/vectors_stm32f411xe.o
 .comment       0x000000000000004d       0x4e ./src/BlinkLed.o
 .comment       0x000000000000004d       0x4e ./src/Timer.o
 .comment       0x000000000000004d       0x4e ./src/_initialize_hardware.o
 .comment       0x000000000000004d       0x4e ./src/main.o
 .comment       0x000000000000004d       0x4e ./src/stm32f4xx_hal_msp.o

.ARM.attributes
                0x0000000000000000       0x2c
 .ARM.attributes
                0x0000000000000000       0x2e ./system/src/stm32f4-hal/stm32f4xx_hal.o
 .ARM.attributes
                0x000000000000002e       0x2e ./system/src/stm32f4-hal/stm32f4xx_hal_cortex.o
 .ARM.attributes
                0x000000000000005c       0x2e ./system/src/stm32f4-hal/stm32f4xx_hal_gpio.o
 .ARM.attributes
                0x000000000000008a       0x2e ./system/src/stm32f4-hal/stm32f4xx_hal_rcc.o
 .ARM.attributes
                0x00000000000000b8       0x2e ./system/src/newlib/_exit.o
 .ARM.attributes
                0x00000000000000e6       0x2e ./system/src/newlib/_sbrk.o
 .ARM.attributes
                0x0000000000000114       0x2e ./system/src/newlib/_startup.o
 .ARM.attributes
                0x0000000000000142       0x2e ./system/src/newlib/_syscalls.o
 .ARM.attributes
                0x0000000000000170       0x2e ./system/src/newlib/assert.o
 .ARM.attributes
                0x000000000000019e       0x2e ./system/src/diag/Trace.o
 .ARM.attributes
                0x00000000000001cc       0x2e ./system/src/diag/trace_impl.o
 .ARM.attributes
                0x00000000000001fa       0x2e ./system/src/cortexm/_initialize_hardware.o
 .ARM.attributes
                0x0000000000000228       0x2e ./system/src/cortexm/exception_handlers.o
 .ARM.attributes
                0x0000000000000256       0x2e ./system/src/cmsis/system_stm32f4xx.o
 .ARM.attributes
                0x0000000000000284       0x2e ./system/src/cmsis/vectors_stm32f411xe.o
 .ARM.attributes
                0x00000000000002b2       0x2e ./src/BlinkLed.o
 .ARM.attributes
                0x00000000000002e0       0x2e ./src/Timer.o
 .ARM.attributes
                0x000000000000030e       0x2e ./src/_initialize_hardware.o
 .ARM.attributes
                0x000000000000033c       0x2e ./src/main.o
 .ARM.attributes
                0x000000000000036a       0x2e ./src/stm32f4xx_hal_msp.o
 .ARM.attributes
                0x0000000000000398       0x2e /media/squanixmachine/SqxOntheGo/Apps/GNU_ARM/gcc-arm-none-eabi-10-2020-q4-major/bin/../lib/gcc/arm-none-eabi/10.2.1/../../../../arm-none-eabi/lib/thumb/v7e-m/nofp/libg_nano.a(lib_a-errno.o)
 .ARM.attributes
                0x00000000000003c6       0x2e /media/squanixmachine/SqxOntheGo/Apps/GNU_ARM/gcc-arm-none-eabi-10-2020-q4-major/bin/../lib/gcc/arm-none-eabi/10.2.1/../../../../arm-none-eabi/lib/thumb/v7e-m/nofp/libg_nano.a(lib_a-impure.o)
 .ARM.attributes
                0x00000000000003f4       0x17 /media/squanixmachine/SqxOntheGo/Apps/GNU_ARM/gcc-arm-none-eabi-10-2020-q4-major/bin/../lib/gcc/arm-none-eabi/10.2.1/../../../../arm-none-eabi/lib/thumb/v7e-m/nofp/libg_nano.a(lib_a-strlen.o)
 .ARM.attributes
                0x000000000000040b       0x2e /media/squanixmachine/SqxOntheGo/Apps/GNU_ARM/gcc-arm-none-eabi-10-2020-q4-major/bin/../lib/gcc/arm-none-eabi/10.2.1/../../../../arm-none-eabi/lib/thumb/v7e-m/nofp/libg_nano.a(lib_a-vsnprintf.o)
 .ARM.attributes
                0x0000000000000439       0x2e /media/squanixmachine/SqxOntheGo/Apps/GNU_ARM/gcc-arm-none-eabi-10-2020-q4-major/bin/../lib/gcc/arm-none-eabi/10.2.1/../../../../arm-none-eabi/lib/thumb/v7e-m/nofp/libg_nano.a(lib_a-nano-svfprintf.o)
 .ARM.attributes
                0x0000000000000467       0x2e /media/squanixmachine/SqxOntheGo/Apps/GNU_ARM/gcc-arm-none-eabi-10-2020-q4-major/bin/../lib/gcc/arm-none-eabi/10.2.1/../../../../arm-none-eabi/lib/thumb/v7e-m/nofp/libg_nano.a(lib_a-nano-vfprintf_i.o)
 .ARM.attributes
                0x0000000000000495       0x1c /media/squanixmachine/SqxOntheGo/Apps/GNU_ARM/gcc-arm-none-eabi-10-2020-q4-major/bin/../lib/gcc/arm-none-eabi/10.2.1/../../../../arm-none-eabi/lib/thumb/v7e-m/nofp/libg_nano.a(lib_a-memchr.o)
 .ARM.attributes
                0x00000000000004b1       0x2e /media/squanixmachine/SqxOntheGo/Apps/GNU_ARM/gcc-arm-none-eabi-10-2020-q4-major/bin/../lib/gcc/arm-none-eabi/10.2.1/../../../../arm-none-eabi/lib/thumb/v7e-m/nofp/libg_nano.a(lib_a-memcpy-stub.o)
 .ARM.attributes
                0x00000000000004df       0x2e /media/squanixmachine/SqxOntheGo/Apps/GNU_ARM/gcc-arm-none-eabi-10-2020-q4-major/bin/../lib/gcc/arm-none-eabi/10.2.1/../../../../arm-none-eabi/lib/thumb/v7e-m/nofp/libg_nano.a(lib_a-memmove.o)
 .ARM.attributes
                0x000000000000050d       0x2e /media/squanixmachine/SqxOntheGo/Apps/GNU_ARM/gcc-arm-none-eabi-10-2020-q4-major/bin/../lib/gcc/arm-none-eabi/10.2.1/../../../../arm-none-eabi/lib/thumb/v7e-m/nofp/libg_nano.a(lib_a-nano-freer.o)
 .ARM.attributes
                0x000000000000053b       0x2e /media/squanixmachine/SqxOntheGo/Apps/GNU_ARM/gcc-arm-none-eabi-10-2020-q4-major/bin/../lib/gcc/arm-none-eabi/10.2.1/../../../../arm-none-eabi/lib/thumb/v7e-m/nofp/libg_nano.a(lib_a-nano-mallocr.o)
 .ARM.attributes
                0x0000000000000569       0x2e /media/squanixmachine/SqxOntheGo/Apps/GNU_ARM/gcc-arm-none-eabi-10-2020-q4-major/bin/../lib/gcc/arm-none-eabi/10.2.1/../../../../arm-none-eabi/lib/thumb/v7e-m/nofp/libg_nano.a(lib_a-nano-reallocr.o)
 .ARM.attributes
                0x0000000000000597       0x2e /media/squanixmachine/SqxOntheGo/Apps/GNU_ARM/gcc-arm-none-eabi-10-2020-q4-major/bin/../lib/gcc/arm-none-eabi/10.2.1/../../../../arm-none-eabi/lib/thumb/v7e-m/nofp/libg_nano.a(lib_a-sbrkr.o)
 .ARM.attributes
                0x00000000000005c5       0x2e /media/squanixmachine/SqxOntheGo/Apps/GNU_ARM/gcc-arm-none-eabi-10-2020-q4-major/bin/../lib/gcc/arm-none-eabi/10.2.1/../../../../arm-none-eabi/lib/thumb/v7e-m/nofp/libg_nano.a(lib_a-mlock.o)
 .ARM.attributes
                0x00000000000005f3       0x2e /media/squanixmachine/SqxOntheGo/Apps/GNU_ARM/gcc-arm-none-eabi-10-2020-q4-major/bin/../lib/gcc/arm-none-eabi/10.2.1/../../../../arm-none-eabi/lib/thumb/v7e-m/nofp/libg_nano.a(lib_a-nano-msizer.o)
 .ARM.attributes
                0x0000000000000621       0x2e /media/squanixmachine/SqxOntheGo/Apps/GNU_ARM/gcc-arm-none-eabi-10-2020-q4-major/bin/../lib/gcc/arm-none-eabi/10.2.1/../../../../arm-none-eabi/lib/thumb/v7e-m/nofp/libg_nano.a(lib_a-lock.o)

.debug
 *(.debug)

.line
 *(.line)

.debug_srcinfo
 *(.debug_srcinfo)

.debug_sfnames
 *(.debug_sfnames)

.debug_aranges  0x0000000000000000      0x558
 *(.debug_aranges)
 .debug_aranges
                0x0000000000000000       0xc0 ./system/src/stm32f4-hal/stm32f4xx_hal.o
 .debug_aranges
                0x00000000000000c0       0x98 ./system/src/stm32f4-hal/stm32f4xx_hal_cortex.o
 .debug_aranges
                0x0000000000000158       0x58 ./system/src/stm32f4-hal/stm32f4xx_hal_gpio.o
 .debug_aranges
                0x00000000000001b0       0x88 ./system/src/stm32f4-hal/stm32f4xx_hal_rcc.o
 .debug_aranges
                0x0000000000000238       0x28 ./system/src/newlib/_exit.o
 .debug_aranges
                0x0000000000000260       0x20 ./system/src/newlib/_sbrk.o
 .debug_aranges
                0x0000000000000280       0x40 ./system/src/newlib/_startup.o
 .debug_aranges
                0x00000000000002c0       0x30 ./system/src/newlib/_syscalls.o
 .debug_aranges
                0x00000000000002f0       0x28 ./system/src/newlib/assert.o
 .debug_aranges
                0x0000000000000318       0x38 ./system/src/diag/Trace.o
 .debug_aranges
                0x0000000000000350       0x30 ./system/src/diag/trace_impl.o
 .debug_aranges
                0x0000000000000380       0x28 ./system/src/cortexm/_initialize_hardware.o
 .debug_aranges
                0x00000000000003a8       0x90 ./system/src/cortexm/exception_handlers.o
 .debug_aranges
                0x0000000000000438       0x28 ./system/src/cmsis/system_stm32f4xx.o
 .debug_aranges
                0x0000000000000460       0x20 ./system/src/cmsis/vectors_stm32f411xe.o
 .debug_aranges
                0x0000000000000480       0x20 ./src/BlinkLed.o
 .debug_aranges
                0x00000000000004a0       0x38 ./src/Timer.o
 .debug_aranges
                0x00000000000004d8       0x28 ./src/_initialize_hardware.o
 .debug_aranges
                0x0000000000000500       0x20 ./src/main.o
 .debug_aranges
                0x0000000000000520       0x38 ./src/stm32f4xx_hal_msp.o

.debug_pubnames
 *(.debug_pubnames)

.debug_info     0x0000000000000000     0x6a1c
 *(.debug_info .gnu.linkonce.wi.*)
 .debug_info    0x0000000000000000      0x8c5 ./system/src/stm32f4-hal/stm32f4xx_hal.o
 .debug_info    0x00000000000008c5     0x11e8 ./system/src/stm32f4-hal/stm32f4xx_hal_cortex.o
 .debug_info    0x0000000000001aad      0x940 ./system/src/stm32f4-hal/stm32f4xx_hal_gpio.o
 .debug_info    0x00000000000023ed     0x1088 ./system/src/stm32f4-hal/stm32f4xx_hal_rcc.o
 .debug_info    0x0000000000003475       0xf2 ./system/src/newlib/_exit.o
 .debug_info    0x0000000000003567      0x112 ./system/src/newlib/_sbrk.o
 .debug_info    0x0000000000003679      0x573 ./system/src/newlib/_startup.o
 .debug_info    0x0000000000003bec      0x1d5 ./system/src/newlib/_syscalls.o
 .debug_info    0x0000000000003dc1      0x1c1 ./system/src/newlib/assert.o
 .debug_info    0x0000000000003f82      0x30b ./system/src/diag/Trace.o
 .debug_info    0x000000000000428d      0x320 ./system/src/diag/trace_impl.o
 .debug_info    0x00000000000045ad      0x2ba ./system/src/cortexm/_initialize_hardware.o
 .debug_info    0x0000000000004867      0x983 ./system/src/cortexm/exception_handlers.o
 .debug_info    0x00000000000051ea      0x520 ./system/src/cmsis/system_stm32f4xx.o
 .debug_info    0x000000000000570a       0xce ./system/src/cmsis/vectors_stm32f411xe.o
 .debug_info    0x00000000000057d8      0x251 ./src/BlinkLed.o
 .debug_info    0x0000000000005a29      0x6dc ./src/Timer.o
 .debug_info    0x0000000000006105      0x53f ./src/_initialize_hardware.o
 .debug_info    0x0000000000006644      0x312 ./src/main.o
 .debug_info    0x0000000000006956       0xc6 ./src/stm32f4xx_hal_msp.o

.debug_abbrev   0x0000000000000000     0x1f56
 *(.debug_abbrev)
 .debug_abbrev  0x0000000000000000      0x28b ./system/src/stm32f4-hal/stm32f4xx_hal.o
 .debug_abbrev  0x000000000000028b      0x376 ./system/src/stm32f4-hal/stm32f4xx_hal_cortex.o
 .debug_abbrev  0x0000000000000601      0x22e ./system/src/stm32f4-hal/stm32f4xx_hal_gpio.o
 .debug_abbrev  0x000000000000082f      0x314 ./system/src/stm32f4-hal/stm32f4xx_hal_rcc.o
 .debug_abbrev  0x0000000000000b43       0x97 ./system/src/newlib/_exit.o
 .debug_abbrev  0x0000000000000bda       0xcd ./system/src/newlib/_sbrk.o
 .debug_abbrev  0x0000000000000ca7      0x1fa ./system/src/newlib/_startup.o
 .debug_abbrev  0x0000000000000ea1      0x10e ./system/src/newlib/_syscalls.o
 .debug_abbrev  0x0000000000000faf       0xb6 ./system/src/newlib/assert.o
 .debug_abbrev  0x0000000000001065      0x173 ./system/src/diag/Trace.o
 .debug_abbrev  0x00000000000011d8      0x1eb ./system/src/diag/trace_impl.o
 .debug_abbrev  0x00000000000013c3       0xe9 ./system/src/cortexm/_initialize_hardware.o
 .debug_abbrev  0x00000000000014ac      0x267 ./system/src/cortexm/exception_handlers.o
 .debug_abbrev  0x0000000000001713      0x12f ./system/src/cmsis/system_stm32f4xx.o
 .debug_abbrev  0x0000000000001842       0xa5 ./system/src/cmsis/vectors_stm32f411xe.o
 .debug_abbrev  0x00000000000018e7      0x164 ./src/BlinkLed.o
 .debug_abbrev  0x0000000000001a4b      0x1f1 ./src/Timer.o
 .debug_abbrev  0x0000000000001c3c      0x153 ./src/_initialize_hardware.o
 .debug_abbrev  0x0000000000001d8f      0x180 ./src/main.o
 .debug_abbrev  0x0000000000001f0f       0x47 ./src/stm32f4xx_hal_msp.o

.debug_line     0x0000000000000000     0xc70f
 *(.debug_line)
 .debug_line    0x0000000000000000      0xcf9 ./system/src/stm32f4-hal/stm32f4xx_hal.o
 .debug_line    0x0000000000000cf9     0x1027 ./system/src/stm32f4-hal/stm32f4xx_hal_cortex.o
 .debug_line    0x0000000000001d20     0x108a ./system/src/stm32f4-hal/stm32f4xx_hal_gpio.o
 .debug_line    0x0000000000002daa     0x15e0 ./system/src/stm32f4-hal/stm32f4xx_hal_rcc.o
 .debug_line    0x000000000000438a      0x3d6 ./system/src/newlib/_exit.o
 .debug_line    0x0000000000004760      0x3c0 ./system/src/newlib/_sbrk.o
 .debug_line    0x0000000000004b20      0x6ac ./system/src/newlib/_startup.o
 .debug_line    0x00000000000051cc      0x4eb ./system/src/newlib/_syscalls.o
 .debug_line    0x00000000000056b7      0x412 ./system/src/newlib/assert.o
 .debug_line    0x0000000000005ac9      0x4b2 ./system/src/diag/Trace.o
 .debug_line    0x0000000000005f7b      0xbab ./system/src/diag/trace_impl.o
 .debug_line    0x0000000000006b26      0xaa6 ./system/src/cortexm/_initialize_hardware.o
 .debug_line    0x00000000000075cc      0xdca ./system/src/cortexm/exception_handlers.o
 .debug_line    0x0000000000008396      0xb67 ./system/src/cmsis/system_stm32f4xx.o
 .debug_line    0x0000000000008efd      0x133 ./system/src/cmsis/vectors_stm32f411xe.o
 .debug_line    0x0000000000009030      0xa98 ./src/BlinkLed.o
 .debug_line    0x0000000000009ac8      0xb6c ./src/Timer.o
 .debug_line    0x000000000000a634      0xb09 ./src/_initialize_hardware.o
 .debug_line    0x000000000000b13d      0xb3b ./src/main.o
 .debug_line    0x000000000000bc78      0xa97 ./src/stm32f4xx_hal_msp.o

.debug_frame    0x0000000000000000      0xe4c
 *(.debug_frame)
 .debug_frame   0x0000000000000000      0x188 ./system/src/stm32f4-hal/stm32f4xx_hal.o
 .debug_frame   0x0000000000000188      0x17c ./system/src/stm32f4-hal/stm32f4xx_hal_cortex.o
 .debug_frame   0x0000000000000304       0xfc ./system/src/stm32f4-hal/stm32f4xx_hal_gpio.o
 .debug_frame   0x0000000000000400      0x13c ./system/src/stm32f4-hal/stm32f4xx_hal_rcc.o
 .debug_frame   0x000000000000053c       0x38 ./system/src/newlib/_exit.o
 .debug_frame   0x0000000000000574       0x28 ./system/src/newlib/_sbrk.o
 .debug_frame   0x000000000000059c       0x7c ./system/src/newlib/_startup.o
 .debug_frame   0x0000000000000618       0x50 ./system/src/newlib/_syscalls.o
 .debug_frame   0x0000000000000668       0x40 ./system/src/newlib/assert.o
 .debug_frame   0x00000000000006a8       0x94 ./system/src/diag/Trace.o
 .debug_frame   0x000000000000073c       0x64 ./system/src/diag/trace_impl.o
 .debug_frame   0x00000000000007a0       0x40 ./system/src/cortexm/_initialize_hardware.o
 .debug_frame   0x00000000000007e0      0x158 ./system/src/cortexm/exception_handlers.o
 .debug_frame   0x0000000000000938       0x30 ./system/src/cmsis/system_stm32f4xx.o
 .debug_frame   0x0000000000000968       0x20 ./system/src/cmsis/vectors_stm32f411xe.o
 .debug_frame   0x0000000000000988       0x2c ./src/BlinkLed.o
 .debug_frame   0x00000000000009b4       0x58 ./src/Timer.o
 .debug_frame   0x0000000000000a0c       0x4c ./src/_initialize_hardware.o
 .debug_frame   0x0000000000000a58       0x28 ./src/main.o
 .debug_frame   0x0000000000000a80       0x50 ./src/stm32f4xx_hal_msp.o
 .debug_frame   0x0000000000000ad0       0x20 /media/squanixmachine/SqxOntheGo/Apps/GNU_ARM/gcc-arm-none-eabi-10-2020-q4-major/bin/../lib/gcc/arm-none-eabi/10.2.1/../../../../arm-none-eabi/lib/thumb/v7e-m/nofp/libg_nano.a(lib_a-errno.o)
 .debug_frame   0x0000000000000af0       0x4c /media/squanixmachine/SqxOntheGo/Apps/GNU_ARM/gcc-arm-none-eabi-10-2020-q4-major/bin/../lib/gcc/arm-none-eabi/10.2.1/../../../../arm-none-eabi/lib/thumb/v7e-m/nofp/libg_nano.a(lib_a-vsnprintf.o)
 .debug_frame   0x0000000000000b3c       0x90 /media/squanixmachine/SqxOntheGo/Apps/GNU_ARM/gcc-arm-none-eabi-10-2020-q4-major/bin/../lib/gcc/arm-none-eabi/10.2.1/../../../../arm-none-eabi/lib/thumb/v7e-m/nofp/libg_nano.a(lib_a-nano-svfprintf.o)
 .debug_frame   0x0000000000000bcc       0x60 /media/squanixmachine/SqxOntheGo/Apps/GNU_ARM/gcc-arm-none-eabi-10-2020-q4-major/bin/../lib/gcc/arm-none-eabi/10.2.1/../../../../arm-none-eabi/lib/thumb/v7e-m/nofp/libg_nano.a(lib_a-nano-vfprintf_i.o)
 .debug_frame   0x0000000000000c2c       0x28 /media/squanixmachine/SqxOntheGo/Apps/GNU_ARM/gcc-arm-none-eabi-10-2020-q4-major/bin/../lib/gcc/arm-none-eabi/10.2.1/../../../../arm-none-eabi/lib/thumb/v7e-m/nofp/libg_nano.a(lib_a-memcpy-stub.o)
 .debug_frame   0x0000000000000c54       0x28 /media/squanixmachine/SqxOntheGo/Apps/GNU_ARM/gcc-arm-none-eabi-10-2020-q4-major/bin/../lib/gcc/arm-none-eabi/10.2.1/../../../../arm-none-eabi/lib/thumb/v7e-m/nofp/libg_nano.a(lib_a-memmove.o)
 .debug_frame   0x0000000000000c7c       0x38 /media/squanixmachine/SqxOntheGo/Apps/GNU_ARM/gcc-arm-none-eabi-10-2020-q4-major/bin/../lib/gcc/arm-none-eabi/10.2.1/../../../../arm-none-eabi/lib/thumb/v7e-m/nofp/libg_nano.a(lib_a-nano-freer.o)
 .debug_frame   0x0000000000000cb4       0x30 /media/squanixmachine/SqxOntheGo/Apps/GNU_ARM/gcc-arm-none-eabi-10-2020-q4-major/bin/../lib/gcc/arm-none-eabi/10.2.1/../../../../arm-none-eabi/lib/thumb/v7e-m/nofp/libg_nano.a(lib_a-nano-mallocr.o)
 .debug_frame   0x0000000000000ce4       0x3c /media/squanixmachine/SqxOntheGo/Apps/GNU_ARM/gcc-arm-none-eabi-10-2020-q4-major/bin/../lib/gcc/arm-none-eabi/10.2.1/../../../../arm-none-eabi/lib/thumb/v7e-m/nofp/libg_nano.a(lib_a-nano-reallocr.o)
 .debug_frame   0x0000000000000d20       0x2c /media/squanixmachine/SqxOntheGo/Apps/GNU_ARM/gcc-arm-none-eabi-10-2020-q4-major/bin/../lib/gcc/arm-none-eabi/10.2.1/../../../../arm-none-eabi/lib/thumb/v7e-m/nofp/libg_nano.a(lib_a-sbrkr.o)
 .debug_frame   0x0000000000000d4c       0x30 /media/squanixmachine/SqxOntheGo/Apps/GNU_ARM/gcc-arm-none-eabi-10-2020-q4-major/bin/../lib/gcc/arm-none-eabi/10.2.1/../../../../arm-none-eabi/lib/thumb/v7e-m/nofp/libg_nano.a(lib_a-mlock.o)
 .debug_frame   0x0000000000000d7c       0x20 /media/squanixmachine/SqxOntheGo/Apps/GNU_ARM/gcc-arm-none-eabi-10-2020-q4-major/bin/../lib/gcc/arm-none-eabi/10.2.1/../../../../arm-none-eabi/lib/thumb/v7e-m/nofp/libg_nano.a(lib_a-nano-msizer.o)
 .debug_frame   0x0000000000000d9c       0xb0 /media/squanixmachine/SqxOntheGo/Apps/GNU_ARM/gcc-arm-none-eabi-10-2020-q4-major/bin/../lib/gcc/arm-none-eabi/10.2.1/../../../../arm-none-eabi/lib/thumb/v7e-m/nofp/libg_nano.a(lib_a-lock.o)

.debug_str      0x0000000000000000    0x741c1
 *(.debug_str)
 .debug_str     0x0000000000000000    0x6ff35 ./system/src/stm32f4-hal/stm32f4xx_hal.o
                                      0x702fd (size before relaxing)
 .debug_str     0x000000000006ff35      0x39d ./system/src/stm32f4-hal/stm32f4xx_hal_cortex.o
                                      0x7015f (size before relaxing)
 .debug_str     0x00000000000702d2      0x2dd ./system/src/stm32f4-hal/stm32f4xx_hal_gpio.o
                                      0x6fcd7 (size before relaxing)
 .debug_str     0x00000000000705af      0x393 ./system/src/stm32f4-hal/stm32f4xx_hal_rcc.o
                                      0x6fe75 (size before relaxing)
 .debug_str     0x0000000000070942     0x10cf ./system/src/newlib/_exit.o
                                       0x7738 (size before relaxing)
 .debug_str     0x0000000000071a11      0x4de ./system/src/newlib/_sbrk.o
                                       0x6b19 (size before relaxing)
 .debug_str     0x0000000000071eef      0x2cc ./system/src/newlib/_startup.o
                                       0x6385 (size before relaxing)
 .debug_str     0x00000000000721bb     0x1505 ./system/src/newlib/_syscalls.o
                                       0x8066 (size before relaxing)
 .debug_str     0x00000000000736c0       0xd5 ./system/src/newlib/assert.o
                                       0x823d (size before relaxing)
 .debug_str     0x0000000000073795      0x176 ./system/src/diag/Trace.o
                                       0x7ebe (size before relaxing)
 .debug_str     0x000000000007390b      0x37b ./system/src/diag/trace_impl.o
                                      0x70bac (size before relaxing)
 .debug_str     0x0000000000073c86       0x5e ./system/src/cortexm/_initialize_hardware.o
                                      0x6f974 (size before relaxing)
 .debug_str     0x0000000000073ce4      0x19d ./system/src/cortexm/exception_handlers.o
                                      0x70d43 (size before relaxing)
 .debug_str     0x0000000000073e81       0x46 ./system/src/cmsis/system_stm32f4xx.o
                                      0x6fa65 (size before relaxing)
 .debug_str     0x0000000000073ec7       0x59 ./system/src/cmsis/vectors_stm32f411xe.o
                                       0x3873 (size before relaxing)
 .debug_str     0x0000000000073f20      0x12f ./src/BlinkLed.o
                                      0x6fa36 (size before relaxing)
 .debug_str     0x000000000007404f       0x75 ./src/Timer.o
                                      0x6fe1d (size before relaxing)
 .debug_str     0x00000000000740c4       0x31 ./src/_initialize_hardware.o
                                      0x6fb6b (size before relaxing)
 .debug_str     0x00000000000740f5       0x8f ./src/main.o
                                      0x70b80 (size before relaxing)
 .debug_str     0x0000000000074184       0x3d ./src/stm32f4xx_hal_msp.o
                                      0x6f8b3 (size before relaxing)

.debug_loc      0x0000000000000000     0x2779
 *(.debug_loc)
 .debug_loc     0x0000000000000000       0xdb ./system/src/stm32f4-hal/stm32f4xx_hal.o
 .debug_loc     0x00000000000000db      0x8ef ./system/src/stm32f4-hal/stm32f4xx_hal_cortex.o
 .debug_loc     0x00000000000009ca      0x6ab ./system/src/stm32f4-hal/stm32f4xx_hal_gpio.o
 .debug_loc     0x0000000000001075      0x7a1 ./system/src/stm32f4-hal/stm32f4xx_hal_rcc.o
 .debug_loc     0x0000000000001816       0x15 ./system/src/newlib/_exit.o
 .debug_loc     0x000000000000182b       0x97 ./system/src/newlib/_sbrk.o
 .debug_loc     0x00000000000018c2      0x49b ./system/src/newlib/_startup.o
 .debug_loc     0x0000000000001d5d       0x6f ./system/src/newlib/_syscalls.o
 .debug_loc     0x0000000000001dcc      0x17d ./system/src/newlib/assert.o
 .debug_loc     0x0000000000001f49      0x118 ./system/src/diag/Trace.o
 .debug_loc     0x0000000000002061      0x194 ./system/src/diag/trace_impl.o
 .debug_loc     0x00000000000021f5      0x35c ./system/src/cortexm/exception_handlers.o
 .debug_loc     0x0000000000002551      0x158 ./system/src/cmsis/system_stm32f4xx.o
 .debug_loc     0x00000000000026a9       0x63 ./src/Timer.o
 .debug_loc     0x000000000000270c       0x6d ./src/main.o

.debug_macinfo
 *(.debug_macinfo)

.debug_weaknames
 *(.debug_weaknames)

.debug_funcnames
 *(.debug_funcnames)

.debug_typenames
 *(.debug_typenames)

.debug_varnames
 *(.debug_varnames)
OUTPUT(ARM_STM32F411_BLINK.elf elf32-littlearm)
LOAD linker stubs

.debug_ranges   0x0000000000000000      0x4f0
 .debug_ranges  0x0000000000000000       0xb0 ./system/src/stm32f4-hal/stm32f4xx_hal.o
 .debug_ranges  0x00000000000000b0       0xe8 ./system/src/stm32f4-hal/stm32f4xx_hal_cortex.o
 .debug_ranges  0x0000000000000198       0x48 ./system/src/stm32f4-hal/stm32f4xx_hal_gpio.o
 .debug_ranges  0x00000000000001e0       0x78 ./system/src/stm32f4-hal/stm32f4xx_hal_rcc.o
 .debug_ranges  0x0000000000000258       0x18 ./system/src/newlib/_exit.o
 .debug_ranges  0x0000000000000270       0x10 ./system/src/newlib/_sbrk.o
 .debug_ranges  0x0000000000000280       0x78 ./system/src/newlib/_startup.o
 .debug_ranges  0x00000000000002f8       0x20 ./system/src/newlib/_syscalls.o
 .debug_ranges  0x0000000000000318       0x18 ./system/src/newlib/assert.o
 .debug_ranges  0x0000000000000330       0x28 ./system/src/diag/Trace.o
 .debug_ranges  0x0000000000000358       0x38 ./system/src/diag/trace_impl.o
 .debug_ranges  0x0000000000000390       0x18 ./system/src/cortexm/_initialize_hardware.o
 .debug_ranges  0x00000000000003a8       0x98 ./system/src/cortexm/exception_handlers.o
 .debug_ranges  0x0000000000000440       0x18 ./system/src/cmsis/system_stm32f4xx.o
 .debug_ranges  0x0000000000000458       0x10 ./system/src/cmsis/vectors_stm32f411xe.o
 .debug_ranges  0x0000000000000468       0x10 ./src/BlinkLed.o
 .debug_ranges  0x0000000000000478       0x28 ./src/Timer.o
 .debug_ranges  0x00000000000004a0       0x18 ./src/_initialize_hardware.o
 .debug_ranges  0x00000000000004b8       0x10 ./src/main.o
 .debug_ranges  0x00000000000004c8       0x28 ./src/stm32f4xx_hal_msp.o

.debug_macro    0x0000000000000000    0x16456
 .debug_macro   0x0000000000000000      0x52c ./system/src/stm32f4-hal/stm32f4xx_hal.o
 .debug_macro   0x000000000000052c      0xa7e ./system/src/stm32f4-hal/stm32f4xx_hal.o
 .debug_macro   0x0000000000000faa      0x289 ./system/src/stm32f4-hal/stm32f4xx_hal.o
 .debug_macro   0x0000000000001233       0x31 ./system/src/stm32f4-hal/stm32f4xx_hal.o
 .debug_macro   0x0000000000001264       0x28 ./system/src/stm32f4-hal/stm32f4xx_hal.o
 .debug_macro   0x000000000000128c      0x34e ./system/src/stm32f4-hal/stm32f4xx_hal.o
 .debug_macro   0x00000000000015da       0x35 ./system/src/stm32f4-hal/stm32f4xx_hal.o
 .debug_macro   0x000000000000160f       0x50 ./system/src/stm32f4-hal/stm32f4xx_hal.o
 .debug_macro   0x000000000000165f      0xe66 ./system/src/stm32f4-hal/stm32f4xx_hal.o
 .debug_macro   0x00000000000024c5     0x5102 ./system/src/stm32f4-hal/stm32f4xx_hal.o
 .debug_macro   0x00000000000075c7       0x43 ./system/src/stm32f4-hal/stm32f4xx_hal.o
 .debug_macro   0x000000000000760a     0x347f ./system/src/stm32f4-hal/stm32f4xx_hal.o
 .debug_macro   0x000000000000aa89       0x22 ./system/src/stm32f4-hal/stm32f4xx_hal.o
 .debug_macro   0x000000000000aaab       0x5e ./system/src/stm32f4-hal/stm32f4xx_hal.o
 .debug_macro   0x000000000000ab09       0x18 ./system/src/stm32f4-hal/stm32f4xx_hal.o
 .debug_macro   0x000000000000ab21       0x94 ./system/src/stm32f4-hal/stm32f4xx_hal.o
 .debug_macro   0x000000000000abb5       0x35 ./system/src/stm32f4-hal/stm32f4xx_hal.o
 .debug_macro   0x000000000000abea       0x34 ./system/src/stm32f4-hal/stm32f4xx_hal.o
 .debug_macro   0x000000000000ac1e       0x16 ./system/src/stm32f4-hal/stm32f4xx_hal.o
 .debug_macro   0x000000000000ac34       0x57 ./system/src/stm32f4-hal/stm32f4xx_hal.o
 .debug_macro   0x000000000000ac8b       0x97 ./system/src/stm32f4-hal/stm32f4xx_hal.o
 .debug_macro   0x000000000000ad22      0x333 ./system/src/stm32f4-hal/stm32f4xx_hal.o
 .debug_macro   0x000000000000b055       0xfd ./system/src/stm32f4-hal/stm32f4xx_hal.o
 .debug_macro   0x000000000000b152       0x10 ./system/src/stm32f4-hal/stm32f4xx_hal.o
 .debug_macro   0x000000000000b162       0x16 ./system/src/stm32f4-hal/stm32f4xx_hal.o
 .debug_macro   0x000000000000b178       0x43 ./system/src/stm32f4-hal/stm32f4xx_hal.o
 .debug_macro   0x000000000000b1bb       0x34 ./system/src/stm32f4-hal/stm32f4xx_hal.o
 .debug_macro   0x000000000000b1ef       0x10 ./system/src/stm32f4-hal/stm32f4xx_hal.o
 .debug_macro   0x000000000000b1ff       0x58 ./system/src/stm32f4-hal/stm32f4xx_hal.o
 .debug_macro   0x000000000000b257      0x182 ./system/src/stm32f4-hal/stm32f4xx_hal.o
 .debug_macro   0x000000000000b3d9       0x10 ./system/src/stm32f4-hal/stm32f4xx_hal.o
 .debug_macro   0x000000000000b3e9       0x6a ./system/src/stm32f4-hal/stm32f4xx_hal.o
 .debug_macro   0x000000000000b453       0x1c ./system/src/stm32f4-hal/stm32f4xx_hal.o
 .debug_macro   0x000000000000b46f       0x52 ./system/src/stm32f4-hal/stm32f4xx_hal.o
 .debug_macro   0x000000000000b4c1       0x22 ./system/src/stm32f4-hal/stm32f4xx_hal.o
 .debug_macro   0x000000000000b4e3       0x10 ./system/src/stm32f4-hal/stm32f4xx_hal.o
 .debug_macro   0x000000000000b4f3       0x40 ./system/src/stm32f4-hal/stm32f4xx_hal.o
 .debug_macro   0x000000000000b533       0xd5 ./system/src/stm32f4-hal/stm32f4xx_hal.o
 .debug_macro   0x000000000000b608       0x1c ./system/src/stm32f4-hal/stm32f4xx_hal.o
 .debug_macro   0x000000000000b624       0x3d ./system/src/stm32f4-hal/stm32f4xx_hal.o
 .debug_macro   0x000000000000b661       0x16 ./system/src/stm32f4-hal/stm32f4xx_hal.o
 .debug_macro   0x000000000000b677      0x16f ./system/src/stm32f4-hal/stm32f4xx_hal.o
 .debug_macro   0x000000000000b7e6       0x57 ./system/src/stm32f4-hal/stm32f4xx_hal.o
 .debug_macro   0x000000000000b83d      0x45c ./system/src/stm32f4-hal/stm32f4xx_hal.o
 .debug_macro   0x000000000000bc99      0x9e1 ./system/src/stm32f4-hal/stm32f4xx_hal.o
 .debug_macro   0x000000000000c67a      0x11e ./system/src/stm32f4-hal/stm32f4xx_hal.o
 .debug_macro   0x000000000000c798      0x11b ./system/src/stm32f4-hal/stm32f4xx_hal.o
 .debug_macro   0x000000000000c8b3       0x27 ./system/src/stm32f4-hal/stm32f4xx_hal.o
 .debug_macro   0x000000000000c8da      0x287 ./system/src/stm32f4-hal/stm32f4xx_hal.o
 .debug_macro   0x000000000000cb61       0x5f ./system/src/stm32f4-hal/stm32f4xx_hal.o
 .debug_macro   0x000000000000cbc0      0x23a ./system/src/stm32f4-hal/stm32f4xx_hal.o
 .debug_macro   0x000000000000cdfa      0x391 ./system/src/stm32f4-hal/stm32f4xx_hal.o
 .debug_macro   0x000000000000d18b      0x176 ./system/src/stm32f4-hal/stm32f4xx_hal.o
 .debug_macro   0x000000000000d301       0xf9 ./system/src/stm32f4-hal/stm32f4xx_hal.o
 .debug_macro   0x000000000000d3fa       0x23 ./system/src/stm32f4-hal/stm32f4xx_hal.o
 .debug_macro   0x000000000000d41d      0x13a ./system/src/stm32f4-hal/stm32f4xx_hal.o
 .debug_macro   0x000000000000d557      0x264 ./system/src/stm32f4-hal/stm32f4xx_hal.o
 .debug_macro   0x000000000000d7bb       0x2e ./system/src/stm32f4-hal/stm32f4xx_hal.o
 .debug_macro   0x000000000000d7e9      0x1a7 ./system/src/stm32f4-hal/stm32f4xx_hal.o
 .debug_macro   0x000000000000d990       0x22 ./system/src/stm32f4-hal/stm32f4xx_hal.o
 .debug_macro   0x000000000000d9b2       0xa5 ./system/src/stm32f4-hal/stm32f4xx_hal.o
 .debug_macro   0x000000000000da57      0x18b ./system/src/stm32f4-hal/stm32f4xx_hal.o
 .debug_macro   0x000000000000dbe2       0x24 ./system/src/stm32f4-hal/stm32f4xx_hal.o
 .debug_macro   0x000000000000dc06       0x35 ./system/src/stm32f4-hal/stm32f4xx_hal.o
 .debug_macro   0x000000000000dc3b       0x79 ./system/src/stm32f4-hal/stm32f4xx_hal.o
 .debug_macro   0x000000000000dcb4      0x11e ./system/src/stm32f4-hal/stm32f4xx_hal.o
 .debug_macro   0x000000000000ddd2       0x85 ./system/src/stm32f4-hal/stm32f4xx_hal.o
 .debug_macro   0x000000000000de57       0x89 ./system/src/stm32f4-hal/stm32f4xx_hal.o
 .debug_macro   0x000000000000dee0      0x31a ./system/src/stm32f4-hal/stm32f4xx_hal.o
 .debug_macro   0x000000000000e1fa      0x409 ./system/src/stm32f4-hal/stm32f4xx_hal.o
 .debug_macro   0x000000000000e603       0xe4 ./system/src/stm32f4-hal/stm32f4xx_hal.o
 .debug_macro   0x000000000000e6e7      0x48d ./system/src/stm32f4-hal/stm32f4xx_hal.o
 .debug_macro   0x000000000000eb74      0x22b ./system/src/stm32f4-hal/stm32f4xx_hal.o
 .debug_macro   0x000000000000ed9f      0x202 ./system/src/stm32f4-hal/stm32f4xx_hal.o
 .debug_macro   0x000000000000efa1      0x6d9 ./system/src/stm32f4-hal/stm32f4xx_hal.o
 .debug_macro   0x000000000000f67a       0x5b ./system/src/stm32f4-hal/stm32f4xx_hal.o
 .debug_macro   0x000000000000f6d5      0x14d ./system/src/stm32f4-hal/stm32f4xx_hal.o
 .debug_macro   0x000000000000f822      0x287 ./system/src/stm32f4-hal/stm32f4xx_hal.o
 .debug_macro   0x000000000000faa9      0x225 ./system/src/stm32f4-hal/stm32f4xx_hal.o
 .debug_macro   0x000000000000fcce      0x1b5 ./system/src/stm32f4-hal/stm32f4xx_hal.o
 .debug_macro   0x000000000000fe83      0x2db ./system/src/stm32f4-hal/stm32f4xx_hal.o
 .debug_macro   0x000000000001015e       0x89 ./system/src/stm32f4-hal/stm32f4xx_hal.o
 .debug_macro   0x00000000000101e7      0x1df ./system/src/stm32f4-hal/stm32f4xx_hal.o
 .debug_macro   0x00000000000103c6      0x115 ./system/src/stm32f4-hal/stm32f4xx_hal.o
 .debug_macro   0x00000000000104db       0x6e ./system/src/stm32f4-hal/stm32f4xx_hal.o
 .debug_macro   0x0000000000010549      0x11e ./system/src/stm32f4-hal/stm32f4xx_hal.o
 .debug_macro   0x0000000000010667      0x4de ./system/src/stm32f4-hal/stm32f4xx_hal_cortex.o
 .debug_macro   0x0000000000010b45      0x516 ./system/src/stm32f4-hal/stm32f4xx_hal_gpio.o
 .debug_macro   0x000000000001105b      0x508 ./system/src/stm32f4-hal/stm32f4xx_hal_rcc.o
 .debug_macro   0x0000000000011563      0x1ae ./system/src/newlib/_exit.o
 .debug_macro   0x0000000000011711      0x10e ./system/src/newlib/_exit.o
 .debug_macro   0x000000000001181f       0x8d ./system/src/newlib/_exit.o
 .debug_macro   0x00000000000118ac       0x35 ./system/src/newlib/_exit.o
 .debug_macro   0x00000000000118e1      0x163 ./system/src/newlib/_sbrk.o
 .debug_macro   0x0000000000011a44      0x174 ./system/src/newlib/_sbrk.o
 .debug_macro   0x0000000000011bb8       0x10 ./system/src/newlib/_sbrk.o
 .debug_macro   0x0000000000011bc8      0x23b ./system/src/newlib/_sbrk.o
 .debug_macro   0x0000000000011e03      0x15f ./system/src/newlib/_startup.o
 .debug_macro   0x0000000000011f62      0xa84 ./system/src/newlib/_startup.o
 .debug_macro   0x00000000000129e6      0x220 ./system/src/newlib/_syscalls.o
 .debug_macro   0x0000000000012c06       0x1c ./system/src/newlib/_syscalls.o
 .debug_macro   0x0000000000012c22       0x10 ./system/src/newlib/_syscalls.o
 .debug_macro   0x0000000000012c32       0x10 ./system/src/newlib/_syscalls.o
 .debug_macro   0x0000000000012c42       0x10 ./system/src/newlib/_syscalls.o
 .debug_macro   0x0000000000012c52       0x35 ./system/src/newlib/_syscalls.o
 .debug_macro   0x0000000000012c87      0x12c ./system/src/newlib/_syscalls.o
 .debug_macro   0x0000000000012db3       0xce ./system/src/newlib/_syscalls.o
 .debug_macro   0x0000000000012e81       0x7c ./system/src/newlib/_syscalls.o
 .debug_macro   0x0000000000012efd       0x17 ./system/src/newlib/_syscalls.o
 .debug_macro   0x0000000000012f14      0x118 ./system/src/newlib/_syscalls.o
 .debug_macro   0x000000000001302c      0x189 ./system/src/newlib/_syscalls.o
 .debug_macro   0x00000000000131b5       0x16 ./system/src/newlib/_syscalls.o
 .debug_macro   0x00000000000131cb      0x1ca ./system/src/newlib/assert.o
 .debug_macro   0x0000000000013395       0x1c ./system/src/newlib/assert.o
 .debug_macro   0x00000000000133b1      0x1f5 ./system/src/diag/Trace.o
 .debug_macro   0x00000000000135a6       0x4c ./system/src/diag/Trace.o
 .debug_macro   0x00000000000135f2       0x16 ./system/src/diag/Trace.o
 .debug_macro   0x0000000000013608      0x524 ./system/src/diag/trace_impl.o
 .debug_macro   0x0000000000013b2c       0x22 ./system/src/diag/trace_impl.o
 .debug_macro   0x0000000000013b4e      0x4e8 ./system/src/cortexm/_initialize_hardware.o
 .debug_macro   0x0000000000014036      0x551 ./system/src/cortexm/exception_handlers.o
 .debug_macro   0x0000000000014587       0x3b ./system/src/cortexm/exception_handlers.o
 .debug_macro   0x00000000000145c2      0x4e4 ./system/src/cmsis/system_stm32f4xx.o
 .debug_macro   0x0000000000014aa6       0x34 ./system/src/cmsis/vectors_stm32f411xe.o
 .debug_macro   0x0000000000014ada      0x4ed ./src/BlinkLed.o
 .debug_macro   0x0000000000014fc7       0x28 ./src/BlinkLed.o
 .debug_macro   0x0000000000014fef      0x501 ./src/Timer.o
 .debug_macro   0x00000000000154f0       0x10 ./src/Timer.o
 .debug_macro   0x0000000000015500      0x4de ./src/_initialize_hardware.o
 .debug_macro   0x00000000000159de      0x56c ./src/main.o
 .debug_macro   0x0000000000015f4a       0x2e ./src/main.o
 .debug_macro   0x0000000000015f78      0x4de ./src/stm32f4xx_hal_msp.o
