Archive member included to satisfy reference by file (symbol)

/media/squanixmachine/SqxOntheGo/Apps/GNU_ARM/gcc-arm-none-eabi-10-2020-q4-major/bin/../lib/gcc/arm-none-eabi/10.2.1/../../../../arm-none-eabi/lib/thumb/v7e-m/nofp/libg_nano.a(lib_a-errno.o)
                              ./system/src/newlib/_sbrk.o (__errno)
/media/squanixmachine/SqxOntheGo/Apps/GNU_ARM/gcc-arm-none-eabi-10-2020-q4-major/bin/../lib/gcc/arm-none-eabi/10.2.1/../../../../arm-none-eabi/lib/thumb/v7e-m/nofp/libg_nano.a(lib_a-impure.o)
                              /media/squanixmachine/SqxOntheGo/Apps/GNU_ARM/gcc-arm-none-eabi-10-2020-q4-major/bin/../lib/gcc/arm-none-eabi/10.2.1/../../../../arm-none-eabi/lib/thumb/v7e-m/nofp/libg_nano.a(lib_a-errno.o) (_impure_ptr)
/media/squanixmachine/SqxOntheGo/Apps/GNU_ARM/gcc-arm-none-eabi-10-2020-q4-major/bin/../lib/gcc/arm-none-eabi/10.2.1/../../../../arm-none-eabi/lib/thumb/v7e-m/nofp/libg_nano.a(lib_a-strlen.o)
                              ./system/src/diag/Trace.o (strlen)
/media/squanixmachine/SqxOntheGo/Apps/GNU_ARM/gcc-arm-none-eabi-10-2020-q4-major/bin/../lib/gcc/arm-none-eabi/10.2.1/../../../../arm-none-eabi/lib/thumb/v7e-m/nofp/libg_nano.a(lib_a-vsnprintf.o)
                              ./system/src/diag/Trace.o (vsnprintf)
/media/squanixmachine/SqxOntheGo/Apps/GNU_ARM/gcc-arm-none-eabi-10-2020-q4-major/bin/../lib/gcc/arm-none-eabi/10.2.1/../../../../arm-none-eabi/lib/thumb/v7e-m/nofp/libg_nano.a(lib_a-nano-svfprintf.o)
                              /media/squanixmachine/SqxOntheGo/Apps/GNU_ARM/gcc-arm-none-eabi-10-2020-q4-major/bin/../lib/gcc/arm-none-eabi/10.2.1/../../../../arm-none-eabi/lib/thumb/v7e-m/nofp/libg_nano.a(lib_a-vsnprintf.o) (_svfprintf_r)
/media/squanixmachine/SqxOntheGo/Apps/GNU_ARM/gcc-arm-none-eabi-10-2020-q4-major/bin/../lib/gcc/arm-none-eabi/10.2.1/../../../../arm-none-eabi/lib/thumb/v7e-m/nofp/libg_nano.a(lib_a-nano-vfprintf_i.o)
                              /media/squanixmachine/SqxOntheGo/Apps/GNU_ARM/gcc-arm-none-eabi-10-2020-q4-major/bin/../lib/gcc/arm-none-eabi/10.2.1/../../../../arm-none-eabi/lib/thumb/v7e-m/nofp/libg_nano.a(lib_a-nano-svfprintf.o) (_printf_i)
/media/squanixmachine/SqxOntheGo/Apps/GNU_ARM/gcc-arm-none-eabi-10-2020-q4-major/bin/../lib/gcc/arm-none-eabi/10.2.1/../../../../arm-none-eabi/lib/thumb/v7e-m/nofp/libg_nano.a(lib_a-memchr.o)
                              /media/squanixmachine/SqxOntheGo/Apps/GNU_ARM/gcc-arm-none-eabi-10-2020-q4-major/bin/../lib/gcc/arm-none-eabi/10.2.1/../../../../arm-none-eabi/lib/thumb/v7e-m/nofp/libg_nano.a(lib_a-nano-svfprintf.o) (memchr)
/media/squanixmachine/SqxOntheGo/Apps/GNU_ARM/gcc-arm-none-eabi-10-2020-q4-major/bin/../lib/gcc/arm-none-eabi/10.2.1/../../../../arm-none-eabi/lib/thumb/v7e-m/nofp/libg_nano.a(lib_a-memcpy-stub.o)
                              /media/squanixmachine/SqxOntheGo/Apps/GNU_ARM/gcc-arm-none-eabi-10-2020-q4-major/bin/../lib/gcc/arm-none-eabi/10.2.1/../../../../arm-none-eabi/lib/thumb/v7e-m/nofp/libg_nano.a(lib_a-nano-svfprintf.o) (memcpy)
/media/squanixmachine/SqxOntheGo/Apps/GNU_ARM/gcc-arm-none-eabi-10-2020-q4-major/bin/../lib/gcc/arm-none-eabi/10.2.1/../../../../arm-none-eabi/lib/thumb/v7e-m/nofp/libg_nano.a(lib_a-memmove.o)
                              /media/squanixmachine/SqxOntheGo/Apps/GNU_ARM/gcc-arm-none-eabi-10-2020-q4-major/bin/../lib/gcc/arm-none-eabi/10.2.1/../../../../arm-none-eabi/lib/thumb/v7e-m/nofp/libg_nano.a(lib_a-nano-svfprintf.o) (memmove)
/media/squanixmachine/SqxOntheGo/Apps/GNU_ARM/gcc-arm-none-eabi-10-2020-q4-major/bin/../lib/gcc/arm-none-eabi/10.2.1/../../../../arm-none-eabi/lib/thumb/v7e-m/nofp/libg_nano.a(lib_a-nano-freer.o)
                              /media/squanixmachine/SqxOntheGo/Apps/GNU_ARM/gcc-arm-none-eabi-10-2020-q4-major/bin/../lib/gcc/arm-none-eabi/10.2.1/../../../../arm-none-eabi/lib/thumb/v7e-m/nofp/libg_nano.a(lib_a-nano-svfprintf.o) (_free_r)
/media/squanixmachine/SqxOntheGo/Apps/GNU_ARM/gcc-arm-none-eabi-10-2020-q4-major/bin/../lib/gcc/arm-none-eabi/10.2.1/../../../../arm-none-eabi/lib/thumb/v7e-m/nofp/libg_nano.a(lib_a-nano-mallocr.o)
                              /media/squanixmachine/SqxOntheGo/Apps/GNU_ARM/gcc-arm-none-eabi-10-2020-q4-major/bin/../lib/gcc/arm-none-eabi/10.2.1/../../../../arm-none-eabi/lib/thumb/v7e-m/nofp/libg_nano.a(lib_a-nano-svfprintf.o) (_malloc_r)
/media/squanixmachine/SqxOntheGo/Apps/GNU_ARM/gcc-arm-none-eabi-10-2020-q4-major/bin/../lib/gcc/arm-none-eabi/10.2.1/../../../../arm-none-eabi/lib/thumb/v7e-m/nofp/libg_nano.a(lib_a-nano-reallocr.o)
                              /media/squanixmachine/SqxOntheGo/Apps/GNU_ARM/gcc-arm-none-eabi-10-2020-q4-major/bin/../lib/gcc/arm-none-eabi/10.2.1/../../../../arm-none-eabi/lib/thumb/v7e-m/nofp/libg_nano.a(lib_a-nano-svfprintf.o) (_realloc_r)
/media/squanixmachine/SqxOntheGo/Apps/GNU_ARM/gcc-arm-none-eabi-10-2020-q4-major/bin/../lib/gcc/arm-none-eabi/10.2.1/../../../../arm-none-eabi/lib/thumb/v7e-m/nofp/libg_nano.a(lib_a-sbrkr.o)
[...]
Memory Configuration

Name             Origin             Length             Attributes
RAM              0x0000000020000000 0x0000000000020000 xrw
CCMRAM           0x0000000010000000 0x0000000000010000 xrw
FLASH            0x0000000008000000 0x0000000000100000 xr
FLASHB1          0x0000000000000000 0x0000000000000000 xr
EXTMEMB0         0x0000000000000000 0x0000000000000000 xr
EXTMEMB1         0x0000000000000000 0x0000000000000000 xr
EXTMEMB2         0x0000000000000000 0x0000000000000000 xr
EXTMEMB3         0x0000000000000000 0x0000000000000000 xr
MEMORY_ARRAY     0x0000000020002000 0x0000000000000020 xrw
*default*        0x0000000000000000 0xffffffffffffffff

Linker script and memory map

LOAD ./system/src/stm32f4-hal/stm32f4xx_hal.o
LOAD ./system/src/stm32f4-hal/stm32f4xx_hal_cortex.o
LOAD ./system/src/stm32f4-hal/stm32f4xx_hal_dfsdm.o
LOAD ./system/src/stm32f4-hal/stm32f4xx_hal_flash.o
LOAD ./system/src/stm32f4-hal/stm32f4xx_hal_flash_ex.o
LOAD ./system/src/stm32f4-hal/stm32f4xx_hal_flash_ramfunc.o
LOAD ./system/src/stm32f4-hal/stm32f4xx_hal_gpio.o
LOAD ./system/src/stm32f4-hal/stm32f4xx_hal_iwdg.o
LOAD ./system/src/stm32f4-hal/stm32f4xx_hal_pwr.o
LOAD ./system/src/stm32f4-hal/stm32f4xx_hal_rcc.o
LOAD ./system/src/newlib/_cxx.o
LOAD ./system/src/newlib/_exit.o
LOAD ./system/src/newlib/_sbrk.o
LOAD ./system/src/newlib/_startup.o
LOAD ./system/src/newlib/_syscalls.o
LOAD ./system/src/newlib/assert.o
LOAD ./system/src/diag/Trace.o
LOAD ./system/src/diag/trace_impl.o
LOAD ./system/src/cortexm/_initialize_hardware.o
LOAD ./system/src/cortexm/_reset_hardware.o
LOAD ./system/src/cortexm/exception_handlers.o
LOAD ./system/src/cmsis/system_stm32f4xx.o
LOAD ./system/src/cmsis/vectors_stm32f407xx.o
LOAD ./src/_initialize_hardware.o
LOAD ./src/_write.o
LOAD ./src/main.o
LOAD ./src/stm32f4xx_hal_msp.o
LOAD /media/squanixmachine/SqxOntheGo/Apps/GNU_ARM/gcc-arm-none-eabi-10-2020-q4-major/bin/../lib/gcc/arm-none-eabi/10.2.1/../../../../arm-none-eabi/lib/thumb/v7e-m/nofp/libstdc++_nano.a
LOAD /media/squanixmachine/SqxOntheGo/Apps/GNU_ARM/gcc-arm-none-eabi-10-2020-q4-major/bin/../lib/gcc/arm-none-eabi/10.2.1/../../../../arm-none-eabi/lib/thumb/v7e-m/nofp/libm.a
START GROUP
LOAD /media/squanixmachine/SqxOntheGo/Apps/GNU_ARM/gcc-arm-none-eabi-10-2020-q4-major/bin/../lib/gcc/arm-none-eabi/10.2.1/thumb/v7e-m/nofp/libgcc.a
LOAD /media/squanixmachine/SqxOntheGo/Apps/GNU_ARM/gcc-arm-none-eabi-10-2020-q4-major/bin/../lib/gcc/arm-none-eabi/10.2.1/../../../../arm-none-eabi/lib/thumb/v7e-m/nofp/libg_nano.a
LOAD /media/squanixmachine/SqxOntheGo/Apps/GNU_ARM/gcc-arm-none-eabi-10-2020-q4-major/bin/../lib/gcc/arm-none-eabi/10.2.1/../../../../arm-none-eabi/lib/thumb/v7e-m/nofp/libc_nano.a
END GROUP
START GROUP
LOAD /media/squanixmachine/SqxOntheGo/Apps/GNU_ARM/gcc-arm-none-eabi-10-2020-q4-major/bin/../lib/gcc/arm-none-eabi/10.2.1/thumb/v7e-m/nofp/libgcc.a
LOAD /media/squanixmachine/SqxOntheGo/Apps/GNU_ARM/gcc-arm-none-eabi-10-2020-q4-major/bin/../lib/gcc/arm-none-eabi/10.2.1/../../../../arm-none-eabi/lib/thumb/v7e-m/nofp/libc_nano.a
END GROUP
                0x0000000020020000                __stack = (ORIGIN (RAM) + LENGTH (RAM))
                0x0000000020020000                _estack = __stack
                0x0000000000000400                __Main_Stack_Size = 0x400
                [!provide]                        PROVIDE (_Main_Stack_Size = __Main_Stack_Size)
                0x000000002001fc00                __Main_Stack_Limit = (__stack - __Main_Stack_Size)
                [!provide]                        PROVIDE (_Main_Stack_Limit = __Main_Stack_Limit)
                0x0000000000000100                _Minimum_Stack_Size = 0x100
                0x000000002000011c                PROVIDE (_Heap_Begin = _end_noinit)
                0x000000002001fc00                PROVIDE (_Heap_Limit = (__stack - __Main_Stack_Size))

.isr_vector     0x0000000008000000      0x3e8
 FILL mask 0xff
                0x0000000008000000                __vectors_start = ABSOLUTE (.)
                0x0000000008000000                __vectors_start__ = ABSOLUTE (.)
 *(.isr_vector)
 .isr_vector    0x0000000008000000      0x188 ./system/src/cmsis/vectors_stm32f407xx.o
                0x0000000008000000                __isr_vectors
 *(.cfmconfig)
 *(.after_vectors .after_vectors.*)
 .after_vectors
                0x0000000008000188      0x130 ./system/src/newlib/_startup.o
                0x0000000008000188                _start
 .after_vectors
                0x00000000080002b8      0x12c ./system/src/cortexm/exception_handlers.o
                0x00000000080002b8                Reset_Handler
                0x00000000080002be                NMI_Handler
                0x00000000080002c2                HardFault_Handler
                0x00000000080002d6                HardFault_Handler_C
                0x0000000008000334                MemManage_Handler
                0x0000000008000338                BusFault_Handler
                0x000000000800034c                BusFault_Handler_C
                0x0000000008000380                UsageFault_Handler
                0x0000000008000394                UsageFault_Handler_C
                0x00000000080003c8                SVC_Handler
                0x00000000080003cc                DebugMon_Handler
                0x00000000080003d0                PendSV_Handler
                0x00000000080003d4                SysTick_Handler
 .after_vectors
                0x00000000080003e4        0x4 ./system/src/cmsis/vectors_stm32f407xx.o
                0x00000000080003e4                RTC_Alarm_IRQHandler
                0x00000000080003e4                HASH_RNG_IRQHandler
                0x00000000080003e4                EXTI2_IRQHandler
                0x00000000080003e4                TIM8_CC_IRQHandler
                0x00000000080003e4                TIM1_CC_IRQHandler
                0x00000000080003e4                DMA2_Stream5_IRQHandler
                0x00000000080003e4                DMA1_Stream5_IRQHandler
                0x00000000080003e4                PVD_IRQHandler
                0x00000000080003e4                SDIO_IRQHandler
                0x00000000080003e4                TAMP_STAMP_IRQHandler
                0x00000000080003e4                CAN2_RX1_IRQHandler
                0x00000000080003e4                EXTI3_IRQHandler
                0x00000000080003e4                TIM8_TRG_COM_TIM14_IRQHandler
                0x00000000080003e4                TIM1_UP_TIM10_IRQHandler
                0x00000000080003e4                TIM8_UP_TIM13_IRQHandler
                0x00000000080003e4                I2C3_ER_IRQHandler
                0x00000000080003e4                EXTI0_IRQHandler
                0x00000000080003e4                I2C2_EV_IRQHandler
                0x00000000080003e4                DMA1_Stream2_IRQHandler
                0x00000000080003e4                CAN1_RX0_IRQHandler
                0x00000000080003e4                FPU_IRQHandler
                0x00000000080003e4                OTG_HS_WKUP_IRQHandler
                0x00000000080003e4                CAN2_SCE_IRQHandler
                0x00000000080003e4                DMA2_Stream2_IRQHandler
                0x00000000080003e4                SPI1_IRQHandler
                0x00000000080003e4                TIM6_DAC_IRQHandler
                0x00000000080003e4                TIM1_BRK_TIM9_IRQHandler
                0x00000000080003e4                DCMI_IRQHandler
                0x00000000080003e4                CAN2_RX0_IRQHandler
                0x00000000080003e4                DMA2_Stream3_IRQHandler
                0x00000000080003e4                USART6_IRQHandler
                0x00000000080003e4                USART3_IRQHandler
                0x00000000080003e4                CAN1_RX1_IRQHandler
                0x00000000080003e4                UART5_IRQHandler
                0x00000000080003e4                DMA2_Stream0_IRQHandler
                0x00000000080003e4                TIM4_IRQHandler
                0x00000000080003e4                I2C1_EV_IRQHandler
                0x00000000080003e4                DMA1_Stream6_IRQHandler
                0x00000000080003e4                DMA1_Stream1_IRQHandler
                0x00000000080003e4                UART4_IRQHandler
                0x00000000080003e4                TIM3_IRQHandler
                0x00000000080003e4                RCC_IRQHandler
                0x00000000080003e4                TIM8_BRK_TIM12_IRQHandler
                0x00000000080003e4                Default_Handler
                0x00000000080003e4                EXTI15_10_IRQHandler
                0x00000000080003e4                ADC_IRQHandler
                0x00000000080003e4                DMA1_Stream7_IRQHandler
                0x00000000080003e4                TIM7_IRQHandler
                0x00000000080003e4                CAN2_TX_IRQHandler
                0x00000000080003e4                TIM5_IRQHandler
                0x00000000080003e4                DMA2_Stream7_IRQHandler
                0x00000000080003e4                I2C3_EV_IRQHandler
                0x00000000080003e4                EXTI9_5_IRQHandler
                0x00000000080003e4                RTC_WKUP_IRQHandler
                0x00000000080003e4                ETH_WKUP_IRQHandler
                0x00000000080003e4                SPI2_IRQHandler
                0x00000000080003e4                OTG_HS_EP1_IN_IRQHandler
                0x00000000080003e4                DMA1_Stream0_IRQHandler
                0x00000000080003e4                CAN1_TX_IRQHandler
                0x00000000080003e4                EXTI4_IRQHandler
                0x00000000080003e4                ETH_IRQHandler
                0x00000000080003e4                OTG_HS_EP1_OUT_IRQHandler
                0x00000000080003e4                WWDG_IRQHandler
                0x00000000080003e4                TIM2_IRQHandler
                0x00000000080003e4                OTG_FS_WKUP_IRQHandler
                0x00000000080003e4                TIM1_TRG_COM_TIM11_IRQHandler
                0x00000000080003e4                OTG_HS_IRQHandler
                0x00000000080003e4                EXTI1_IRQHandler
                0x00000000080003e4                USART2_IRQHandler
                0x00000000080003e4                I2C2_ER_IRQHandler
                0x00000000080003e4                DMA2_Stream1_IRQHandler
                0x00000000080003e4                CAN1_SCE_IRQHandler
                0x00000000080003e4                FLASH_IRQHandler
                0x00000000080003e4                DMA2_Stream4_IRQHandler
                0x00000000080003e4                USART1_IRQHandler
                0x00000000080003e4                OTG_FS_IRQHandler
                0x00000000080003e4                SPI3_IRQHandler
                0x00000000080003e4                DMA1_Stream4_IRQHandler
                0x00000000080003e4                I2C1_ER_IRQHandler
                0x00000000080003e4                FMC_IRQHandler
                0x00000000080003e4                DMA2_Stream6_IRQHandler
                0x00000000080003e4                DMA1_Stream3_IRQHandler

.inits          0x00000000080003e8       0x28
                0x00000000080003e8                __data_regions_array_start = .
                0x00000000080003e8        0x4 LONG 0x8001c60 LOADADDR (.data)
                0x00000000080003ec        0x4 LONG 0x20000000 ADDR (.data)
                0x00000000080003f0        0x4 LONG 0x20000078 (ADDR (.data) + SIZEOF (.data))
                0x00000000080003f4        0x4 LONG 0x8001c60 LOADADDR (.data_CCMRAM)
                0x00000000080003f8        0x4 LONG 0x10000000 ADDR (.data_CCMRAM)
                0x00000000080003fc        0x4 LONG 0x10000000 (ADDR (.data_CCMRAM) + SIZEOF (.data_CCMRAM))
                0x0000000008000400                __data_regions_array_end = .
                0x0000000008000400                __bss_regions_array_start = .
                0x0000000008000400        0x4 LONG 0x20000078 ADDR (.bss)
                0x0000000008000404        0x4 LONG 0x2000011c (ADDR (.bss) + SIZEOF (.bss))
                0x0000000008000408        0x4 LONG 0x10000000 ADDR (.bss_CCMRAM)
                0x000000000800040c        0x4 LONG 0x10000000 (ADDR (.bss_CCMRAM) + SIZEOF (.bss_CCMRAM))
                0x0000000008000410                __bss_regions_array_end = .
 *(.init)
 *(.fini)
                0x0000000008000410                . = ALIGN (0x4)
                0x0000000008000410                PROVIDE (__preinit_array_start = .)
 *(.preinit_array_sysinit .preinit_array_sysinit.*)
 *(.preinit_array_platform .preinit_array_platform.*)
 *(.preinit_array .preinit_array.*)
                0x0000000008000410                PROVIDE (__preinit_array_end = .)
                0x0000000008000410                . = ALIGN (0x4)
                0x0000000008000410                PROVIDE (__init_array_start = .)
 *(SORT_BY_NAME(.init_array.*))
 *(.init_array)
                0x0000000008000410                PROVIDE (__init_array_end = .)
                0x0000000008000410                . = ALIGN (0x4)
                0x0000000008000410                PROVIDE (__fini_array_start = .)
 *(SORT_BY_NAME(.fini_array.*))
 *(.fini_array)
                0x0000000008000410                PROVIDE (__fini_array_end = .)

.flashtext
 *(.flashtext .flashtext.*)

.text           0x0000000008000410     0x184f
 *(.text .text.*)
 .text.HAL_InitTick
                0x0000000008000410       0x2c ./system/src/stm32f4-hal/stm32f4xx_hal.o
                0x0000000008000410                HAL_InitTick
 .text.HAL_Init
                0x000000000800043c       0x34 ./system/src/stm32f4-hal/stm32f4xx_hal.o
                0x000000000800043c                HAL_Init
 .text.HAL_GetTick
                0x0000000008000470        0xc ./system/src/stm32f4-hal/stm32f4xx_hal.o
                0x0000000008000470                HAL_GetTick
 .text.HAL_NVIC_SetPriorityGrouping
                0x000000000800047c       0x3c ./system/src/stm32f4-hal/stm32f4xx_hal_cortex.o
                0x000000000800047c                HAL_NVIC_SetPriorityGrouping
 .text.HAL_NVIC_SetPriority
                0x00000000080004b8       0x8c ./system/src/stm32f4-hal/stm32f4xx_hal_cortex.o
                0x00000000080004b8                HAL_NVIC_SetPriority
 .text.HAL_SYSTICK_Config
                0x0000000008000544       0x28 ./system/src/stm32f4-hal/stm32f4xx_hal_cortex.o
                0x0000000008000544                HAL_SYSTICK_Config
 .text.HAL_SYSTICK_CLKSourceConfig
                0x000000000800056c       0x3c ./system/src/stm32f4-hal/stm32f4xx_hal_cortex.o
                0x000000000800056c                HAL_SYSTICK_CLKSourceConfig
 .text.HAL_RCC_OscConfig
                0x00000000080005a8      0x438 ./system/src/stm32f4-hal/stm32f4xx_hal_rcc.o
                0x00000000080005a8                HAL_RCC_OscConfig
 .text.HAL_RCC_GetSysClockFreq
                0x00000000080009e0       0x98 ./system/src/stm32f4-hal/stm32f4xx_hal_rcc.o
                0x00000000080009e0                HAL_RCC_GetSysClockFreq
 .text.HAL_RCC_ClockConfig
                0x0000000008000a78      0x258 ./system/src/stm32f4-hal/stm32f4xx_hal_rcc.o
                0x0000000008000a78                HAL_RCC_ClockConfig
 .text.HAL_RCC_GetHCLKFreq
                0x0000000008000cd0        0xc ./system/src/stm32f4-hal/stm32f4xx_hal_rcc.o
                0x0000000008000cd0                HAL_RCC_GetHCLKFreq
 .text._exit    0x0000000008000cdc        0x2 ./system/src/newlib/_exit.o
                0x0000000008000cdc                _exit
 *fill*         0x0000000008000cde        0x2 
 .text.abort    0x0000000008000ce0       0x14 ./system/src/newlib/_exit.o
                0x0000000008000ce0                abort
 .text._sbrk    0x0000000008000cf4       0x44 ./system/src/newlib/_sbrk.o
                0x0000000008000cf4                _sbrk
 .text.__initialize_args
                0x0000000008000d38       0x10 ./system/src/newlib/_syscalls.o
                0x0000000008000d38                __initialize_args
 .text.assert_failed
                0x0000000008000d48       0x14 ./system/src/newlib/assert.o
                0x0000000008000d48                assert_failed
 .text.trace_printf
                0x0000000008000d5c       0x34 ./system/src/diag/Trace.o
                0x0000000008000d5c                trace_printf
 .text.trace_puts
                0x0000000008000d90       0x20 ./system/src/diag/Trace.o
                0x0000000008000d90                trace_puts
 .text._trace_write_semihosting_debug
                0x0000000008000db0       0x60 ./system/src/diag/trace_impl.o
 .text.trace_write
                0x0000000008000e10        0x8 ./system/src/diag/trace_impl.o
                0x0000000008000e10                trace_write
 .text.__initialize_hardware_early
                0x0000000008000e18       0x18 ./system/src/cortexm/_initialize_hardware.o
                0x0000000008000e18                __initialize_hardware_early
 .text.dumpExceptionStack
                0x0000000008000e30       0xf4 ./system/src/cortexm/exception_handlers.o
                0x0000000008000e30                dumpExceptionStack
 .text.isSemihosting
                0x0000000008000f24       0x20 ./system/src/cortexm/exception_handlers.o
                0x0000000008000f24                isSemihosting
 .text.SystemInit
                0x0000000008000f44       0x40 ./system/src/cmsis/system_stm32f4xx.o
                0x0000000008000f44                SystemInit
 .text.SystemCoreClockUpdate
                0x0000000008000f84       0xa0 ./system/src/cmsis/system_stm32f4xx.o
                0x0000000008000f84                SystemCoreClockUpdate
 .text.SystemClock_Config
                0x0000000008001024       0x9c ./src/_initialize_hardware.o
                0x0000000008001024                SystemClock_Config
 .text.__initialize_hardware
                0x00000000080010c0       0x10 ./src/_initialize_hardware.o
                0x00000000080010c0                __initialize_hardware
 .text.main     0x00000000080010d0        0x2 ./src/main.o
                0x00000000080010d0                main
 .text.HAL_MspInit
                0x00000000080010d2        0x2 ./src/stm32f4xx_hal_msp.o
                0x00000000080010d2                HAL_MspInit
 .text.__errno  0x00000000080010d4        0xc /media/squanixmachine/SqxOntheGo/Apps/GNU_ARM/gcc-arm-none-eabi-10-2020-q4-major/bin/../lib/gcc/arm-none-eabi/10.2.1/../../../../arm-none-eabi/lib/thumb/v7e-m/nofp/libg_nano.a(lib_a-errno.o)
                0x00000000080010d4                __errno
 .text          0x00000000080010e0       0x10 /media/squanixmachine/SqxOntheGo/Apps/GNU_ARM/gcc-arm-none-eabi-10-2020-q4-major/bin/../lib/gcc/arm-none-eabi/10.2.1/../../../../arm-none-eabi/lib/thumb/v7e-m/nofp/libg_nano.a(lib_a-strlen.o)
                0x00000000080010e0                strlen
 .text._vsnprintf_r
                0x00000000080010f0       0x56 /media/squanixmachine/SqxOntheGo/Apps/GNU_ARM/gcc-arm-none-eabi-10-2020-q4-major/bin/../lib/gcc/arm-none-eabi/10.2.1/../../../../arm-none-eabi/lib/thumb/v7e-m/nofp/libg_nano.a(lib_a-vsnprintf.o)
                0x00000000080010f0                _vsnprintf_r
                0x00000000080010f0                _vsniprintf_r
 *fill*         0x0000000008001146        0x2 
 .text.vsnprintf
                0x0000000008001148       0x1c /media/squanixmachine/SqxOntheGo/Apps/GNU_ARM/gcc-arm-none-eabi-10-2020-q4-major/bin/../lib/gcc/arm-none-eabi/10.2.1/../../../../arm-none-eabi/lib/thumb/v7e-m/nofp/libg_nano.a(lib_a-vsnprintf.o)
                0x0000000008001148                vsnprintf
                0x0000000008001148                vsniprintf
 .text.__ssputs_r
                0x0000000008001164       0xb6 /media/squanixmachine/SqxOntheGo/Apps/GNU_ARM/gcc-arm-none-eabi-10-2020-q4-major/bin/../lib/gcc/arm-none-eabi/10.2.1/../../../../arm-none-eabi/lib/thumb/v7e-m/nofp/libg_nano.a(lib_a-nano-svfprintf.o)
                0x0000000008001164                __ssputs_r
 *fill*         0x000000000800121a        0x2 
 .text._svfprintf_r
                0x000000000800121c      0x200 /media/squanixmachine/SqxOntheGo/Apps/GNU_ARM/gcc-arm-none-eabi-10-2020-q4-major/bin/../lib/gcc/arm-none-eabi/10.2.1/../../../../arm-none-eabi/lib/thumb/v7e-m/nofp/libg_nano.a(lib_a-nano-svfprintf.o)
                0x000000000800121c                _svfprintf_r
                0x000000000800121c                _svfiprintf_r
 .text._printf_common
                0x000000000800141c       0xda /media/squanixmachine/SqxOntheGo/Apps/GNU_ARM/gcc-arm-none-eabi-10-2020-q4-major/bin/../lib/gcc/arm-none-eabi/10.2.1/../../../../arm-none-eabi/lib/thumb/v7e-m/nofp/libg_nano.a(lib_a-nano-vfprintf_i.o)
                0x000000000800141c                _printf_common
 *fill*         0x00000000080014f6        0x2 
 .text._printf_i
                0x00000000080014f8      0x24c /media/squanixmachine/SqxOntheGo/Apps/GNU_ARM/gcc-arm-none-eabi-10-2020-q4-major/bin/../lib/gcc/arm-none-eabi/10.2.1/../../../../arm-none-eabi/lib/thumb/v7e-m/nofp/libg_nano.a(lib_a-nano-vfprintf_i.o)
                0x00000000080014f8                _printf_i
 *fill*         0x0000000008001744        0xc 
 .text          0x0000000008001750       0xa0 /media/squanixmachine/SqxOntheGo/Apps/GNU_ARM/gcc-arm-none-eabi-10-2020-q4-major/bin/../lib/gcc/arm-none-eabi/10.2.1/../../../../arm-none-eabi/lib/thumb/v7e-m/nofp/libg_nano.a(lib_a-memchr.o)
                0x0000000008001750                memchr
 .text.memcpy   0x00000000080017f0       0x1c /media/squanixmachine/SqxOntheGo/Apps/GNU_ARM/gcc-arm-none-eabi-10-2020-q4-major/bin/../lib/gcc/arm-none-eabi/10.2.1/../../../../arm-none-eabi/lib/thumb/v7e-m/nofp/libg_nano.a(lib_a-memcpy-stub.o)
                0x00000000080017f0                memcpy
 .text.memmove  0x000000000800180c       0x34 /media/squanixmachine/SqxOntheGo/Apps/GNU_ARM/gcc-arm-none-eabi-10-2020-q4-major/bin/../lib/gcc/arm-none-eabi/10.2.1/../../../../arm-none-eabi/lib/thumb/v7e-m/nofp/libg_nano.a(lib_a-memmove.o)
                0x000000000800180c                memmove
 .text._free_r  0x0000000008001840       0x94 /media/squanixmachine/SqxOntheGo/Apps/GNU_ARM/gcc-arm-none-eabi-10-2020-q4-major/bin/../lib/gcc/arm-none-eabi/10.2.1/../../../../arm-none-eabi/lib/thumb/v7e-m/nofp/libg_nano.a(lib_a-nano-freer.o)
                0x0000000008001840                _free_r
 .text._malloc_r
                0x00000000080018d4       0xb4 /media/squanixmachine/SqxOntheGo/Apps/GNU_ARM/gcc-arm-none-eabi-10-2020-q4-major/bin/../lib/gcc/arm-none-eabi/10.2.1/../../../../arm-none-eabi/lib/thumb/v7e-m/nofp/libg_nano.a(lib_a-nano-mallocr.o)
                0x00000000080018d4                _malloc_r
 .text._realloc_r
                0x0000000008001988       0x4c /media/squanixmachine/SqxOntheGo/Apps/GNU_ARM/gcc-arm-none-eabi-10-2020-q4-major/bin/../lib/gcc/arm-none-eabi/10.2.1/../../../../arm-none-eabi/lib/thumb/v7e-m/nofp/libg_nano.a(lib_a-nano-reallocr.o)
                0x0000000008001988                _realloc_r
 .text._sbrk_r  0x00000000080019d4       0x20 /media/squanixmachine/SqxOntheGo/Apps/GNU_ARM/gcc-arm-none-eabi-10-2020-q4-major/bin/../lib/gcc/arm-none-eabi/10.2.1/../../../../arm-none-eabi/lib/thumb/v7e-m/nofp/libg_nano.a(lib_a-sbrkr.o)
                0x00000000080019d4                _sbrk_r
 .text.__malloc_lock
                0x00000000080019f4        0xc /media/squanixmachine/SqxOntheGo/Apps/GNU_ARM/gcc-arm-none-eabi-10-2020-q4-major/bin/../lib/gcc/arm-none-eabi/10.2.1/../../../../arm-none-eabi/lib/thumb/v7e-m/nofp/libg_nano.a(lib_a-mlock.o)
                0x00000000080019f4                __malloc_lock
 .text.__malloc_unlock
                0x0000000008001a00        0xc /media/squanixmachine/SqxOntheGo/Apps/GNU_ARM/gcc-arm-none-eabi-10-2020-q4-major/bin/../lib/gcc/arm-none-eabi/10.2.1/../../../../arm-none-eabi/lib/thumb/v7e-m/nofp/libg_nano.a(lib_a-mlock.o)
                0x0000000008001a00                __malloc_unlock
 .text._malloc_usable_size_r
                0x0000000008001a0c       0x10 /media/squanixmachine/SqxOntheGo/Apps/GNU_ARM/gcc-arm-none-eabi-10-2020-q4-major/bin/../lib/gcc/arm-none-eabi/10.2.1/../../../../arm-none-eabi/lib/thumb/v7e-m/nofp/libg_nano.a(lib_a-nano-msizer.o)
                0x0000000008001a0c                _malloc_usable_size_r
 .text.__retarget_lock_acquire_recursive
                0x0000000008001a1c        0x2 /media/squanixmachine/SqxOntheGo/Apps/GNU_ARM/gcc-arm-none-eabi-10-2020-q4-major/bin/../lib/gcc/arm-none-eabi/10.2.1/../../../../arm-none-eabi/lib/thumb/v7e-m/nofp/libg_nano.a(lib_a-lock.o)
                0x0000000008001a1c                __retarget_lock_acquire_recursive
 .text.__retarget_lock_release_recursive
                0x0000000008001a1e        0x2 /media/squanixmachine/SqxOntheGo/Apps/GNU_ARM/gcc-arm-none-eabi-10-2020-q4-major/bin/../lib/gcc/arm-none-eabi/10.2.1/../../../../arm-none-eabi/lib/thumb/v7e-m/nofp/libg_nano.a(lib_a-lock.o)
                0x0000000008001a1e                __retarget_lock_release_recursive
 *(.rodata .rodata.* .constdata .constdata.*)
 .rodata.HAL_NVIC_SetPriorityGrouping.str1.4
                0x0000000008001a20       0x31 ./system/src/stm32f4-hal/stm32f4xx_hal_cortex.o
 *fill*         0x0000000008001a51        0x3 
 .rodata.HAL_RCC_OscConfig.str1.4
                0x0000000008001a54       0x2e ./system/src/stm32f4-hal/stm32f4xx_hal_rcc.o
 *fill*         0x0000000008001a82        0x2 
 .rodata.APBAHBPrescTable
                0x0000000008001a84       0x10 ./system/src/stm32f4-hal/stm32f4xx_hal_rcc.o
                0x0000000008001a84                APBAHBPrescTable
 .rodata.abort.str1.4
                0x0000000008001a94       0x14 ./system/src/newlib/_exit.o
 .rodata.assert_failed.str1.4
                0x0000000008001aa8       0x2b ./system/src/newlib/assert.o
 .rodata.trace_puts.str1.4
                0x0000000008001ad3       0x2b ./system/src/diag/Trace.o
                                          0x2 (size before relaxing)
 *fill*         0x0000000008001ad3        0x1 
 .rodata.dumpExceptionStack.str1.4
                0x0000000008001ad4      0x11a ./system/src/cortexm/exception_handlers.o
 *fill*         0x0000000008001bee        0x2 
 .rodata.str1.4
                0x0000000008001bf0       0x2a ./system/src/cortexm/exception_handlers.o
 *fill*         0x0000000008001c1a        0x2 
 .rodata.AHBPrescTable
                0x0000000008001c1c       0x10 ./system/src/cmsis/system_stm32f4xx.o
                0x0000000008001c1c                AHBPrescTable
 .rodata._svfprintf_r.str1.1
                0x0000000008001c2c       0x11 /media/squanixmachine/SqxOntheGo/Apps/GNU_ARM/gcc-arm-none-eabi-10-2020-q4-major/bin/../lib/gcc/arm-none-eabi/10.2.1/../../../../arm-none-eabi/lib/thumb/v7e-m/nofp/libg_nano.a(lib_a-nano-svfprintf.o)
 .rodata._printf_i.str1.1
                0x0000000008001c3d       0x22 /media/squanixmachine/SqxOntheGo/Apps/GNU_ARM/gcc-arm-none-eabi-10-2020-q4-major/bin/../lib/gcc/arm-none-eabi/10.2.1/../../../../arm-none-eabi/lib/thumb/v7e-m/nofp/libg_nano.a(lib_a-nano-vfprintf_i.o)
 *(vtable)
 *(.eh_frame*)
 *(.glue_7)
 .glue_7        0x0000000008001c5f        0x0 linker stubs
 *(.glue_7t)
 .glue_7t       0x0000000008001c5f        0x0 linker stubs

.vfp11_veneer   0x0000000008001c60        0x0
 .vfp11_veneer  0x0000000008001c60        0x0 linker stubs

.v4_bx          0x0000000008001c60        0x0
 .v4_bx         0x0000000008001c60        0x0 linker stubs

.iplt           0x0000000008001c60        0x0
 .iplt          0x0000000008001c60        0x0 ./system/src/stm32f4-hal/stm32f4xx_hal.o

.rel.dyn        0x0000000008001c60        0x0
 .rel.iplt      0x0000000008001c60        0x0 ./system/src/stm32f4-hal/stm32f4xx_hal.o

.ARM.extab
 *(.ARM.extab* .gnu.linkonce.armextab.*)
                0x0000000008001c60                . = ALIGN (0x4)
                0x0000000008001c60                __exidx_start = .

.ARM.exidx
 *(.ARM.exidx* .gnu.linkonce.armexidx.*)
                0x0000000008001c60                __exidx_end = .
                0x0000000008001c60                . = ALIGN (0x4)
                0x0000000008001c60                _etext = .
                0x0000000008001c60                __etext = .

.data_CCMRAM    0x0000000010000000        0x0 load address 0x0000000008001c60
 FILL mask 0xff
 *(.data.CCMRAM .data.CCMRAM.*)
                0x0000000010000000                . = ALIGN (0x4)
                0x0000000008001c60                _sidata = LOADADDR (.data)

.data           0x0000000020000000       0x78 load address 0x0000000008001c60
 FILL mask 0xff
                0x0000000020000000                _sdata = .
                0x0000000020000000                __data_start__ = .
 *(.data_begin .data_begin.*)
 .data_begin    0x0000000020000000        0x4 ./system/src/newlib/_startup.o
 *(.data .data.*)
 .data.argv.1   0x0000000020000004        0x8 ./system/src/newlib/_syscalls.o
 .data.SystemCoreClock
                0x000000002000000c        0x4 ./system/src/cmsis/system_stm32f4xx.o
                0x000000002000000c                SystemCoreClock
 .data._impure_ptr
                0x0000000020000010        0x4 /media/squanixmachine/SqxOntheGo/Apps/GNU_ARM/gcc-arm-none-eabi-10-2020-q4-major/bin/../lib/gcc/arm-none-eabi/10.2.1/../../../../arm-none-eabi/lib/thumb/v7e-m/nofp/libg_nano.a(lib_a-impure.o)
                0x0000000020000010                _impure_ptr
 .data.impure_data
                0x0000000020000014       0x60 /media/squanixmachine/SqxOntheGo/Apps/GNU_ARM/gcc-arm-none-eabi-10-2020-q4-major/bin/../lib/gcc/arm-none-eabi/10.2.1/../../../../arm-none-eabi/lib/thumb/v7e-m/nofp/libg_nano.a(lib_a-impure.o)
 *(.data_end .data_end.*)
 .data_end      0x0000000020000074        0x4 ./system/src/newlib/_startup.o
                0x0000000020000078                . = ALIGN (0x4)
                0x0000000020000078                _edata = .
                0x0000000020000078                __data_end__ = .

.igot.plt       0x0000000020000078        0x0 load address 0x0000000008001cd8
 .igot.plt      0x0000000020000078        0x0 ./system/src/stm32f4-hal/stm32f4xx_hal.o

.bss_CCMRAM     0x0000000010000000        0x0
 *(.bss.CCMRAM .bss.CCMRAM.*)

.bss            0x0000000020000078       0xa4
                0x0000000020000078                __bss_start__ = .
                0x0000000020000078                _sbss = .
 *(.bss_begin .bss_begin.*)
 .bss_begin     0x0000000020000078        0x4 ./system/src/newlib/_startup.o
 *(.bss .bss.*)
 .bss.uwTick    0x000000002000007c        0x4 ./system/src/stm32f4-hal/stm32f4xx_hal.o
                0x000000002000007c                uwTick
 .bss.current_heap_end.0
                0x0000000020000080        0x4 ./system/src/newlib/_sbrk.o
 .bss.errno     0x0000000020000084        0x4 ./system/src/newlib/_syscalls.o
                0x0000000020000084                errno
 .bss.name.0    0x0000000020000088        0x1 ./system/src/newlib/_syscalls.o
 *fill*         0x0000000020000089        0x3 
 .bss.buf.0     0x000000002000008c       0x80 ./system/src/diag/Trace.o
 .bss.__malloc_free_list
                0x000000002000010c        0x4 /media/squanixmachine/SqxOntheGo/Apps/GNU_ARM/gcc-arm-none-eabi-10-2020-q4-major/bin/../lib/gcc/arm-none-eabi/10.2.1/../../../../arm-none-eabi/lib/thumb/v7e-m/nofp/libg_nano.a(lib_a-nano-mallocr.o)
                0x000000002000010c                __malloc_free_list
 .bss.__malloc_sbrk_start
                0x0000000020000110        0x4 /media/squanixmachine/SqxOntheGo/Apps/GNU_ARM/gcc-arm-none-eabi-10-2020-q4-major/bin/../lib/gcc/arm-none-eabi/10.2.1/../../../../arm-none-eabi/lib/thumb/v7e-m/nofp/libg_nano.a(lib_a-nano-mallocr.o)
                0x0000000020000110                __malloc_sbrk_start
 .bss.__lock___malloc_recursive_mutex
                0x0000000020000114        0x1 /media/squanixmachine/SqxOntheGo/Apps/GNU_ARM/gcc-arm-none-eabi-10-2020-q4-major/bin/../lib/gcc/arm-none-eabi/10.2.1/../../../../arm-none-eabi/lib/thumb/v7e-m/nofp/libg_nano.a(lib_a-lock.o)
                0x0000000020000114                __lock___malloc_recursive_mutex
 *(COMMON)
 *(.bss_end .bss_end.*)
 *fill*         0x0000000020000115        0x3 
 .bss_end       0x0000000020000118        0x4 ./system/src/newlib/_startup.o
                0x000000002000011c                . = ALIGN (0x4)
                0x000000002000011c                __bss_end__ = .
                0x000000002000011c                _ebss = .

.noinit_CCMRAM
 *(.noinit.CCMRAM .noinit.CCMRAM.*)

.noinit         0x000000002000011c        0x0
                0x000000002000011c                _noinit = .
 *(.noinit .noinit.*)
                0x000000002000011c                . = ALIGN (0x4)
                0x000000002000011c                _end_noinit = .
                [!provide]                        PROVIDE (end = _end_noinit)
                [!provide]                        PROVIDE (_end = _end_noinit)
                [!provide]                        PROVIDE (__end = _end_noinit)
                [!provide]                        PROVIDE (__end__ = _end_noinit)

._check_stack   0x000000002000011c      0x100
                0x000000002000021c                . = (. + _Minimum_Stack_Size)
 *fill*         0x000000002000011c      0x100 

.b1text
 *(.b1text)
 *(.b1rodata)
 *(.b1rodata.*)

.eb0text
 *(.eb0text)
 *(.eb0rodata)
 *(.eb0rodata.*)

.eb1text
 *(.eb1text)
 *(.eb1rodata)
 *(.eb1rodata.*)

.eb2text
 *(.eb2text)
 *(.eb2rodata)
 *(.eb2rodata.*)

.eb3text
 *(.eb3text)
 *(.eb3rodata)
 *(.eb3rodata.*)

.stab
 *(.stab)

.stabstr
 *(.stabstr)

.stab.excl
 *(.stab.excl)

.stab.exclstr
 *(.stab.exclstr)

.stab.index
 *(.stab.index)

.stab.indexstr
 *(.stab.indexstr)

.comment        0x0000000000000000       0x4d
 *(.comment)
 .comment       0x0000000000000000       0x4d ./system/src/stm32f4-hal/stm32f4xx_hal.o
                                         0x4e (size before relaxing)
 .comment       0x000000000000004d       0x4e ./system/src/stm32f4-hal/stm32f4xx_hal_cortex.o
 .comment       0x000000000000004d       0x4e ./system/src/stm32f4-hal/stm32f4xx_hal_rcc.o
 .comment       0x000000000000004d       0x4e ./system/src/newlib/_exit.o
 .comment       0x000000000000004d       0x4e ./system/src/newlib/_sbrk.o
 .comment       0x000000000000004d       0x4e ./system/src/newlib/_startup.o
 .comment       0x000000000000004d       0x4e ./system/src/newlib/_syscalls.o
 .comment       0x000000000000004d       0x4e ./system/src/newlib/assert.o
 .comment       0x000000000000004d       0x4e ./system/src/diag/Trace.o
 .comment       0x000000000000004d       0x4e ./system/src/diag/trace_impl.o
 .comment       0x000000000000004d       0x4e ./system/src/cortexm/_initialize_hardware.o
 .comment       0x000000000000004d       0x4e ./system/src/cortexm/exception_handlers.o
 .comment       0x000000000000004d       0x4e ./system/src/cmsis/system_stm32f4xx.o
 .comment       0x000000000000004d       0x4e ./system/src/cmsis/vectors_stm32f407xx.o
 .comment       0x000000000000004d       0x4e ./src/_initialize_hardware.o
 .comment       0x000000000000004d       0x4e ./src/main.o
 .comment       0x000000000000004d       0x4e ./src/stm32f4xx_hal_msp.o

.ARM.attributes
                0x0000000000000000       0x2c
 .ARM.attributes
                0x0000000000000000       0x2e ./system/src/stm32f4-hal/stm32f4xx_hal.o
 .ARM.attributes
                0x000000000000002e       0x2e ./system/src/stm32f4-hal/stm32f4xx_hal_cortex.o
 .ARM.attributes
                0x000000000000005c       0x2e ./system/src/stm32f4-hal/stm32f4xx_hal_rcc.o
 .ARM.attributes
                0x000000000000008a       0x2e ./system/src/newlib/_exit.o
 .ARM.attributes
                0x00000000000000b8       0x2e ./system/src/newlib/_sbrk.o
 .ARM.attributes
                0x00000000000000e6       0x2e ./system/src/newlib/_startup.o
 .ARM.attributes
                0x0000000000000114       0x2e ./system/src/newlib/_syscalls.o
 .ARM.attributes
                0x0000000000000142       0x2e ./system/src/newlib/assert.o
 .ARM.attributes
                0x0000000000000170       0x2e ./system/src/diag/Trace.o
 .ARM.attributes
                0x000000000000019e       0x2e ./system/src/diag/trace_impl.o
 .ARM.attributes
                0x00000000000001cc       0x2e ./system/src/cortexm/_initialize_hardware.o
 .ARM.attributes
                0x00000000000001fa       0x2e ./system/src/cortexm/exception_handlers.o
 .ARM.attributes
                0x0000000000000228       0x2e ./system/src/cmsis/system_stm32f4xx.o
 .ARM.attributes
                0x0000000000000256       0x2e ./system/src/cmsis/vectors_stm32f407xx.o
 .ARM.attributes
                0x0000000000000284       0x2e ./src/_initialize_hardware.o
 .ARM.attributes
                0x00000000000002b2       0x2e ./src/main.o
 .ARM.attributes
                0x00000000000002e0       0x2e ./src/stm32f4xx_hal_msp.o
 .ARM.attributes
                0x000000000000030e       0x2e /media/squanixmachine/SqxOntheGo/Apps/GNU_ARM/gcc-arm-none-eabi-10-2020-q4-major/bin/../lib/gcc/arm-none-eabi/10.2.1/../../../../arm-none-eabi/lib/thumb/v7e-m/nofp/libg_nano.a(lib_a-errno.o)
 .ARM.attributes
                0x000000000000033c       0x2e /media/squanixmachine/SqxOntheGo/Apps/GNU_ARM/gcc-arm-none-eabi-10-2020-q4-major/bin/../lib/gcc/arm-none-eabi/10.2.1/../../../../arm-none-eabi/lib/thumb/v7e-m/nofp/libg_nano.a(lib_a-impure.o)
 .ARM.attributes
                0x000000000000036a       0x17 /media/squanixmachine/SqxOntheGo/Apps/GNU_ARM/gcc-arm-none-eabi-10-2020-q4-major/bin/../lib/gcc/arm-none-eabi/10.2.1/../../../../arm-none-eabi/lib/thumb/v7e-m/nofp/libg_nano.a(lib_a-strlen.o)
 .ARM.attributes
                0x0000000000000381       0x2e /media/squanixmachine/SqxOntheGo/Apps/GNU_ARM/gcc-arm-none-eabi-10-2020-q4-major/bin/../lib/gcc/arm-none-eabi/10.2.1/../../../../arm-none-eabi/lib/thumb/v7e-m/nofp/libg_nano.a(lib_a-vsnprintf.o)
 .ARM.attributes
                0x00000000000003af       0x2e /media/squanixmachine/SqxOntheGo/Apps/GNU_ARM/gcc-arm-none-eabi-10-2020-q4-major/bin/../lib/gcc/arm-none-eabi/10.2.1/../../../../arm-none-eabi/lib/thumb/v7e-m/nofp/libg_nano.a(lib_a-nano-svfprintf.o)
 .ARM.attributes
                0x00000000000003dd       0x2e /media/squanixmachine/SqxOntheGo/Apps/GNU_ARM/gcc-arm-none-eabi-10-2020-q4-major/bin/../lib/gcc/arm-none-eabi/10.2.1/../../../../arm-none-eabi/lib/thumb/v7e-m/nofp/libg_nano.a(lib_a-nano-vfprintf_i.o)
 .ARM.attributes
                0x000000000000040b       0x1c /media/squanixmachine/SqxOntheGo/Apps/GNU_ARM/gcc-arm-none-eabi-10-2020-q4-major/bin/../lib/gcc/arm-none-eabi/10.2.1/../../../../arm-none-eabi/lib/thumb/v7e-m/nofp/libg_nano.a(lib_a-memchr.o)
 .ARM.attributes
                0x0000000000000427       0x2e /media/squanixmachine/SqxOntheGo/Apps/GNU_ARM/gcc-arm-none-eabi-10-2020-q4-major/bin/../lib/gcc/arm-none-eabi/10.2.1/../../../../arm-none-eabi/lib/thumb/v7e-m/nofp/libg_nano.a(lib_a-memcpy-stub.o)
 .ARM.attributes
                0x0000000000000455       0x2e /media/squanixmachine/SqxOntheGo/Apps/GNU_ARM/gcc-arm-none-eabi-10-2020-q4-major/bin/../lib/gcc/arm-none-eabi/10.2.1/../../../../arm-none-eabi/lib/thumb/v7e-m/nofp/libg_nano.a(lib_a-memmove.o)
 .ARM.attributes
                0x0000000000000483       0x2e /media/squanixmachine/SqxOntheGo/Apps/GNU_ARM/gcc-arm-none-eabi-10-2020-q4-major/bin/../lib/gcc/arm-none-eabi/10.2.1/../../../../arm-none-eabi/lib/thumb/v7e-m/nofp/libg_nano.a(lib_a-nano-freer.o)
 .ARM.attributes
                0x00000000000004b1       0x2e /media/squanixmachine/SqxOntheGo/Apps/GNU_ARM/gcc-arm-none-eabi-10-2020-q4-major/bin/../lib/gcc/arm-none-eabi/10.2.1/../../../../arm-none-eabi/lib/thumb/v7e-m/nofp/libg_nano.a(lib_a-nano-mallocr.o)
 .ARM.attributes
                0x00000000000004df       0x2e /media/squanixmachine/SqxOntheGo/Apps/GNU_ARM/gcc-arm-none-eabi-10-2020-q4-major/bin/../lib/gcc/arm-none-eabi/10.2.1/../../../../arm-none-eabi/lib/thumb/v7e-m/nofp/libg_nano.a(lib_a-nano-reallocr.o)
 .ARM.attributes
                0x000000000000050d       0x2e /media/squanixmachine/SqxOntheGo/Apps/GNU_ARM/gcc-arm-none-eabi-10-2020-q4-major/bin/../lib/gcc/arm-none-eabi/10.2.1/../../../../arm-none-eabi/lib/thumb/v7e-m/nofp/libg_nano.a(lib_a-sbrkr.o)
 .ARM.attributes
                0x000000000000053b       0x2e /media/squanixmachine/SqxOntheGo/Apps/GNU_ARM/gcc-arm-none-eabi-10-2020-q4-major/bin/../lib/gcc/arm-none-eabi/10.2.1/../../../../arm-none-eabi/lib/thumb/v7e-m/nofp/libg_nano.a(lib_a-mlock.o)
 .ARM.attributes
                0x0000000000000569       0x2e /media/squanixmachine/SqxOntheGo/Apps/GNU_ARM/gcc-arm-none-eabi-10-2020-q4-major/bin/../lib/gcc/arm-none-eabi/10.2.1/../../../../arm-none-eabi/lib/thumb/v7e-m/nofp/libg_nano.a(lib_a-nano-msizer.o)
 .ARM.attributes
                0x0000000000000597       0x2e /media/squanixmachine/SqxOntheGo/Apps/GNU_ARM/gcc-arm-none-eabi-10-2020-q4-major/bin/../lib/gcc/arm-none-eabi/10.2.1/../../../../arm-none-eabi/lib/thumb/v7e-m/nofp/libg_nano.a(lib_a-lock.o)

.debug
 *(.debug)

.line
 *(.line)

.debug_srcinfo
 *(.debug_srcinfo)

.debug_sfnames
 *(.debug_sfnames)

.debug_aranges  0x0000000000000000      0x4a8
 *(.debug_aranges)
 .debug_aranges
                0x0000000000000000       0xc0 ./system/src/stm32f4-hal/stm32f4xx_hal.o
 .debug_aranges
                0x00000000000000c0       0x98 ./system/src/stm32f4-hal/stm32f4xx_hal_cortex.o
 .debug_aranges
                0x0000000000000158       0x88 ./system/src/stm32f4-hal/stm32f4xx_hal_rcc.o
 .debug_aranges
                0x00000000000001e0       0x28 ./system/src/newlib/_exit.o
 .debug_aranges
                0x0000000000000208       0x20 ./system/src/newlib/_sbrk.o
 .debug_aranges
                0x0000000000000228       0x40 ./system/src/newlib/_startup.o
 .debug_aranges
                0x0000000000000268       0x30 ./system/src/newlib/_syscalls.o
 .debug_aranges
                0x0000000000000298       0x28 ./system/src/newlib/assert.o
 .debug_aranges
                0x00000000000002c0       0x38 ./system/src/diag/Trace.o
 .debug_aranges
                0x00000000000002f8       0x30 ./system/src/diag/trace_impl.o
 .debug_aranges
                0x0000000000000328       0x28 ./system/src/cortexm/_initialize_hardware.o
 .debug_aranges
                0x0000000000000350       0x90 ./system/src/cortexm/exception_handlers.o
 .debug_aranges
                0x00000000000003e0       0x28 ./system/src/cmsis/system_stm32f4xx.o
 .debug_aranges
                0x0000000000000408       0x20 ./system/src/cmsis/vectors_stm32f407xx.o
 .debug_aranges
                0x0000000000000428       0x28 ./src/_initialize_hardware.o
 .debug_aranges
                0x0000000000000450       0x20 ./src/main.o
 .debug_aranges
                0x0000000000000470       0x38 ./src/stm32f4xx_hal_msp.o

.debug_pubnames
 *(.debug_pubnames)

.debug_info     0x0000000000000000     0x55da
 *(.debug_info .gnu.linkonce.wi.*)
 .debug_info    0x0000000000000000      0x92f ./system/src/stm32f4-hal/stm32f4xx_hal.o
 .debug_info    0x000000000000092f     0x1278 ./system/src/stm32f4-hal/stm32f4xx_hal_cortex.o
 .debug_info    0x0000000000001ba7     0x105c ./system/src/stm32f4-hal/stm32f4xx_hal_rcc.o
 .debug_info    0x0000000000002c03       0xf2 ./system/src/newlib/_exit.o
 .debug_info    0x0000000000002cf5      0x112 ./system/src/newlib/_sbrk.o
 .debug_info    0x0000000000002e07      0x573 ./system/src/newlib/_startup.o
 .debug_info    0x000000000000337a      0x1d5 ./system/src/newlib/_syscalls.o
 .debug_info    0x000000000000354f      0x1c1 ./system/src/newlib/assert.o
 .debug_info    0x0000000000003710      0x30b ./system/src/diag/Trace.o
 .debug_info    0x0000000000003a1b      0x320 ./system/src/diag/trace_impl.o
 .debug_info    0x0000000000003d3b      0x2ba ./system/src/cortexm/_initialize_hardware.o
 .debug_info    0x0000000000003ff5      0x983 ./system/src/cortexm/exception_handlers.o
 .debug_info    0x0000000000004978      0x4f4 ./system/src/cmsis/system_stm32f4xx.o
 .debug_info    0x0000000000004e6c       0xce ./system/src/cmsis/vectors_stm32f407xx.o
 .debug_info    0x0000000000004f3a      0x511 ./src/_initialize_hardware.o
 .debug_info    0x000000000000544b       0xc9 ./src/main.o
 .debug_info    0x0000000000005514       0xc6 ./src/stm32f4xx_hal_msp.o

.debug_abbrev   0x0000000000000000     0x1888
 *(.debug_abbrev)
 .debug_abbrev  0x0000000000000000      0x25a ./system/src/stm32f4-hal/stm32f4xx_hal.o
 .debug_abbrev  0x000000000000025a      0x376 ./system/src/stm32f4-hal/stm32f4xx_hal_cortex.o
 .debug_abbrev  0x00000000000005d0      0x314 ./system/src/stm32f4-hal/stm32f4xx_hal_rcc.o
 .debug_abbrev  0x00000000000008e4       0x97 ./system/src/newlib/_exit.o
 .debug_abbrev  0x000000000000097b       0xcd ./system/src/newlib/_sbrk.o
 .debug_abbrev  0x0000000000000a48      0x1fa ./system/src/newlib/_startup.o
 .debug_abbrev  0x0000000000000c42      0x10e ./system/src/newlib/_syscalls.o
 .debug_abbrev  0x0000000000000d50       0xb6 ./system/src/newlib/assert.o
 .debug_abbrev  0x0000000000000e06      0x173 ./system/src/diag/Trace.o
 .debug_abbrev  0x0000000000000f79      0x1eb ./system/src/diag/trace_impl.o
 .debug_abbrev  0x0000000000001164       0xe9 ./system/src/cortexm/_initialize_hardware.o
 .debug_abbrev  0x000000000000124d      0x267 ./system/src/cortexm/exception_handlers.o
 .debug_abbrev  0x00000000000014b4      0x12f ./system/src/cmsis/system_stm32f4xx.o
 .debug_abbrev  0x00000000000015e3       0xa5 ./system/src/cmsis/vectors_stm32f407xx.o
 .debug_abbrev  0x0000000000001688      0x153 ./src/_initialize_hardware.o
 .debug_abbrev  0x00000000000017db       0x66 ./src/main.o
 .debug_abbrev  0x0000000000001841       0x47 ./src/stm32f4xx_hal_msp.o

.debug_line     0x0000000000000000     0x9bc3
 *(.debug_line)
 .debug_line    0x0000000000000000      0xd45 ./system/src/stm32f4-hal/stm32f4xx_hal.o
 .debug_line    0x0000000000000d45     0x1073 ./system/src/stm32f4-hal/stm32f4xx_hal_cortex.o
 .debug_line    0x0000000000001db8     0x162c ./system/src/stm32f4-hal/stm32f4xx_hal_rcc.o
 .debug_line    0x00000000000033e4      0x3d6 ./system/src/newlib/_exit.o
 .debug_line    0x00000000000037ba      0x3c0 ./system/src/newlib/_sbrk.o
 .debug_line    0x0000000000003b7a      0x6ac ./system/src/newlib/_startup.o
 .debug_line    0x0000000000004226      0x4eb ./system/src/newlib/_syscalls.o
 .debug_line    0x0000000000004711      0x412 ./system/src/newlib/assert.o
 .debug_line    0x0000000000004b23      0x4b2 ./system/src/diag/Trace.o
 .debug_line    0x0000000000004fd5      0xbf7 ./system/src/diag/trace_impl.o
 .debug_line    0x0000000000005bcc      0xaf2 ./system/src/cortexm/_initialize_hardware.o
 .debug_line    0x00000000000066be      0xe16 ./system/src/cortexm/exception_handlers.o
 .debug_line    0x00000000000074d4      0xbb3 ./system/src/cmsis/system_stm32f4xx.o
 .debug_line    0x0000000000008087      0x133 ./system/src/cmsis/vectors_stm32f407xx.o
 .debug_line    0x00000000000081ba      0xb53 ./src/_initialize_hardware.o
 .debug_line    0x0000000000008d0d      0x3d3 ./src/main.o
 .debug_line    0x00000000000090e0      0xae3 ./src/stm32f4xx_hal_msp.o

.debug_frame    0x0000000000000000      0xcc0
 *(.debug_frame)
 .debug_frame   0x0000000000000000      0x188 ./system/src/stm32f4-hal/stm32f4xx_hal.o
 .debug_frame   0x0000000000000188      0x17c ./system/src/stm32f4-hal/stm32f4xx_hal_cortex.o
 .debug_frame   0x0000000000000304      0x13c ./system/src/stm32f4-hal/stm32f4xx_hal_rcc.o
 .debug_frame   0x0000000000000440       0x38 ./system/src/newlib/_exit.o
 .debug_frame   0x0000000000000478       0x28 ./system/src/newlib/_sbrk.o
 .debug_frame   0x00000000000004a0       0x7c ./system/src/newlib/_startup.o
 .debug_frame   0x000000000000051c       0x50 ./system/src/newlib/_syscalls.o
 .debug_frame   0x000000000000056c       0x40 ./system/src/newlib/assert.o
 .debug_frame   0x00000000000005ac       0x94 ./system/src/diag/Trace.o
 .debug_frame   0x0000000000000640       0x64 ./system/src/diag/trace_impl.o
 .debug_frame   0x00000000000006a4       0x40 ./system/src/cortexm/_initialize_hardware.o
 .debug_frame   0x00000000000006e4      0x158 ./system/src/cortexm/exception_handlers.o
 .debug_frame   0x000000000000083c       0x30 ./system/src/cmsis/system_stm32f4xx.o
 .debug_frame   0x000000000000086c       0x20 ./system/src/cmsis/vectors_stm32f407xx.o
 .debug_frame   0x000000000000088c       0x48 ./src/_initialize_hardware.o
 .debug_frame   0x00000000000008d4       0x20 ./src/main.o
 .debug_frame   0x00000000000008f4       0x50 ./src/stm32f4xx_hal_msp.o
 .debug_frame   0x0000000000000944       0x20 /media/squanixmachine/SqxOntheGo/Apps/GNU_ARM/gcc-arm-none-eabi-10-2020-q4-major/bin/../lib/gcc/arm-none-eabi/10.2.1/../../../../arm-none-eabi/lib/thumb/v7e-m/nofp/libg_nano.a(lib_a-errno.o)
 .debug_frame   0x0000000000000964       0x4c /media/squanixmachine/SqxOntheGo/Apps/GNU_ARM/gcc-arm-none-eabi-10-2020-q4-major/bin/../lib/gcc/arm-none-eabi/10.2.1/../../../../arm-none-eabi/lib/thumb/v7e-m/nofp/libg_nano.a(lib_a-vsnprintf.o)
 .debug_frame   0x00000000000009b0       0x90 /media/squanixmachine/SqxOntheGo/Apps/GNU_ARM/gcc-arm-none-eabi-10-2020-q4-major/bin/../lib/gcc/arm-none-eabi/10.2.1/../../../../arm-none-eabi/lib/thumb/v7e-m/nofp/libg_nano.a(lib_a-nano-svfprintf.o)
 .debug_frame   0x0000000000000a40       0x60 /media/squanixmachine/SqxOntheGo/Apps/GNU_ARM/gcc-arm-none-eabi-10-2020-q4-major/bin/../lib/gcc/arm-none-eabi/10.2.1/../../../../arm-none-eabi/lib/thumb/v7e-m/nofp/libg_nano.a(lib_a-nano-vfprintf_i.o)
 .debug_frame   0x0000000000000aa0       0x28 /media/squanixmachine/SqxOntheGo/Apps/GNU_ARM/gcc-arm-none-eabi-10-2020-q4-major/bin/../lib/gcc/arm-none-eabi/10.2.1/../../../../arm-none-eabi/lib/thumb/v7e-m/nofp/libg_nano.a(lib_a-memcpy-stub.o)
 .debug_frame   0x0000000000000ac8       0x28 /media/squanixmachine/SqxOntheGo/Apps/GNU_ARM/gcc-arm-none-eabi-10-2020-q4-major/bin/../lib/gcc/arm-none-eabi/10.2.1/../../../../arm-none-eabi/lib/thumb/v7e-m/nofp/libg_nano.a(lib_a-memmove.o)
 .debug_frame   0x0000000000000af0       0x38 /media/squanixmachine/SqxOntheGo/Apps/GNU_ARM/gcc-arm-none-eabi-10-2020-q4-major/bin/../lib/gcc/arm-none-eabi/10.2.1/../../../../arm-none-eabi/lib/thumb/v7e-m/nofp/libg_nano.a(lib_a-nano-freer.o)
 .debug_frame   0x0000000000000b28       0x30 /media/squanixmachine/SqxOntheGo/Apps/GNU_ARM/gcc-arm-none-eabi-10-2020-q4-major/bin/../lib/gcc/arm-none-eabi/10.2.1/../../../../arm-none-eabi/lib/thumb/v7e-m/nofp/libg_nano.a(lib_a-nano-mallocr.o)
 .debug_frame   0x0000000000000b58       0x3c /media/squanixmachine/SqxOntheGo/Apps/GNU_ARM/gcc-arm-none-eabi-10-2020-q4-major/bin/../lib/gcc/arm-none-eabi/10.2.1/../../../../arm-none-eabi/lib/thumb/v7e-m/nofp/libg_nano.a(lib_a-nano-reallocr.o)
 .debug_frame   0x0000000000000b94       0x2c /media/squanixmachine/SqxOntheGo/Apps/GNU_ARM/gcc-arm-none-eabi-10-2020-q4-major/bin/../lib/gcc/arm-none-eabi/10.2.1/../../../../arm-none-eabi/lib/thumb/v7e-m/nofp/libg_nano.a(lib_a-sbrkr.o)
 .debug_frame   0x0000000000000bc0       0x30 /media/squanixmachine/SqxOntheGo/Apps/GNU_ARM/gcc-arm-none-eabi-10-2020-q4-major/bin/../lib/gcc/arm-none-eabi/10.2.1/../../../../arm-none-eabi/lib/thumb/v7e-m/nofp/libg_nano.a(lib_a-mlock.o)
 .debug_frame   0x0000000000000bf0       0x20 /media/squanixmachine/SqxOntheGo/Apps/GNU_ARM/gcc-arm-none-eabi-10-2020-q4-major/bin/../lib/gcc/arm-none-eabi/10.2.1/../../../../arm-none-eabi/lib/thumb/v7e-m/nofp/libg_nano.a(lib_a-nano-msizer.o)
 .debug_frame   0x0000000000000c10       0xb0 /media/squanixmachine/SqxOntheGo/Apps/GNU_ARM/gcc-arm-none-eabi-10-2020-q4-major/bin/../lib/gcc/arm-none-eabi/10.2.1/../../../../arm-none-eabi/lib/thumb/v7e-m/nofp/libg_nano.a(lib_a-lock.o)

.debug_str      0x0000000000000000    0x9b316
 *(.debug_str)
 .debug_str     0x0000000000000000    0x97526 ./system/src/stm32f4-hal/stm32f4xx_hal.o
                                      0x978ef (size before relaxing)
 .debug_str     0x0000000000097526      0x396 ./system/src/stm32f4-hal/stm32f4xx_hal_cortex.o
                                      0x97763 (size before relaxing)
 .debug_str     0x00000000000978bc      0x400 ./system/src/stm32f4-hal/stm32f4xx_hal_rcc.o
                                      0x9730a (size before relaxing)
 .debug_str     0x0000000000097cbc     0x10cf ./system/src/newlib/_exit.o
                                       0x7735 (size before relaxing)
 .debug_str     0x0000000000098d8b      0x4de ./system/src/newlib/_sbrk.o
                                       0x6b16 (size before relaxing)
 .debug_str     0x0000000000099269      0x2cc ./system/src/newlib/_startup.o
                                       0x6382 (size before relaxing)
 .debug_str     0x0000000000099535     0x1505 ./system/src/newlib/_syscalls.o
                                       0x8063 (size before relaxing)
 .debug_str     0x000000000009aa3a       0xd5 ./system/src/newlib/assert.o
                                       0x823a (size before relaxing)
 .debug_str     0x000000000009ab0f      0x176 ./system/src/diag/Trace.o
                                       0x7ebb (size before relaxing)
 .debug_str     0x000000000009ac85      0x37b ./system/src/diag/trace_impl.o
                                      0x98053 (size before relaxing)
 .debug_str     0x000000000009b000       0x5e ./system/src/cortexm/_initialize_hardware.o
                                      0x96e1b (size before relaxing)
 .debug_str     0x000000000009b05e      0x19d ./system/src/cortexm/exception_handlers.o
                                      0x981ea (size before relaxing)
 .debug_str     0x000000000009b1fb       0x46 ./system/src/cmsis/system_stm32f4xx.o
                                      0x96efa (size before relaxing)
 .debug_str     0x000000000009b241       0x59 ./system/src/cmsis/vectors_stm32f407xx.o
                                       0x3870 (size before relaxing)
 .debug_str     0x000000000009b29a       0x31 ./src/_initialize_hardware.o
                                      0x97000 (size before relaxing)
 .debug_str     0x000000000009b2cb        0xe ./src/main.o
                                       0x7dbc (size before relaxing)
 .debug_str     0x000000000009b2d9       0x3d ./src/stm32f4xx_hal_msp.o
                                      0x96d5a (size before relaxing)

.debug_loc      0x0000000000000000     0x2028
 *(.debug_loc)
 .debug_loc     0x0000000000000000       0xdb ./system/src/stm32f4-hal/stm32f4xx_hal.o
 .debug_loc     0x00000000000000db      0x8ef ./system/src/stm32f4-hal/stm32f4xx_hal_cortex.o
 .debug_loc     0x00000000000009ca      0x7a1 ./system/src/stm32f4-hal/stm32f4xx_hal_rcc.o
 .debug_loc     0x000000000000116b       0x15 ./system/src/newlib/_exit.o
 .debug_loc     0x0000000000001180       0x97 ./system/src/newlib/_sbrk.o
 .debug_loc     0x0000000000001217      0x49b ./system/src/newlib/_startup.o
 .debug_loc     0x00000000000016b2       0x6f ./system/src/newlib/_syscalls.o
 .debug_loc     0x0000000000001721      0x17d ./system/src/newlib/assert.o
 .debug_loc     0x000000000000189e      0x118 ./system/src/diag/Trace.o
 .debug_loc     0x00000000000019b6      0x194 ./system/src/diag/trace_impl.o
 .debug_loc     0x0000000000001b4a      0x35c ./system/src/cortexm/exception_handlers.o
 .debug_loc     0x0000000000001ea6      0x158 ./system/src/cmsis/system_stm32f4xx.o
 .debug_loc     0x0000000000001ffe       0x2a ./src/main.o

.debug_macinfo
 *(.debug_macinfo)

.debug_weaknames
 *(.debug_weaknames)

.debug_funcnames
 *(.debug_funcnames)

.debug_typenames
 *(.debug_typenames)

.debug_varnames
 *(.debug_varnames)
OUTPUT(ARM_STM32F407_LIS302DL.elf elf32-littlearm)
LOAD linker stubs

.debug_ranges   0x0000000000000000      0x470
 .debug_ranges  0x0000000000000000       0xb0 ./system/src/stm32f4-hal/stm32f4xx_hal.o
 .debug_ranges  0x00000000000000b0       0xe8 ./system/src/stm32f4-hal/stm32f4xx_hal_cortex.o
 .debug_ranges  0x0000000000000198       0x78 ./system/src/stm32f4-hal/stm32f4xx_hal_rcc.o
 .debug_ranges  0x0000000000000210       0x18 ./system/src/newlib/_exit.o
 .debug_ranges  0x0000000000000228       0x10 ./system/src/newlib/_sbrk.o
 .debug_ranges  0x0000000000000238       0x78 ./system/src/newlib/_startup.o
 .debug_ranges  0x00000000000002b0       0x20 ./system/src/newlib/_syscalls.o
 .debug_ranges  0x00000000000002d0       0x18 ./system/src/newlib/assert.o
 .debug_ranges  0x00000000000002e8       0x28 ./system/src/diag/Trace.o
 .debug_ranges  0x0000000000000310       0x38 ./system/src/diag/trace_impl.o
 .debug_ranges  0x0000000000000348       0x18 ./system/src/cortexm/_initialize_hardware.o
 .debug_ranges  0x0000000000000360       0x98 ./system/src/cortexm/exception_handlers.o
 .debug_ranges  0x00000000000003f8       0x18 ./system/src/cmsis/system_stm32f4xx.o
 .debug_ranges  0x0000000000000410       0x10 ./system/src/cmsis/vectors_stm32f407xx.o
 .debug_ranges  0x0000000000000420       0x18 ./src/_initialize_hardware.o
 .debug_ranges  0x0000000000000438       0x10 ./src/main.o
 .debug_ranges  0x0000000000000448       0x28 ./src/stm32f4xx_hal_msp.o

.debug_macro    0x0000000000000000    0x1b70d
 .debug_macro   0x0000000000000000      0x552 ./system/src/stm32f4-hal/stm32f4xx_hal.o
 .debug_macro   0x0000000000000552      0xa7e ./system/src/stm32f4-hal/stm32f4xx_hal.o
 .debug_macro   0x0000000000000fd0      0x289 ./system/src/stm32f4-hal/stm32f4xx_hal.o
 .debug_macro   0x0000000000001259       0x31 ./system/src/stm32f4-hal/stm32f4xx_hal.o
 .debug_macro   0x000000000000128a       0x28 ./system/src/stm32f4-hal/stm32f4xx_hal.o
 .debug_macro   0x00000000000012b2      0x34e ./system/src/stm32f4-hal/stm32f4xx_hal.o
 .debug_macro   0x0000000000001600       0x35 ./system/src/stm32f4-hal/stm32f4xx_hal.o
 .debug_macro   0x0000000000001635       0x50 ./system/src/stm32f4-hal/stm32f4xx_hal.o
 .debug_macro   0x0000000000001685      0xe66 ./system/src/stm32f4-hal/stm32f4xx_hal.o
 .debug_macro   0x00000000000024eb     0x93f9 ./system/src/stm32f4-hal/stm32f4xx_hal.o
 .debug_macro   0x000000000000b8e4       0x43 ./system/src/stm32f4-hal/stm32f4xx_hal.o
 .debug_macro   0x000000000000b927     0x347f ./system/src/stm32f4-hal/stm32f4xx_hal.o
 .debug_macro   0x000000000000eda6       0x22 ./system/src/stm32f4-hal/stm32f4xx_hal.o
 .debug_macro   0x000000000000edc8       0x5e ./system/src/stm32f4-hal/stm32f4xx_hal.o
 .debug_macro   0x000000000000ee26       0x18 ./system/src/stm32f4-hal/stm32f4xx_hal.o
 .debug_macro   0x000000000000ee3e       0x94 ./system/src/stm32f4-hal/stm32f4xx_hal.o
 .debug_macro   0x000000000000eed2       0x35 ./system/src/stm32f4-hal/stm32f4xx_hal.o
 .debug_macro   0x000000000000ef07       0x34 ./system/src/stm32f4-hal/stm32f4xx_hal.o
 .debug_macro   0x000000000000ef3b       0x16 ./system/src/stm32f4-hal/stm32f4xx_hal.o
 .debug_macro   0x000000000000ef51       0x57 ./system/src/stm32f4-hal/stm32f4xx_hal.o
 .debug_macro   0x000000000000efa8       0x97 ./system/src/stm32f4-hal/stm32f4xx_hal.o
 .debug_macro   0x000000000000f03f      0x333 ./system/src/stm32f4-hal/stm32f4xx_hal.o
 .debug_macro   0x000000000000f372       0xfd ./system/src/stm32f4-hal/stm32f4xx_hal.o
 .debug_macro   0x000000000000f46f       0x10 ./system/src/stm32f4-hal/stm32f4xx_hal.o
 .debug_macro   0x000000000000f47f       0x16 ./system/src/stm32f4-hal/stm32f4xx_hal.o
 .debug_macro   0x000000000000f495       0x43 ./system/src/stm32f4-hal/stm32f4xx_hal.o
 .debug_macro   0x000000000000f4d8       0x34 ./system/src/stm32f4-hal/stm32f4xx_hal.o
 .debug_macro   0x000000000000f50c       0x10 ./system/src/stm32f4-hal/stm32f4xx_hal.o
 .debug_macro   0x000000000000f51c       0x58 ./system/src/stm32f4-hal/stm32f4xx_hal.o
 .debug_macro   0x000000000000f574      0x182 ./system/src/stm32f4-hal/stm32f4xx_hal.o
 .debug_macro   0x000000000000f6f6       0x10 ./system/src/stm32f4-hal/stm32f4xx_hal.o
 .debug_macro   0x000000000000f706       0x6a ./system/src/stm32f4-hal/stm32f4xx_hal.o
 .debug_macro   0x000000000000f770       0x1c ./system/src/stm32f4-hal/stm32f4xx_hal.o
 .debug_macro   0x000000000000f78c       0x52 ./system/src/stm32f4-hal/stm32f4xx_hal.o
 .debug_macro   0x000000000000f7de       0x22 ./system/src/stm32f4-hal/stm32f4xx_hal.o
 .debug_macro   0x000000000000f800       0x10 ./system/src/stm32f4-hal/stm32f4xx_hal.o
 .debug_macro   0x000000000000f810       0x40 ./system/src/stm32f4-hal/stm32f4xx_hal.o
 .debug_macro   0x000000000000f850       0xd5 ./system/src/stm32f4-hal/stm32f4xx_hal.o
 .debug_macro   0x000000000000f925       0x1c ./system/src/stm32f4-hal/stm32f4xx_hal.o
 .debug_macro   0x000000000000f941       0x3d ./system/src/stm32f4-hal/stm32f4xx_hal.o
 .debug_macro   0x000000000000f97e       0x16 ./system/src/stm32f4-hal/stm32f4xx_hal.o
 .debug_macro   0x000000000000f994      0x16f ./system/src/stm32f4-hal/stm32f4xx_hal.o
 .debug_macro   0x000000000000fb03       0x57 ./system/src/stm32f4-hal/stm32f4xx_hal.o
 .debug_macro   0x000000000000fb5a      0x964 ./system/src/stm32f4-hal/stm32f4xx_hal.o
 .debug_macro   0x00000000000104be      0x9e1 ./system/src/stm32f4-hal/stm32f4xx_hal.o
 .debug_macro   0x0000000000010e9f      0x11e ./system/src/stm32f4-hal/stm32f4xx_hal.o
 .debug_macro   0x0000000000010fbd      0x13e ./system/src/stm32f4-hal/stm32f4xx_hal.o
 .debug_macro   0x00000000000110fb       0x27 ./system/src/stm32f4-hal/stm32f4xx_hal.o
 .debug_macro   0x0000000000011122      0x287 ./system/src/stm32f4-hal/stm32f4xx_hal.o
 .debug_macro   0x00000000000113a9       0x5f ./system/src/stm32f4-hal/stm32f4xx_hal.o
 .debug_macro   0x0000000000011408      0x23a ./system/src/stm32f4-hal/stm32f4xx_hal.o
 .debug_macro   0x0000000000011642      0x391 ./system/src/stm32f4-hal/stm32f4xx_hal.o
 .debug_macro   0x00000000000119d3      0x16f ./system/src/stm32f4-hal/stm32f4xx_hal.o
 .debug_macro   0x0000000000011b42       0xf9 ./system/src/stm32f4-hal/stm32f4xx_hal.o
 .debug_macro   0x0000000000011c3b      0x36e ./system/src/stm32f4-hal/stm32f4xx_hal.o
 .debug_macro   0x0000000000011fa9       0x23 ./system/src/stm32f4-hal/stm32f4xx_hal.o
 .debug_macro   0x0000000000011fcc       0xe6 ./system/src/stm32f4-hal/stm32f4xx_hal.o
 .debug_macro   0x00000000000120b2       0xa1 ./system/src/stm32f4-hal/stm32f4xx_hal.o
 .debug_macro   0x0000000000012153       0x3c ./system/src/stm32f4-hal/stm32f4xx_hal.o
 .debug_macro   0x000000000001218f       0x1f ./system/src/stm32f4-hal/stm32f4xx_hal.o
 .debug_macro   0x00000000000121ae      0x1cd ./system/src/stm32f4-hal/stm32f4xx_hal.o
 .debug_macro   0x000000000001237b      0xcd6 ./system/src/stm32f4-hal/stm32f4xx_hal.o
 .debug_macro   0x0000000000013051      0x13a ./system/src/stm32f4-hal/stm32f4xx_hal.o
 .debug_macro   0x000000000001318b      0x21e ./system/src/stm32f4-hal/stm32f4xx_hal.o
 .debug_macro   0x00000000000133a9       0x2e ./system/src/stm32f4-hal/stm32f4xx_hal.o
 .debug_macro   0x00000000000133d7      0x543 ./system/src/stm32f4-hal/stm32f4xx_hal.o
 .debug_macro   0x000000000001391a       0x88 ./system/src/stm32f4-hal/stm32f4xx_hal.o
 .debug_macro   0x00000000000139a2       0xd5 ./system/src/stm32f4-hal/stm32f4xx_hal.o
 .debug_macro   0x0000000000013a77      0x183 ./system/src/stm32f4-hal/stm32f4xx_hal.o
 .debug_macro   0x0000000000013bfa      0x1a7 ./system/src/stm32f4-hal/stm32f4xx_hal.o
 .debug_macro   0x0000000000013da1       0xa5 ./system/src/stm32f4-hal/stm32f4xx_hal.o
 .debug_macro   0x0000000000013e46      0x18b ./system/src/stm32f4-hal/stm32f4xx_hal.o
 .debug_macro   0x0000000000013fd1       0x24 ./system/src/stm32f4-hal/stm32f4xx_hal.o
 .debug_macro   0x0000000000013ff5       0x35 ./system/src/stm32f4-hal/stm32f4xx_hal.o
 .debug_macro   0x000000000001402a       0x79 ./system/src/stm32f4-hal/stm32f4xx_hal.o
 .debug_macro   0x00000000000140a3      0x11e ./system/src/stm32f4-hal/stm32f4xx_hal.o
 .debug_macro   0x00000000000141c1       0x7f ./system/src/stm32f4-hal/stm32f4xx_hal.o
 .debug_macro   0x0000000000014240       0x89 ./system/src/stm32f4-hal/stm32f4xx_hal.o
 .debug_macro   0x00000000000142c9       0x7e ./system/src/stm32f4-hal/stm32f4xx_hal.o
 .debug_macro   0x0000000000014347      0x31a ./system/src/stm32f4-hal/stm32f4xx_hal.o
 .debug_macro   0x0000000000014661      0x409 ./system/src/stm32f4-hal/stm32f4xx_hal.o
 .debug_macro   0x0000000000014a6a       0xe4 ./system/src/stm32f4-hal/stm32f4xx_hal.o
 .debug_macro   0x0000000000014b4e      0x48d ./system/src/stm32f4-hal/stm32f4xx_hal.o
 .debug_macro   0x0000000000014fdb      0x22b ./system/src/stm32f4-hal/stm32f4xx_hal.o
 .debug_macro   0x0000000000015206      0x202 ./system/src/stm32f4-hal/stm32f4xx_hal.o
 .debug_macro   0x0000000000015408      0x6d9 ./system/src/stm32f4-hal/stm32f4xx_hal.o
 .debug_macro   0x0000000000015ae1       0x5b ./system/src/stm32f4-hal/stm32f4xx_hal.o
 .debug_macro   0x0000000000015b3c      0x14d ./system/src/stm32f4-hal/stm32f4xx_hal.o
 .debug_macro   0x0000000000015c89      0x287 ./system/src/stm32f4-hal/stm32f4xx_hal.o
 .debug_macro   0x0000000000015f10      0x225 ./system/src/stm32f4-hal/stm32f4xx_hal.o
 .debug_macro   0x0000000000016135      0x1b5 ./system/src/stm32f4-hal/stm32f4xx_hal.o
 .debug_macro   0x00000000000162ea      0x2db ./system/src/stm32f4-hal/stm32f4xx_hal.o
 .debug_macro   0x00000000000165c5       0x89 ./system/src/stm32f4-hal/stm32f4xx_hal.o
 .debug_macro   0x000000000001664e      0x1df ./system/src/stm32f4-hal/stm32f4xx_hal.o
 .debug_macro   0x000000000001682d      0x115 ./system/src/stm32f4-hal/stm32f4xx_hal.o
 .debug_macro   0x0000000000016942       0x6e ./system/src/stm32f4-hal/stm32f4xx_hal.o
 .debug_macro   0x00000000000169b0      0x125 ./system/src/stm32f4-hal/stm32f4xx_hal.o
 .debug_macro   0x0000000000016ad5      0x504 ./system/src/stm32f4-hal/stm32f4xx_hal_cortex.o
 .debug_macro   0x0000000000016fd9      0x52e ./system/src/stm32f4-hal/stm32f4xx_hal_rcc.o
 .debug_macro   0x0000000000017507      0x1ae ./system/src/newlib/_exit.o
 .debug_macro   0x00000000000176b5      0x10e ./system/src/newlib/_exit.o
 .debug_macro   0x00000000000177c3       0x8d ./system/src/newlib/_exit.o
 .debug_macro   0x0000000000017850       0x35 ./system/src/newlib/_exit.o
 .debug_macro   0x0000000000017885      0x163 ./system/src/newlib/_sbrk.o
 .debug_macro   0x00000000000179e8      0x174 ./system/src/newlib/_sbrk.o
 .debug_macro   0x0000000000017b5c       0x10 ./system/src/newlib/_sbrk.o
 .debug_macro   0x0000000000017b6c      0x23b ./system/src/newlib/_sbrk.o
 .debug_macro   0x0000000000017da7      0x15f ./system/src/newlib/_startup.o
 .debug_macro   0x0000000000017f06      0xa84 ./system/src/newlib/_startup.o
 .debug_macro   0x000000000001898a      0x220 ./system/src/newlib/_syscalls.o
 .debug_macro   0x0000000000018baa       0x1c ./system/src/newlib/_syscalls.o
 .debug_macro   0x0000000000018bc6       0x10 ./system/src/newlib/_syscalls.o
 .debug_macro   0x0000000000018bd6       0x10 ./system/src/newlib/_syscalls.o
 .debug_macro   0x0000000000018be6       0x10 ./system/src/newlib/_syscalls.o
 .debug_macro   0x0000000000018bf6       0x35 ./system/src/newlib/_syscalls.o
 .debug_macro   0x0000000000018c2b      0x12c ./system/src/newlib/_syscalls.o
 .debug_macro   0x0000000000018d57       0xce ./system/src/newlib/_syscalls.o
 .debug_macro   0x0000000000018e25       0x7c ./system/src/newlib/_syscalls.o
 .debug_macro   0x0000000000018ea1       0x17 ./system/src/newlib/_syscalls.o
 .debug_macro   0x0000000000018eb8      0x118 ./system/src/newlib/_syscalls.o
 .debug_macro   0x0000000000018fd0      0x189 ./system/src/newlib/_syscalls.o
 .debug_macro   0x0000000000019159       0x16 ./system/src/newlib/_syscalls.o
 .debug_macro   0x000000000001916f      0x1ca ./system/src/newlib/assert.o
 .debug_macro   0x0000000000019339       0x1c ./system/src/newlib/assert.o
 .debug_macro   0x0000000000019355      0x1f5 ./system/src/diag/Trace.o
 .debug_macro   0x000000000001954a       0x4c ./system/src/diag/Trace.o
 .debug_macro   0x0000000000019596       0x16 ./system/src/diag/Trace.o
 .debug_macro   0x00000000000195ac      0x54a ./system/src/diag/trace_impl.o
 .debug_macro   0x0000000000019af6       0x22 ./system/src/diag/trace_impl.o
 .debug_macro   0x0000000000019b18      0x50e ./system/src/cortexm/_initialize_hardware.o
 .debug_macro   0x000000000001a026      0x577 ./system/src/cortexm/exception_handlers.o
 .debug_macro   0x000000000001a59d       0x3b ./system/src/cortexm/exception_handlers.o
 .debug_macro   0x000000000001a5d8      0x50a ./system/src/cmsis/system_stm32f4xx.o
 .debug_macro   0x000000000001aae2       0x34 ./system/src/cmsis/vectors_stm32f407xx.o
 .debug_macro   0x000000000001ab16      0x504 ./src/_initialize_hardware.o
 .debug_macro   0x000000000001b01a      0x1ef ./src/main.o
 .debug_macro   0x000000000001b209      0x504 ./src/stm32f4xx_hal_msp.o
