Archive member included to satisfy reference by file (symbol)

/media/squanixmachine/SqxOntheGo/Apps/GNU_ARM/gcc-arm-none-eabi-10-2020-q4-major/bin/../lib/gcc/arm-none-eabi/10.2.1/../../../../arm-none-eabi/lib/thumb/v7e-m/nofp/libg_nano.a(lib_a-errno.o)
                              ./system/src/newlib/_sbrk.o (__errno)
/media/squanixmachine/SqxOntheGo/Apps/GNU_ARM/gcc-arm-none-eabi-10-2020-q4-major/bin/../lib/gcc/arm-none-eabi/10.2.1/../../../../arm-none-eabi/lib/thumb/v7e-m/nofp/libg_nano.a(lib_a-impure.o)
                              /media/squanixmachine/SqxOntheGo/Apps/GNU_ARM/gcc-arm-none-eabi-10-2020-q4-major/bin/../lib/gcc/arm-none-eabi/10.2.1/../../../../arm-none-eabi/lib/thumb/v7e-m/nofp/libg_nano.a(lib_a-errno.o) (_impure_ptr)

Discarded input sections

 .text          0x0000000000000000        0x0 ./system/src/stm32f4-hal/stm32f4xx_hal.o
 .data          0x0000000000000000        0x0 ./system/src/stm32f4-hal/stm32f4xx_hal.o
 .bss           0x0000000000000000        0x0 ./system/src/stm32f4-hal/stm32f4xx_hal.o
 .text.HAL_MspInit
                0x0000000000000000        0x2 ./system/src/stm32f4-hal/stm32f4xx_hal.o
 .text.HAL_MspDeInit
                0x0000000000000000        0x2 ./system/src/stm32f4-hal/stm32f4xx_hal.o
 .text.HAL_DeInit
                0x0000000000000000       0x2c ./system/src/stm32f4-hal/stm32f4xx_hal.o
 .text.HAL_Delay
                0x0000000000000000       0x1a ./system/src/stm32f4-hal/stm32f4xx_hal.o
 .text.HAL_SuspendTick
                0x0000000000000000        0xe ./system/src/stm32f4-hal/stm32f4xx_hal.o
 .text.HAL_ResumeTick
                0x0000000000000000        0xe ./system/src/stm32f4-hal/stm32f4xx_hal.o
 .text.HAL_GetHalVersion
                0x0000000000000000        0x8 ./system/src/stm32f4-hal/stm32f4xx_hal.o
 .text.HAL_GetREVID
                0x0000000000000000        0xc ./system/src/stm32f4-hal/stm32f4xx_hal.o
 .text.HAL_GetDEVID
                0x0000000000000000       0x10 ./system/src/stm32f4-hal/stm32f4xx_hal.o
 .text.HAL_DBGMCU_EnableDBGSleepMode
                0x0000000000000000       0x10 ./system/src/stm32f4-hal/stm32f4xx_hal.o
 .text.HAL_DBGMCU_DisableDBGSleepMode
                0x0000000000000000       0x10 ./system/src/stm32f4-hal/stm32f4xx_hal.o
 .text.HAL_DBGMCU_EnableDBGStopMode
                0x0000000000000000       0x10 ./system/src/stm32f4-hal/stm32f4xx_hal.o
 .text.HAL_DBGMCU_DisableDBGStopMode
                0x0000000000000000       0x10 ./system/src/stm32f4-hal/stm32f4xx_hal.o
 .text.HAL_DBGMCU_EnableDBGStandbyMode
                0x0000000000000000       0x10 ./system/src/stm32f4-hal/stm32f4xx_hal.o
 .text.HAL_DBGMCU_DisableDBGStandbyMode
                0x0000000000000000       0x10 ./system/src/stm32f4-hal/stm32f4xx_hal.o
 .text.HAL_EnableCompensationCell
                0x0000000000000000       0x18 ./system/src/stm32f4-hal/stm32f4xx_hal.o
 .text.HAL_DisableCompensationCell
                0x0000000000000000       0x1c ./system/src/stm32f4-hal/stm32f4xx_hal.o
 .text          0x0000000000000000        0x0 ./system/src/stm32f4-hal/stm32f4xx_hal_cortex.o
 .data          0x0000000000000000        0x0 ./system/src/stm32f4-hal/stm32f4xx_hal_cortex.o
 .bss           0x0000000000000000        0x0 ./system/src/stm32f4-hal/stm32f4xx_hal_cortex.o
 .text.HAL_NVIC_EnableIRQ
                0x0000000000000000       0x18 ./system/src/stm32f4-hal/stm32f4xx_hal_cortex.o
 .text.HAL_NVIC_DisableIRQ
                0x0000000000000000       0x1c ./system/src/stm32f4-hal/stm32f4xx_hal_cortex.o
 .text.HAL_NVIC_SystemReset
                0x0000000000000000       0x24 ./system/src/stm32f4-hal/stm32f4xx_hal_cortex.o
 .text.HAL_MPU_ConfigRegion
                0x0000000000000000       0x58 ./system/src/stm32f4-hal/stm32f4xx_hal_cortex.o
 .text.HAL_NVIC_GetPriorityGrouping
                0x0000000000000000       0x10 ./system/src/stm32f4-hal/stm32f4xx_hal_cortex.o
 .text.HAL_NVIC_GetPriority
                0x0000000000000000       0x5c ./system/src/stm32f4-hal/stm32f4xx_hal_cortex.o
 .text.HAL_NVIC_SetPendingIRQ
                0x0000000000000000       0x1c ./system/src/stm32f4-hal/stm32f4xx_hal_cortex.o
 .text.HAL_NVIC_GetPendingIRQ
                0x0000000000000000       0x1c ./system/src/stm32f4-hal/stm32f4xx_hal_cortex.o
 .text.HAL_NVIC_ClearPendingIRQ
                0x0000000000000000       0x1c ./system/src/stm32f4-hal/stm32f4xx_hal_cortex.o
 .text.HAL_NVIC_GetActive
                0x0000000000000000       0x1c ./system/src/stm32f4-hal/stm32f4xx_hal_cortex.o
 .text.HAL_SYSTICK_Callback
                0x0000000000000000        0x2 ./system/src/stm32f4-hal/stm32f4xx_hal_cortex.o
 .text.HAL_SYSTICK_IRQHandler
                0x0000000000000000        0x8 ./system/src/stm32f4-hal/stm32f4xx_hal_cortex.o
 .text          0x0000000000000000        0x0 ./system/src/stm32f4-hal/stm32f4xx_hal_dfsdm.o
 .data          0x0000000000000000        0x0 ./system/src/stm32f4-hal/stm32f4xx_hal_dfsdm.o
 .bss           0x0000000000000000        0x0 ./system/src/stm32f4-hal/stm32f4xx_hal_dfsdm.o
 .debug_info    0x0000000000000000       0x72 ./system/src/stm32f4-hal/stm32f4xx_hal_dfsdm.o
 .debug_abbrev  0x0000000000000000       0x26 ./system/src/stm32f4-hal/stm32f4xx_hal_dfsdm.o
 .debug_aranges
                0x0000000000000000       0x18 ./system/src/stm32f4-hal/stm32f4xx_hal_dfsdm.o
 .debug_line    0x0000000000000000       0x1d ./system/src/stm32f4-hal/stm32f4xx_hal_dfsdm.o
 .debug_str     0x0000000000000000      0x1e2 ./system/src/stm32f4-hal/stm32f4xx_hal_dfsdm.o
 .comment       0x0000000000000000       0x4e ./system/src/stm32f4-hal/stm32f4xx_hal_dfsdm.o
 .ARM.attributes
                0x0000000000000000       0x33 ./system/src/stm32f4-hal/stm32f4xx_hal_dfsdm.o
 .text          0x0000000000000000        0x0 ./system/src/stm32f4-hal/stm32f4xx_hal_flash.o
 .data          0x0000000000000000        0x0 ./system/src/stm32f4-hal/stm32f4xx_hal_flash.o
 .bss           0x0000000000000000        0x0 ./system/src/stm32f4-hal/stm32f4xx_hal_flash.o
 .text.FLASH_Program_Word
                0x0000000000000000       0x24 ./system/src/stm32f4-hal/stm32f4xx_hal_flash.o
 .text.FLASH_Program_HalfWord
                0x0000000000000000       0x24 ./system/src/stm32f4-hal/stm32f4xx_hal_flash.o
 .text.FLASH_SetErrorCode
                0x0000000000000000       0x8c ./system/src/stm32f4-hal/stm32f4xx_hal_flash.o
 .text.HAL_FLASH_Program_IT
                0x0000000000000000       0x90 ./system/src/stm32f4-hal/stm32f4xx_hal_flash.o
 .text.HAL_FLASH_EndOfOperationCallback
                0x0000000000000000        0x2 ./system/src/stm32f4-hal/stm32f4xx_hal_flash.o
 .text.HAL_FLASH_OperationErrorCallback
                0x0000000000000000        0x2 ./system/src/stm32f4-hal/stm32f4xx_hal_flash.o
 .text.HAL_FLASH_IRQHandler
                0x0000000000000000       0xc8 ./system/src/stm32f4-hal/stm32f4xx_hal_flash.o
 .text.HAL_FLASH_Unlock
                0x0000000000000000       0x24 ./system/src/stm32f4-hal/stm32f4xx_hal_flash.o
 .text.HAL_FLASH_Lock
                0x0000000000000000       0x14 ./system/src/stm32f4-hal/stm32f4xx_hal_flash.o
 .text.HAL_FLASH_OB_Unlock
                0x0000000000000000       0x24 ./system/src/stm32f4-hal/stm32f4xx_hal_flash.o
 .text.HAL_FLASH_OB_Lock
                0x0000000000000000       0x14 ./system/src/stm32f4-hal/stm32f4xx_hal_flash.o
 .text.HAL_FLASH_GetError
                0x0000000000000000        0xc ./system/src/stm32f4-hal/stm32f4xx_hal_flash.o
 .text.FLASH_WaitForLastOperation
                0x0000000000000000       0x58 ./system/src/stm32f4-hal/stm32f4xx_hal_flash.o
 .text.HAL_FLASH_Program
                0x0000000000000000       0xa8 ./system/src/stm32f4-hal/stm32f4xx_hal_flash.o
 .text.HAL_FLASH_OB_Launch
                0x0000000000000000       0x18 ./system/src/stm32f4-hal/stm32f4xx_hal_flash.o
 .bss.pFlash    0x0000000000000000       0x20 ./system/src/stm32f4-hal/stm32f4xx_hal_flash.o
 .debug_info    0x0000000000000000      0x754 ./system/src/stm32f4-hal/stm32f4xx_hal_flash.o
 .debug_abbrev  0x0000000000000000      0x30a ./system/src/stm32f4-hal/stm32f4xx_hal_flash.o
 .debug_loc     0x0000000000000000      0x313 ./system/src/stm32f4-hal/stm32f4xx_hal_flash.o
 .debug_aranges
                0x0000000000000000       0x88 ./system/src/stm32f4-hal/stm32f4xx_hal_flash.o
 .debug_ranges  0x0000000000000000       0xa8 ./system/src/stm32f4-hal/stm32f4xx_hal_flash.o
 .debug_line    0x0000000000000000      0x70e ./system/src/stm32f4-hal/stm32f4xx_hal_flash.o
 .debug_str     0x0000000000000000      0x549 ./system/src/stm32f4-hal/stm32f4xx_hal_flash.o
 .comment       0x0000000000000000       0x4e ./system/src/stm32f4-hal/stm32f4xx_hal_flash.o
 .debug_frame   0x0000000000000000      0x134 ./system/src/stm32f4-hal/stm32f4xx_hal_flash.o
 .ARM.attributes
                0x0000000000000000       0x2e ./system/src/stm32f4-hal/stm32f4xx_hal_flash.o
 .text          0x0000000000000000        0x0 ./system/src/stm32f4-hal/stm32f4xx_hal_flash_ex.o
 .data          0x0000000000000000        0x0 ./system/src/stm32f4-hal/stm32f4xx_hal_flash_ex.o
 .bss           0x0000000000000000        0x0 ./system/src/stm32f4-hal/stm32f4xx_hal_flash_ex.o
 .text.FLASH_MassErase.constprop.0
                0x0000000000000000       0x24 ./system/src/stm32f4-hal/stm32f4xx_hal_flash_ex.o
 .text.HAL_FLASHEx_OBProgram
                0x0000000000000000       0xb0 ./system/src/stm32f4-hal/stm32f4xx_hal_flash_ex.o
 .text.HAL_FLASHEx_OBGetConfig
                0x0000000000000000       0x34 ./system/src/stm32f4-hal/stm32f4xx_hal_flash_ex.o
 .text.HAL_FLASHEx_AdvOBProgram
                0x0000000000000000       0x44 ./system/src/stm32f4-hal/stm32f4xx_hal_flash_ex.o
 .text.HAL_FLASHEx_AdvOBGetConfig
                0x0000000000000000        0xc ./system/src/stm32f4-hal/stm32f4xx_hal_flash_ex.o
 .text.HAL_FLASHEx_OB_SelectPCROP
                0x0000000000000000       0x14 ./system/src/stm32f4-hal/stm32f4xx_hal_flash_ex.o
 .text.HAL_FLASHEx_OB_DeSelectPCROP
                0x0000000000000000       0x14 ./system/src/stm32f4-hal/stm32f4xx_hal_flash_ex.o
 .text.FLASH_Erase_Sector
                0x0000000000000000       0x54 ./system/src/stm32f4-hal/stm32f4xx_hal_flash_ex.o
 .text.HAL_FLASHEx_Erase_IT
                0x0000000000000000       0x60 ./system/src/stm32f4-hal/stm32f4xx_hal_flash_ex.o
 .text.FLASH_FlushCaches
                0x0000000000000000       0x58 ./system/src/stm32f4-hal/stm32f4xx_hal_flash_ex.o
 .text.HAL_FLASHEx_Erase
                0x0000000000000000       0xa0 ./system/src/stm32f4-hal/stm32f4xx_hal_flash_ex.o
 .debug_info    0x0000000000000000      0xb44 ./system/src/stm32f4-hal/stm32f4xx_hal_flash_ex.o
 .debug_abbrev  0x0000000000000000      0x301 ./system/src/stm32f4-hal/stm32f4xx_hal_flash_ex.o
 .debug_loc     0x0000000000000000      0x5e6 ./system/src/stm32f4-hal/stm32f4xx_hal_flash_ex.o
 .debug_aranges
                0x0000000000000000       0x70 ./system/src/stm32f4-hal/stm32f4xx_hal_flash_ex.o
 .debug_ranges  0x0000000000000000       0xf8 ./system/src/stm32f4-hal/stm32f4xx_hal_flash_ex.o
 .debug_line    0x0000000000000000      0x76b ./system/src/stm32f4-hal/stm32f4xx_hal_flash_ex.o
 .debug_str     0x0000000000000000      0x691 ./system/src/stm32f4-hal/stm32f4xx_hal_flash_ex.o
 .comment       0x0000000000000000       0x4e ./system/src/stm32f4-hal/stm32f4xx_hal_flash_ex.o
 .debug_frame   0x0000000000000000       0xf0 ./system/src/stm32f4-hal/stm32f4xx_hal_flash_ex.o
 .ARM.attributes
                0x0000000000000000       0x2e ./system/src/stm32f4-hal/stm32f4xx_hal_flash_ex.o
 .text          0x0000000000000000        0x0 ./system/src/stm32f4-hal/stm32f4xx_hal_flash_ramfunc.o
 .data          0x0000000000000000        0x0 ./system/src/stm32f4-hal/stm32f4xx_hal_flash_ramfunc.o
 .bss           0x0000000000000000        0x0 ./system/src/stm32f4-hal/stm32f4xx_hal_flash_ramfunc.o
 .RamFunc       0x0000000000000000       0xc0 ./system/src/stm32f4-hal/stm32f4xx_hal_flash_ramfunc.o
 .debug_info    0x0000000000000000      0x3a4 ./system/src/stm32f4-hal/stm32f4xx_hal_flash_ramfunc.o
 .debug_abbrev  0x0000000000000000      0x100 ./system/src/stm32f4-hal/stm32f4xx_hal_flash_ramfunc.o
 .debug_aranges
                0x0000000000000000       0x38 ./system/src/stm32f4-hal/stm32f4xx_hal_flash_ramfunc.o
 .debug_ranges  0x0000000000000000       0xa8 ./system/src/stm32f4-hal/stm32f4xx_hal_flash_ramfunc.o
 .debug_line    0x0000000000000000      0x1d7 ./system/src/stm32f4-hal/stm32f4xx_hal_flash_ramfunc.o
 .debug_str     0x0000000000000000      0x3d4 ./system/src/stm32f4-hal/stm32f4xx_hal_flash_ramfunc.o
 .comment       0x0000000000000000       0x4e ./system/src/stm32f4-hal/stm32f4xx_hal_flash_ramfunc.o
 .debug_frame   0x0000000000000000       0x70 ./system/src/stm32f4-hal/stm32f4xx_hal_flash_ramfunc.o
 .ARM.attributes
                0x0000000000000000       0x2e ./system/src/stm32f4-hal/stm32f4xx_hal_flash_ramfunc.o
 .text          0x0000000000000000        0x0 ./system/src/stm32f4-hal/stm32f4xx_hal_gpio.o
 .data          0x0000000000000000        0x0 ./system/src/stm32f4-hal/stm32f4xx_hal_gpio.o
 .bss           0x0000000000000000        0x0 ./system/src/stm32f4-hal/stm32f4xx_hal_gpio.o
 .text.HAL_GPIO_DeInit
                0x0000000000000000       0xf4 ./system/src/stm32f4-hal/stm32f4xx_hal_gpio.o
 .text.HAL_GPIO_TogglePin
                0x0000000000000000        0x8 ./system/src/stm32f4-hal/stm32f4xx_hal_gpio.o
 .text.HAL_GPIO_LockPin
                0x0000000000000000       0x2a ./system/src/stm32f4-hal/stm32f4xx_hal_gpio.o
 .text.HAL_GPIO_EXTI_Callback
                0x0000000000000000        0x2 ./system/src/stm32f4-hal/stm32f4xx_hal_gpio.o
 .text.HAL_GPIO_EXTI_IRQHandler
                0x0000000000000000       0x18 ./system/src/stm32f4-hal/stm32f4xx_hal_gpio.o
 .text          0x0000000000000000        0x0 ./system/src/stm32f4-hal/stm32f4xx_hal_iwdg.o
 .data          0x0000000000000000        0x0 ./system/src/stm32f4-hal/stm32f4xx_hal_iwdg.o
 .bss           0x0000000000000000        0x0 ./system/src/stm32f4-hal/stm32f4xx_hal_iwdg.o
 .text.HAL_IWDG_Init
                0x0000000000000000       0x42 ./system/src/stm32f4-hal/stm32f4xx_hal_iwdg.o
 .text.HAL_IWDG_Refresh
                0x0000000000000000        0xc ./system/src/stm32f4-hal/stm32f4xx_hal_iwdg.o
 .debug_info    0x0000000000000000      0x222 ./system/src/stm32f4-hal/stm32f4xx_hal_iwdg.o
 .debug_abbrev  0x0000000000000000      0x121 ./system/src/stm32f4-hal/stm32f4xx_hal_iwdg.o
 .debug_loc     0x0000000000000000       0x90 ./system/src/stm32f4-hal/stm32f4xx_hal_iwdg.o
 .debug_aranges
                0x0000000000000000       0x28 ./system/src/stm32f4-hal/stm32f4xx_hal_iwdg.o
 .debug_ranges  0x0000000000000000       0x18 ./system/src/stm32f4-hal/stm32f4xx_hal_iwdg.o
 .debug_line    0x0000000000000000      0x1fe ./system/src/stm32f4-hal/stm32f4xx_hal_iwdg.o
 .debug_str     0x0000000000000000      0x2b3 ./system/src/stm32f4-hal/stm32f4xx_hal_iwdg.o
 .comment       0x0000000000000000       0x4e ./system/src/stm32f4-hal/stm32f4xx_hal_iwdg.o
 .debug_frame   0x0000000000000000       0x3c ./system/src/stm32f4-hal/stm32f4xx_hal_iwdg.o
 .ARM.attributes
                0x0000000000000000       0x2e ./system/src/stm32f4-hal/stm32f4xx_hal_iwdg.o
 .text          0x0000000000000000        0x0 ./system/src/stm32f4-hal/stm32f4xx_hal_pwr.o
 .data          0x0000000000000000        0x0 ./system/src/stm32f4-hal/stm32f4xx_hal_pwr.o
 .bss           0x0000000000000000        0x0 ./system/src/stm32f4-hal/stm32f4xx_hal_pwr.o
 .text.HAL_PWR_DeInit
                0x0000000000000000       0x18 ./system/src/stm32f4-hal/stm32f4xx_hal_pwr.o
 .text.HAL_PWR_EnableBkUpAccess
                0x0000000000000000       0x1c ./system/src/stm32f4-hal/stm32f4xx_hal_pwr.o
 .text.HAL_PWR_DisableBkUpAccess
                0x0000000000000000       0x1c ./system/src/stm32f4-hal/stm32f4xx_hal_pwr.o
 .text.HAL_PWR_ConfigPVD
                0x0000000000000000       0x70 ./system/src/stm32f4-hal/stm32f4xx_hal_pwr.o
 .text.HAL_PWR_EnablePVD
                0x0000000000000000       0x1a ./system/src/stm32f4-hal/stm32f4xx_hal_pwr.o
 .text.HAL_PWR_DisablePVD
                0x0000000000000000       0x1a ./system/src/stm32f4-hal/stm32f4xx_hal_pwr.o
 .text.HAL_PWR_EnableWakeUpPin
                0x0000000000000000       0x10 ./system/src/stm32f4-hal/stm32f4xx_hal_pwr.o
 .text.HAL_PWR_DisableWakeUpPin
                0x0000000000000000       0x10 ./system/src/stm32f4-hal/stm32f4xx_hal_pwr.o
 .text.HAL_PWR_EnterSLEEPMode
                0x0000000000000000       0x20 ./system/src/stm32f4-hal/stm32f4xx_hal_pwr.o
 .text.HAL_PWR_EnterSTOPMode
                0x0000000000000000       0x38 ./system/src/stm32f4-hal/stm32f4xx_hal_pwr.o
 .text.HAL_PWR_EnterSTANDBYMode
                0x0000000000000000       0x20 ./system/src/stm32f4-hal/stm32f4xx_hal_pwr.o
 .text.HAL_PWR_PVDCallback
                0x0000000000000000        0x2 ./system/src/stm32f4-hal/stm32f4xx_hal_pwr.o
 .text.HAL_PWR_PVD_IRQHandler
                0x0000000000000000       0x1c ./system/src/stm32f4-hal/stm32f4xx_hal_pwr.o
 .text.HAL_PWR_EnableSleepOnExit
                0x0000000000000000       0x10 ./system/src/stm32f4-hal/stm32f4xx_hal_pwr.o
 .text.HAL_PWR_DisableSleepOnExit
                0x0000000000000000       0x10 ./system/src/stm32f4-hal/stm32f4xx_hal_pwr.o
 .text.HAL_PWR_EnableSEVOnPend
                0x0000000000000000       0x10 ./system/src/stm32f4-hal/stm32f4xx_hal_pwr.o
 .text.HAL_PWR_DisableSEVOnPend
                0x0000000000000000       0x10 ./system/src/stm32f4-hal/stm32f4xx_hal_pwr.o
 .debug_info    0x0000000000000000      0x915 ./system/src/stm32f4-hal/stm32f4xx_hal_pwr.o
 .debug_abbrev  0x0000000000000000      0x221 ./system/src/stm32f4-hal/stm32f4xx_hal_pwr.o
 .debug_loc     0x0000000000000000       0xd5 ./system/src/stm32f4-hal/stm32f4xx_hal_pwr.o
 .debug_aranges
                0x0000000000000000       0xa0 ./system/src/stm32f4-hal/stm32f4xx_hal_pwr.o
 .debug_ranges  0x0000000000000000       0x90 ./system/src/stm32f4-hal/stm32f4xx_hal_pwr.o
 .debug_line    0x0000000000000000      0x473 ./system/src/stm32f4-hal/stm32f4xx_hal_pwr.o
 .debug_str     0x0000000000000000      0x58a ./system/src/stm32f4-hal/stm32f4xx_hal_pwr.o
 .comment       0x0000000000000000       0x4e ./system/src/stm32f4-hal/stm32f4xx_hal_pwr.o
 .debug_frame   0x0000000000000000      0x128 ./system/src/stm32f4-hal/stm32f4xx_hal_pwr.o
 .ARM.attributes
                0x0000000000000000       0x2e ./system/src/stm32f4-hal/stm32f4xx_hal_pwr.o
 .text          0x0000000000000000        0x0 ./system/src/stm32f4-hal/stm32f4xx_hal_rcc.o
 .data          0x0000000000000000        0x0 ./system/src/stm32f4-hal/stm32f4xx_hal_rcc.o
 .bss           0x0000000000000000        0x0 ./system/src/stm32f4-hal/stm32f4xx_hal_rcc.o
 .text.HAL_RCC_DeInit
                0x0000000000000000        0x2 ./system/src/stm32f4-hal/stm32f4xx_hal_rcc.o
 .text.HAL_RCC_MCOConfig
                0x0000000000000000       0x98 ./system/src/stm32f4-hal/stm32f4xx_hal_rcc.o
 .text.HAL_RCC_EnableCSS
                0x0000000000000000        0xc ./system/src/stm32f4-hal/stm32f4xx_hal_rcc.o
 .text.HAL_RCC_DisableCSS
                0x0000000000000000        0xc ./system/src/stm32f4-hal/stm32f4xx_hal_rcc.o
 .text.HAL_RCC_GetPCLK1Freq
                0x0000000000000000       0x30 ./system/src/stm32f4-hal/stm32f4xx_hal_rcc.o
 .text.HAL_RCC_GetPCLK2Freq
                0x0000000000000000       0x30 ./system/src/stm32f4-hal/stm32f4xx_hal_rcc.o
 .text.HAL_RCC_GetOscConfig
                0x0000000000000000       0xc4 ./system/src/stm32f4-hal/stm32f4xx_hal_rcc.o
 .text.HAL_RCC_GetClockConfig
                0x0000000000000000       0x3c ./system/src/stm32f4-hal/stm32f4xx_hal_rcc.o
 .text.HAL_RCC_CSSCallback
                0x0000000000000000        0x2 ./system/src/stm32f4-hal/stm32f4xx_hal_rcc.o
 .text.HAL_RCC_NMI_IRQHandler
                0x0000000000000000       0x18 ./system/src/stm32f4-hal/stm32f4xx_hal_rcc.o
 .text          0x0000000000000000        0x0 ./system/src/newlib/_cxx.o
 .data          0x0000000000000000        0x0 ./system/src/newlib/_cxx.o
 .bss           0x0000000000000000        0x0 ./system/src/newlib/_cxx.o
 .text._ZN9__gnu_cxx27__verbose_terminate_handlerEv
                0x0000000000000000        0x6 ./system/src/newlib/_cxx.o
 .text.__cxa_pure_virtual
                0x0000000000000000        0x6 ./system/src/newlib/_cxx.o
 .debug_info    0x0000000000000000      0x7a5 ./system/src/newlib/_cxx.o
 .debug_abbrev  0x0000000000000000      0x225 ./system/src/newlib/_cxx.o
 .debug_aranges
                0x0000000000000000       0x20 ./system/src/newlib/_cxx.o
 .debug_ranges  0x0000000000000000       0x10 ./system/src/newlib/_cxx.o
 .debug_line    0x0000000000000000      0x334 ./system/src/newlib/_cxx.o
 .debug_str     0x0000000000000000      0x410 ./system/src/newlib/_cxx.o
 .comment       0x0000000000000000       0x4e ./system/src/newlib/_cxx.o
 .debug_frame   0x0000000000000000       0x40 ./system/src/newlib/_cxx.o
 .ARM.attributes
                0x0000000000000000       0x2e ./system/src/newlib/_cxx.o
 .text          0x0000000000000000        0x0 ./system/src/newlib/_exit.o
 .data          0x0000000000000000        0x0 ./system/src/newlib/_exit.o
 .bss           0x0000000000000000        0x0 ./system/src/newlib/_exit.o
 .text.abort    0x0000000000000000        0x8 ./system/src/newlib/_exit.o
 .text          0x0000000000000000        0x0 ./system/src/newlib/_sbrk.o
 .data          0x0000000000000000        0x0 ./system/src/newlib/_sbrk.o
 .bss           0x0000000000000000        0x0 ./system/src/newlib/_sbrk.o
 .text._sbrk    0x0000000000000000       0x3c ./system/src/newlib/_sbrk.o
 .bss.current_heap_end.0
                0x0000000000000000        0x4 ./system/src/newlib/_sbrk.o
 .debug_info    0x0000000000000000      0x10e ./system/src/newlib/_sbrk.o
 .debug_abbrev  0x0000000000000000       0xca ./system/src/newlib/_sbrk.o
 .debug_loc     0x0000000000000000       0x78 ./system/src/newlib/_sbrk.o
 .debug_aranges
                0x0000000000000000       0x20 ./system/src/newlib/_sbrk.o
 .debug_ranges  0x0000000000000000       0x10 ./system/src/newlib/_sbrk.o
 .debug_line    0x0000000000000000      0x134 ./system/src/newlib/_sbrk.o
 .debug_str     0x0000000000000000      0x229 ./system/src/newlib/_sbrk.o
 .comment       0x0000000000000000       0x4e ./system/src/newlib/_sbrk.o
 .debug_frame   0x0000000000000000       0x28 ./system/src/newlib/_sbrk.o
 .ARM.attributes
                0x0000000000000000       0x2e ./system/src/newlib/_sbrk.o
 .text          0x0000000000000000        0x0 ./system/src/newlib/_startup.o
 .data          0x0000000000000000        0x0 ./system/src/newlib/_startup.o
 .bss           0x0000000000000000        0x0 ./system/src/newlib/_startup.o
 .text.__initialize_data
                0x0000000000000000       0x10 ./system/src/newlib/_startup.o
 .text.__initialize_bss
                0x0000000000000000        0xe ./system/src/newlib/_startup.o
 .text.__run_init_array
                0x0000000000000000       0x44 ./system/src/newlib/_startup.o
 .text.__run_fini_array
                0x0000000000000000       0x24 ./system/src/newlib/_startup.o
 .text          0x0000000000000000        0x0 ./system/src/newlib/_syscalls.o
 .data          0x0000000000000000        0x0 ./system/src/newlib/_syscalls.o
 .bss           0x0000000000000000        0x0 ./system/src/newlib/_syscalls.o
 .text.raise    0x0000000000000000       0x10 ./system/src/newlib/_syscalls.o
 .text.kill     0x0000000000000000       0x10 ./system/src/newlib/_syscalls.o
 .bss.__dso_handle
                0x0000000000000000        0x4 ./system/src/newlib/_syscalls.o
 .bss.errno     0x0000000000000000        0x4 ./system/src/newlib/_syscalls.o
 .text          0x0000000000000000        0x0 ./system/src/newlib/assert.o
 .data          0x0000000000000000        0x0 ./system/src/newlib/assert.o
 .bss           0x0000000000000000        0x0 ./system/src/newlib/assert.o
 .text.__assert_func
                0x0000000000000000        0x6 ./system/src/newlib/assert.o
 .debug_info    0x0000000000000000      0x120 ./system/src/newlib/assert.o
 .debug_abbrev  0x0000000000000000       0xb6 ./system/src/newlib/assert.o
 .debug_loc     0x0000000000000000       0x94 ./system/src/newlib/assert.o
 .debug_aranges
                0x0000000000000000       0x20 ./system/src/newlib/assert.o
 .debug_ranges  0x0000000000000000       0x10 ./system/src/newlib/assert.o
 .debug_line    0x0000000000000000      0x109 ./system/src/newlib/assert.o
 .debug_str     0x0000000000000000      0x212 ./system/src/newlib/assert.o
 .comment       0x0000000000000000       0x4e ./system/src/newlib/assert.o
 .debug_frame   0x0000000000000000       0x28 ./system/src/newlib/assert.o
 .ARM.attributes
                0x0000000000000000       0x2e ./system/src/newlib/assert.o
 .text          0x0000000000000000        0x0 ./system/src/diag/Trace.o
 .data          0x0000000000000000        0x0 ./system/src/diag/Trace.o
 .bss           0x0000000000000000        0x0 ./system/src/diag/Trace.o
 .debug_line    0x0000000000000000        0x0 ./system/src/diag/Trace.o
 .debug_str     0x0000000000000000      0x138 ./system/src/diag/Trace.o
 .comment       0x0000000000000000       0x4e ./system/src/diag/Trace.o
 .ARM.attributes
                0x0000000000000000       0x33 ./system/src/diag/Trace.o
 .text          0x0000000000000000        0x0 ./system/src/diag/trace_impl.o
 .data          0x0000000000000000        0x0 ./system/src/diag/trace_impl.o
 .bss           0x0000000000000000        0x0 ./system/src/diag/trace_impl.o
 .debug_line    0x0000000000000000        0x0 ./system/src/diag/trace_impl.o
 .debug_str     0x0000000000000000      0x13d ./system/src/diag/trace_impl.o
 .comment       0x0000000000000000       0x4e ./system/src/diag/trace_impl.o
 .ARM.attributes
                0x0000000000000000       0x33 ./system/src/diag/trace_impl.o
 .text          0x0000000000000000        0x0 ./system/src/cortexm/_initialize_hardware.o
 .data          0x0000000000000000        0x0 ./system/src/cortexm/_initialize_hardware.o
 .bss           0x0000000000000000        0x0 ./system/src/cortexm/_initialize_hardware.o
 .text.__initialize_hardware
                0x0000000000000000        0x4 ./system/src/cortexm/_initialize_hardware.o
 .text          0x0000000000000000        0x0 ./system/src/cortexm/_reset_hardware.o
 .data          0x0000000000000000        0x0 ./system/src/cortexm/_reset_hardware.o
 .bss           0x0000000000000000        0x0 ./system/src/cortexm/_reset_hardware.o
 .text          0x0000000000000000        0x0 ./system/src/cortexm/exception_handlers.o
 .data          0x0000000000000000        0x0 ./system/src/cortexm/exception_handlers.o
 .bss           0x0000000000000000        0x0 ./system/src/cortexm/exception_handlers.o
 .text          0x0000000000000000        0x0 ./system/src/cmsis/system_stm32f4xx.o
 .data          0x0000000000000000        0x0 ./system/src/cmsis/system_stm32f4xx.o
 .bss           0x0000000000000000        0x0 ./system/src/cmsis/system_stm32f4xx.o
 .text          0x0000000000000000        0x0 ./system/src/cmsis/vectors_stm32f411xe.o
 .data          0x0000000000000000        0x0 ./system/src/cmsis/vectors_stm32f411xe.o
 .bss           0x0000000000000000        0x0 ./system/src/cmsis/vectors_stm32f411xe.o
 .text          0x0000000000000000        0x0 ./src/BlinkLed.o
 .data          0x0000000000000000        0x0 ./src/BlinkLed.o
 .bss           0x0000000000000000        0x0 ./src/BlinkLed.o
 .text          0x0000000000000000        0x0 ./src/Timer.o
 .data          0x0000000000000000        0x0 ./src/Timer.o
 .bss           0x0000000000000000        0x0 ./src/Timer.o
 .text.timer_sleep
                0x0000000000000000       0x10 ./src/Timer.o
 .text          0x0000000000000000        0x0 ./src/_initialize_hardware.o
 .data          0x0000000000000000        0x0 ./src/_initialize_hardware.o
 .bss           0x0000000000000000        0x0 ./src/_initialize_hardware.o
 .text          0x0000000000000000        0x0 ./src/_write.o
 .data          0x0000000000000000        0x0 ./src/_write.o
 .bss           0x0000000000000000        0x0 ./src/_write.o
 .debug_line    0x0000000000000000        0x0 ./src/_write.o
 .debug_str     0x0000000000000000      0x12d ./src/_write.o
 .comment       0x0000000000000000       0x4e ./src/_write.o
 .ARM.attributes
                0x0000000000000000       0x33 ./src/_write.o
 .text          0x0000000000000000        0x0 ./src/main.o
 .data          0x0000000000000000        0x0 ./src/main.o
 .bss           0x0000000000000000        0x0 ./src/main.o
 .text          0x0000000000000000        0x0 ./src/stm32f4xx_hal_msp.o
 .data          0x0000000000000000        0x0 ./src/stm32f4xx_hal_msp.o
 .bss           0x0000000000000000        0x0 ./src/stm32f4xx_hal_msp.o
 .text.HAL_MspDeInit
                0x0000000000000000        0x2 ./src/stm32f4xx_hal_msp.o
 .text.HAL_PPP_MspInit
                0x0000000000000000        0x2 ./src/stm32f4xx_hal_msp.o
 .text.HAL_PPP_MspDeInit
                0x0000000000000000        0x2 ./src/stm32f4xx_hal_msp.o
 .text          0x0000000000000000        0x0 /media/squanixmachine/SqxOntheGo/Apps/GNU_ARM/gcc-arm-none-eabi-10-2020-q4-major/bin/../lib/gcc/arm-none-eabi/10.2.1/../../../../arm-none-eabi/lib/thumb/v7e-m/nofp/libg_nano.a(lib_a-errno.o)
 .data          0x0000000000000000        0x0 /media/squanixmachine/SqxOntheGo/Apps/GNU_ARM/gcc-arm-none-eabi-10-2020-q4-major/bin/../lib/gcc/arm-none-eabi/10.2.1/../../../../arm-none-eabi/lib/thumb/v7e-m/nofp/libg_nano.a(lib_a-errno.o)
 .bss           0x0000000000000000        0x0 /media/squanixmachine/SqxOntheGo/Apps/GNU_ARM/gcc-arm-none-eabi-10-2020-q4-major/bin/../lib/gcc/arm-none-eabi/10.2.1/../../../../arm-none-eabi/lib/thumb/v7e-m/nofp/libg_nano.a(lib_a-errno.o)
 .text.__errno  0x0000000000000000        0xc /media/squanixmachine/SqxOntheGo/Apps/GNU_ARM/gcc-arm-none-eabi-10-2020-q4-major/bin/../lib/gcc/arm-none-eabi/10.2.1/../../../../arm-none-eabi/lib/thumb/v7e-m/nofp/libg_nano.a(lib_a-errno.o)
 .debug_frame   0x0000000000000000       0x20 /media/squanixmachine/SqxOntheGo/Apps/GNU_ARM/gcc-arm-none-eabi-10-2020-q4-major/bin/../lib/gcc/arm-none-eabi/10.2.1/../../../../arm-none-eabi/lib/thumb/v7e-m/nofp/libg_nano.a(lib_a-errno.o)
 .ARM.attributes
                0x0000000000000000       0x2e /media/squanixmachine/SqxOntheGo/Apps/GNU_ARM/gcc-arm-none-eabi-10-2020-q4-major/bin/../lib/gcc/arm-none-eabi/10.2.1/../../../../arm-none-eabi/lib/thumb/v7e-m/nofp/libg_nano.a(lib_a-errno.o)
 .text          0x0000000000000000        0x0 /media/squanixmachine/SqxOntheGo/Apps/GNU_ARM/gcc-arm-none-eabi-10-2020-q4-major/bin/../lib/gcc/arm-none-eabi/10.2.1/../../../../arm-none-eabi/lib/thumb/v7e-m/nofp/libg_nano.a(lib_a-impure.o)
 .data          0x0000000000000000        0x0 /media/squanixmachine/SqxOntheGo/Apps/GNU_ARM/gcc-arm-none-eabi-10-2020-q4-major/bin/../lib/gcc/arm-none-eabi/10.2.1/../../../../arm-none-eabi/lib/thumb/v7e-m/nofp/libg_nano.a(lib_a-impure.o)
 .bss           0x0000000000000000        0x0 /media/squanixmachine/SqxOntheGo/Apps/GNU_ARM/gcc-arm-none-eabi-10-2020-q4-major/bin/../lib/gcc/arm-none-eabi/10.2.1/../../../../arm-none-eabi/lib/thumb/v7e-m/nofp/libg_nano.a(lib_a-impure.o)
 .data._impure_ptr
                0x0000000000000000        0x4 /media/squanixmachine/SqxOntheGo/Apps/GNU_ARM/gcc-arm-none-eabi-10-2020-q4-major/bin/../lib/gcc/arm-none-eabi/10.2.1/../../../../arm-none-eabi/lib/thumb/v7e-m/nofp/libg_nano.a(lib_a-impure.o)
 .data.impure_data
                0x0000000000000000       0x60 /media/squanixmachine/SqxOntheGo/Apps/GNU_ARM/gcc-arm-none-eabi-10-2020-q4-major/bin/../lib/gcc/arm-none-eabi/10.2.1/../../../../arm-none-eabi/lib/thumb/v7e-m/nofp/libg_nano.a(lib_a-impure.o)
 .rodata._global_impure_ptr
                0x0000000000000000        0x4 /media/squanixmachine/SqxOntheGo/Apps/GNU_ARM/gcc-arm-none-eabi-10-2020-q4-major/bin/../lib/gcc/arm-none-eabi/10.2.1/../../../../arm-none-eabi/lib/thumb/v7e-m/nofp/libg_nano.a(lib_a-impure.o)
 .ARM.attributes
                0x0000000000000000       0x2e /media/squanixmachine/SqxOntheGo/Apps/GNU_ARM/gcc-arm-none-eabi-10-2020-q4-major/bin/../lib/gcc/arm-none-eabi/10.2.1/../../../../arm-none-eabi/lib/thumb/v7e-m/nofp/libg_nano.a(lib_a-impure.o)

Memory Configuration

Name             Origin             Length             Attributes
RAM              0x0000000020000000 0x0000000000020000 xrw
CCMRAM           0x0000000010000000 0x0000000000010000 xrw
FLASH            0x0000000008000000 0x0000000000100000 xr
FLASHB1          0x0000000000000000 0x0000000000000000 xr
EXTMEMB0         0x0000000000000000 0x0000000000000000 xr
EXTMEMB1         0x0000000000000000 0x0000000000000000 xr
EXTMEMB2         0x0000000000000000 0x0000000000000000 xr
EXTMEMB3         0x0000000000000000 0x0000000000000000 xr
MEMORY_ARRAY     0x0000000020002000 0x0000000000000020 xrw
*default*        0x0000000000000000 0xffffffffffffffff

Linker script and memory map

LOAD ./system/src/stm32f4-hal/stm32f4xx_hal.o
LOAD ./system/src/stm32f4-hal/stm32f4xx_hal_cortex.o
LOAD ./system/src/stm32f4-hal/stm32f4xx_hal_dfsdm.o
LOAD ./system/src/stm32f4-hal/stm32f4xx_hal_flash.o
LOAD ./system/src/stm32f4-hal/stm32f4xx_hal_flash_ex.o
LOAD ./system/src/stm32f4-hal/stm32f4xx_hal_flash_ramfunc.o
LOAD ./system/src/stm32f4-hal/stm32f4xx_hal_gpio.o
LOAD ./system/src/stm32f4-hal/stm32f4xx_hal_iwdg.o
LOAD ./system/src/stm32f4-hal/stm32f4xx_hal_pwr.o
LOAD ./system/src/stm32f4-hal/stm32f4xx_hal_rcc.o
LOAD ./system/src/newlib/_cxx.o
LOAD ./system/src/newlib/_exit.o
LOAD ./system/src/newlib/_sbrk.o
LOAD ./system/src/newlib/_startup.o
LOAD ./system/src/newlib/_syscalls.o
LOAD ./system/src/newlib/assert.o
LOAD ./system/src/diag/Trace.o
LOAD ./system/src/diag/trace_impl.o
LOAD ./system/src/cortexm/_initialize_hardware.o
LOAD ./system/src/cortexm/_reset_hardware.o
LOAD ./system/src/cortexm/exception_handlers.o
LOAD ./system/src/cmsis/system_stm32f4xx.o
LOAD ./system/src/cmsis/vectors_stm32f411xe.o
LOAD ./src/BlinkLed.o
LOAD ./src/Timer.o
LOAD ./src/_initialize_hardware.o
LOAD ./src/_write.o
LOAD ./src/main.o
LOAD ./src/stm32f4xx_hal_msp.o
LOAD /media/squanixmachine/SqxOntheGo/Apps/GNU_ARM/gcc-arm-none-eabi-10-2020-q4-major/bin/../lib/gcc/arm-none-eabi/10.2.1/../../../../arm-none-eabi/lib/thumb/v7e-m/nofp/libstdc++_nano.a
LOAD /media/squanixmachine/SqxOntheGo/Apps/GNU_ARM/gcc-arm-none-eabi-10-2020-q4-major/bin/../lib/gcc/arm-none-eabi/10.2.1/../../../../arm-none-eabi/lib/thumb/v7e-m/nofp/libm.a
START GROUP
LOAD /media/squanixmachine/SqxOntheGo/Apps/GNU_ARM/gcc-arm-none-eabi-10-2020-q4-major/bin/../lib/gcc/arm-none-eabi/10.2.1/thumb/v7e-m/nofp/libgcc.a
LOAD /media/squanixmachine/SqxOntheGo/Apps/GNU_ARM/gcc-arm-none-eabi-10-2020-q4-major/bin/../lib/gcc/arm-none-eabi/10.2.1/../../../../arm-none-eabi/lib/thumb/v7e-m/nofp/libg_nano.a
LOAD /media/squanixmachine/SqxOntheGo/Apps/GNU_ARM/gcc-arm-none-eabi-10-2020-q4-major/bin/../lib/gcc/arm-none-eabi/10.2.1/../../../../arm-none-eabi/lib/thumb/v7e-m/nofp/libc_nano.a
END GROUP
START GROUP
LOAD /media/squanixmachine/SqxOntheGo/Apps/GNU_ARM/gcc-arm-none-eabi-10-2020-q4-major/bin/../lib/gcc/arm-none-eabi/10.2.1/thumb/v7e-m/nofp/libgcc.a
LOAD /media/squanixmachine/SqxOntheGo/Apps/GNU_ARM/gcc-arm-none-eabi-10-2020-q4-major/bin/../lib/gcc/arm-none-eabi/10.2.1/../../../../arm-none-eabi/lib/thumb/v7e-m/nofp/libc_nano.a
END GROUP
                0x0000000020020000                __stack = (ORIGIN (RAM) + LENGTH (RAM))
                0x0000000020020000                _estack = __stack
                0x0000000000000400                __Main_Stack_Size = 0x400
                [!provide]                        PROVIDE (_Main_Stack_Size = __Main_Stack_Size)
                0x000000002001fc00                __Main_Stack_Limit = (__stack - __Main_Stack_Size)
                [!provide]                        PROVIDE (_Main_Stack_Limit = __Main_Stack_Limit)
                0x0000000000000100                _Minimum_Stack_Size = 0x100
                0x0000000020000018                PROVIDE (_Heap_Begin = _end_noinit)
                0x000000002001fc00                PROVIDE (_Heap_Limit = (__stack - __Main_Stack_Size))

.isr_vector     0x0000000008000000      0x2ca
 FILL mask 0xff
                0x0000000008000000                __vectors_start = ABSOLUTE (.)
                0x0000000008000000                __vectors_start__ = ABSOLUTE (.)
 *(.isr_vector)
 .isr_vector    0x0000000008000000      0x198 ./system/src/cmsis/vectors_stm32f411xe.o
                0x0000000008000000                __isr_vectors
 *(.cfmconfig)
 *(.after_vectors .after_vectors.*)
 .after_vectors
                0x0000000008000198       0xcc ./system/src/newlib/_startup.o
                0x0000000008000198                _start
 .after_vectors
                0x0000000008000264       0x64 ./system/src/cortexm/exception_handlers.o
                0x0000000008000264                Reset_Handler
                0x0000000008000268                NMI_Handler
                0x000000000800026a                HardFault_Handler
                0x000000000800027e                HardFault_Handler_C
                0x0000000008000280                MemManage_Handler
                0x0000000008000282                BusFault_Handler
                0x0000000008000296                BusFault_Handler_C
                0x0000000008000298                UsageFault_Handler
                0x00000000080002ac                UsageFault_Handler_C
                0x00000000080002ae                SVC_Handler
                0x00000000080002b0                DebugMon_Handler
                0x00000000080002b2                PendSV_Handler
 .after_vectors
                0x00000000080002c8        0x2 ./system/src/cmsis/vectors_stm32f411xe.o
                0x00000000080002c8                RTC_Alarm_IRQHandler
                0x00000000080002c8                EXTI2_IRQHandler
                0x00000000080002c8                SPI4_IRQHandler
                0x00000000080002c8                TIM1_CC_IRQHandler
                0x00000000080002c8                DMA2_Stream5_IRQHandler
                0x00000000080002c8                DMA1_Stream5_IRQHandler
                0x00000000080002c8                PVD_IRQHandler
                0x00000000080002c8                SDIO_IRQHandler
                0x00000000080002c8                TAMP_STAMP_IRQHandler
                0x00000000080002c8                EXTI3_IRQHandler
                0x00000000080002c8                TIM1_UP_TIM10_IRQHandler
                0x00000000080002c8                I2C3_ER_IRQHandler
                0x00000000080002c8                EXTI0_IRQHandler
                0x00000000080002c8                I2C2_EV_IRQHandler
                0x00000000080002c8                DMA1_Stream2_IRQHandler
                0x00000000080002c8                FPU_IRQHandler
                0x00000000080002c8                DMA2_Stream2_IRQHandler
                0x00000000080002c8                SPI1_IRQHandler
                0x00000000080002c8                TIM1_BRK_TIM9_IRQHandler
                0x00000000080002c8                DMA2_Stream3_IRQHandler
                0x00000000080002c8                USART6_IRQHandler
                0x00000000080002c8                DMA2_Stream0_IRQHandler
                0x00000000080002c8                TIM4_IRQHandler
                0x00000000080002c8                I2C1_EV_IRQHandler
                0x00000000080002c8                DMA1_Stream6_IRQHandler
                0x00000000080002c8                DMA1_Stream1_IRQHandler
                0x00000000080002c8                TIM3_IRQHandler
                0x00000000080002c8                RCC_IRQHandler
                0x00000000080002c8                Default_Handler
                0x00000000080002c8                EXTI15_10_IRQHandler
                0x00000000080002c8                ADC_IRQHandler
                0x00000000080002c8                DMA1_Stream7_IRQHandler
                0x00000000080002c8                SPI5_IRQHandler
                0x00000000080002c8                TIM5_IRQHandler
                0x00000000080002c8                DMA2_Stream7_IRQHandler
                0x00000000080002c8                I2C3_EV_IRQHandler
                0x00000000080002c8                EXTI9_5_IRQHandler
                0x00000000080002c8                RTC_WKUP_IRQHandler
                0x00000000080002c8                SPI2_IRQHandler
                0x00000000080002c8                DMA1_Stream0_IRQHandler
                0x00000000080002c8                EXTI4_IRQHandler
                0x00000000080002c8                WWDG_IRQHandler
                0x00000000080002c8                TIM2_IRQHandler
                0x00000000080002c8                OTG_FS_WKUP_IRQHandler
                0x00000000080002c8                TIM1_TRG_COM_TIM11_IRQHandler
                0x00000000080002c8                EXTI1_IRQHandler
                0x00000000080002c8                USART2_IRQHandler
                0x00000000080002c8                I2C2_ER_IRQHandler
                0x00000000080002c8                DMA2_Stream1_IRQHandler
                0x00000000080002c8                FLASH_IRQHandler
                0x00000000080002c8                DMA2_Stream4_IRQHandler
                0x00000000080002c8                USART1_IRQHandler
                0x00000000080002c8                OTG_FS_IRQHandler
                0x00000000080002c8                SPI3_IRQHandler
                0x00000000080002c8                DMA1_Stream4_IRQHandler
                0x00000000080002c8                I2C1_ER_IRQHandler
                0x00000000080002c8                DMA2_Stream6_IRQHandler
                0x00000000080002c8                DMA1_Stream3_IRQHandler

.inits          0x00000000080002cc       0x28
                0x00000000080002cc                __data_regions_array_start = .
                0x00000000080002cc        0x4 LONG 0x8000d38 LOADADDR (.data)
                0x00000000080002d0        0x4 LONG 0x20000000 ADDR (.data)
                0x00000000080002d4        0x4 LONG 0x2000000c (ADDR (.data) + SIZEOF (.data))
                0x00000000080002d8        0x4 LONG 0x8000d38 LOADADDR (.data_CCMRAM)
                0x00000000080002dc        0x4 LONG 0x10000000 ADDR (.data_CCMRAM)
                0x00000000080002e0        0x4 LONG 0x10000000 (ADDR (.data_CCMRAM) + SIZEOF (.data_CCMRAM))
                0x00000000080002e4                __data_regions_array_end = .
                0x00000000080002e4                __bss_regions_array_start = .
                0x00000000080002e4        0x4 LONG 0x2000000c ADDR (.bss)
                0x00000000080002e8        0x4 LONG 0x20000018 (ADDR (.bss) + SIZEOF (.bss))
                0x00000000080002ec        0x4 LONG 0x10000000 ADDR (.bss_CCMRAM)
                0x00000000080002f0        0x4 LONG 0x10000000 (ADDR (.bss_CCMRAM) + SIZEOF (.bss_CCMRAM))
                0x00000000080002f4                __bss_regions_array_end = .
 *(.init)
 *(.fini)
                0x00000000080002f4                . = ALIGN (0x4)
                0x00000000080002f4                PROVIDE (__preinit_array_start = .)
 *(.preinit_array_sysinit .preinit_array_sysinit.*)
 *(.preinit_array_platform .preinit_array_platform.*)
 *(.preinit_array .preinit_array.*)
                0x00000000080002f4                PROVIDE (__preinit_array_end = .)
                0x00000000080002f4                . = ALIGN (0x4)
                0x00000000080002f4                PROVIDE (__init_array_start = .)
 *(SORT_BY_NAME(.init_array.*))
 *(.init_array)
                0x00000000080002f4                PROVIDE (__init_array_end = .)
                0x00000000080002f4                . = ALIGN (0x4)
                0x00000000080002f4                PROVIDE (__fini_array_start = .)
 *(SORT_BY_NAME(.fini_array.*))
 *(.fini_array)
                0x00000000080002f4                PROVIDE (__fini_array_end = .)

.flashtext
 *(.flashtext .flashtext.*)

.text           0x00000000080002f4      0xa42
 *(.text .text.*)
 .text.HAL_InitTick
                0x00000000080002f4       0x28 ./system/src/stm32f4-hal/stm32f4xx_hal.o
                0x00000000080002f4                HAL_InitTick
 .text.HAL_Init
                0x000000000800031c       0x34 ./system/src/stm32f4-hal/stm32f4xx_hal.o
                0x000000000800031c                HAL_Init
 .text.HAL_IncTick
                0x0000000008000350       0x10 ./system/src/stm32f4-hal/stm32f4xx_hal.o
                0x0000000008000350                HAL_IncTick
 .text.HAL_GetTick
                0x0000000008000360        0xc ./system/src/stm32f4-hal/stm32f4xx_hal.o
                0x0000000008000360                HAL_GetTick
 .text.HAL_NVIC_SetPriorityGrouping
                0x000000000800036c       0x24 ./system/src/stm32f4-hal/stm32f4xx_hal_cortex.o
                0x000000000800036c                HAL_NVIC_SetPriorityGrouping
 .text.HAL_NVIC_SetPriority
                0x0000000008000390       0x64 ./system/src/stm32f4-hal/stm32f4xx_hal_cortex.o
                0x0000000008000390                HAL_NVIC_SetPriority
 .text.HAL_SYSTICK_Config
                0x00000000080003f4       0x28 ./system/src/stm32f4-hal/stm32f4xx_hal_cortex.o
                0x00000000080003f4                HAL_SYSTICK_Config
 .text.HAL_SYSTICK_CLKSourceConfig
                0x000000000800041c       0x16 ./system/src/stm32f4-hal/stm32f4xx_hal_cortex.o
                0x000000000800041c                HAL_SYSTICK_CLKSourceConfig
 *fill*         0x0000000008000432        0x2 
 .text.HAL_GPIO_Init
                0x0000000008000434      0x194 ./system/src/stm32f4-hal/stm32f4xx_hal_gpio.o
                0x0000000008000434                HAL_GPIO_Init
 .text.HAL_GPIO_ReadPin
                0x00000000080005c8        0xc ./system/src/stm32f4-hal/stm32f4xx_hal_gpio.o
                0x00000000080005c8                HAL_GPIO_ReadPin
 .text.HAL_GPIO_WritePin
                0x00000000080005d4        0xa ./system/src/stm32f4-hal/stm32f4xx_hal_gpio.o
                0x00000000080005d4                HAL_GPIO_WritePin
 *fill*         0x00000000080005de        0x2 
 .text.HAL_RCC_OscConfig
                0x00000000080005e0      0x2c8 ./system/src/stm32f4-hal/stm32f4xx_hal_rcc.o
                0x00000000080005e0                HAL_RCC_OscConfig
 .text.HAL_RCC_GetSysClockFreq
                0x00000000080008a8       0x74 ./system/src/stm32f4-hal/stm32f4xx_hal_rcc.o
                0x00000000080008a8                HAL_RCC_GetSysClockFreq
 .text.HAL_RCC_ClockConfig
                0x000000000800091c      0x168 ./system/src/stm32f4-hal/stm32f4xx_hal_rcc.o
                0x000000000800091c                HAL_RCC_ClockConfig
 .text.HAL_RCC_GetHCLKFreq
                0x0000000008000a84        0xc ./system/src/stm32f4-hal/stm32f4xx_hal_rcc.o
                0x0000000008000a84                HAL_RCC_GetHCLKFreq
 .text._exit    0x0000000008000a90        0x6 ./system/src/newlib/_exit.o
                0x0000000008000a90                _exit
 *fill*         0x0000000008000a96        0x2 
 .text.__initialize_args
                0x0000000008000a98       0x10 ./system/src/newlib/_syscalls.o
                0x0000000008000a98                __initialize_args
 .text.__initialize_hardware_early
                0x0000000008000aa8       0x18 ./system/src/cortexm/_initialize_hardware.o
                0x0000000008000aa8                __initialize_hardware_early
 .text.__reset_hardware
                0x0000000008000ac0       0x24 ./system/src/cortexm/_reset_hardware.o
                0x0000000008000ac0                __reset_hardware
 .text.SystemInit
                0x0000000008000ae4       0x40 ./system/src/cmsis/system_stm32f4xx.o
                0x0000000008000ae4                SystemInit
 .text.SystemCoreClockUpdate
                0x0000000008000b24       0x74 ./system/src/cmsis/system_stm32f4xx.o
                0x0000000008000b24                SystemCoreClockUpdate
 .text.blink_led_init
                0x0000000008000b98       0x54 ./src/BlinkLed.o
                0x0000000008000b98                blink_led_init
 .text.timer_start
                0x0000000008000bec       0x34 ./src/Timer.o
                0x0000000008000bec                timer_start
 .text.timer_tick
                0x0000000008000c20       0x14 ./src/Timer.o
                0x0000000008000c20                timer_tick
 .text.SysTick_Handler
                0x0000000008000c34        0xe ./src/Timer.o
                0x0000000008000c34                SysTick_Handler
 *fill*         0x0000000008000c42        0x2 
 .text.SystemClock_Config
                0x0000000008000c44       0x94 ./src/_initialize_hardware.o
                0x0000000008000c44                SystemClock_Config
 .text.__initialize_hardware
                0x0000000008000cd8       0x12 ./src/_initialize_hardware.o
                0x0000000008000cd8                __initialize_hardware
 *fill*         0x0000000008000cea        0x2 
 .text.startup.main
                0x0000000008000cec       0x28 ./src/main.o
                0x0000000008000cec                main
 .text.HAL_MspInit
                0x0000000008000d14        0x2 ./src/stm32f4xx_hal_msp.o
                0x0000000008000d14                HAL_MspInit
 *(.rodata .rodata.* .constdata .constdata.*)
 .rodata.APBAHBPrescTable
                0x0000000008000d16       0x10 ./system/src/stm32f4-hal/stm32f4xx_hal_rcc.o
                0x0000000008000d16                APBAHBPrescTable
 .rodata.AHBPrescTable
                0x0000000008000d26       0x10 ./system/src/cmsis/system_stm32f4xx.o
                0x0000000008000d26                AHBPrescTable
 *(vtable)
 *(.eh_frame*)
 *(.glue_7)
 .glue_7        0x0000000008000d36        0x0 linker stubs
 *(.glue_7t)
 .glue_7t       0x0000000008000d36        0x0 linker stubs

.vfp11_veneer   0x0000000008000d38        0x0
 .vfp11_veneer  0x0000000008000d38        0x0 linker stubs

.v4_bx          0x0000000008000d38        0x0
 .v4_bx         0x0000000008000d38        0x0 linker stubs

.iplt           0x0000000008000d38        0x0
 .iplt          0x0000000008000d38        0x0 ./system/src/stm32f4-hal/stm32f4xx_hal.o

.rel.dyn        0x0000000008000d38        0x0
 .rel.iplt      0x0000000008000d38        0x0 ./system/src/stm32f4-hal/stm32f4xx_hal.o

.ARM.extab
 *(.ARM.extab* .gnu.linkonce.armextab.*)
                0x0000000008000d38                . = ALIGN (0x4)
                0x0000000008000d38                __exidx_start = .

.ARM.exidx
 *(.ARM.exidx* .gnu.linkonce.armexidx.*)
                0x0000000008000d38                __exidx_end = .
                0x0000000008000d38                . = ALIGN (0x4)
                0x0000000008000d38                _etext = .
                0x0000000008000d38                __etext = .

.data_CCMRAM    0x0000000010000000        0x0 load address 0x0000000008000d38
 FILL mask 0xff
 *(.data.CCMRAM .data.CCMRAM.*)
                0x0000000010000000                . = ALIGN (0x4)
                0x0000000008000d38                _sidata = LOADADDR (.data)

.data           0x0000000020000000        0xc load address 0x0000000008000d38
 FILL mask 0xff
                0x0000000020000000                _sdata = .
                0x0000000020000000                __data_start__ = .
 *(.data_begin .data_begin.*)
 *(.data .data.*)
 .data.argv.1   0x0000000020000000        0x8 ./system/src/newlib/_syscalls.o
 .data.SystemCoreClock
                0x0000000020000008        0x4 ./system/src/cmsis/system_stm32f4xx.o
                0x0000000020000008                SystemCoreClock
 *(.data_end .data_end.*)
                0x000000002000000c                . = ALIGN (0x4)
                0x000000002000000c                _edata = .
                0x000000002000000c                __data_end__ = .

.igot.plt       0x000000002000000c        0x0 load address 0x0000000008000d44
 .igot.plt      0x000000002000000c        0x0 ./system/src/stm32f4-hal/stm32f4xx_hal.o

.bss_CCMRAM     0x0000000010000000        0x0
 *(.bss.CCMRAM .bss.CCMRAM.*)

.bss            0x000000002000000c        0xc
                0x000000002000000c                __bss_start__ = .
                0x000000002000000c                _sbss = .
 *(.bss_begin .bss_begin.*)
 *(.bss .bss.*)
 .bss.uwTick    0x000000002000000c        0x4 ./system/src/stm32f4-hal/stm32f4xx_hal.o
                0x000000002000000c                uwTick
 .bss.name.0    0x0000000020000010        0x1 ./system/src/newlib/_syscalls.o
 *fill*         0x0000000020000011        0x3 
 .bss.timer_delayCount
                0x0000000020000014        0x4 ./src/Timer.o
                0x0000000020000014                timer_delayCount
 *(COMMON)
 *(.bss_end .bss_end.*)
                0x0000000020000018                . = ALIGN (0x4)
                0x0000000020000018                __bss_end__ = .
                0x0000000020000018                _ebss = .

.noinit_CCMRAM
 *(.noinit.CCMRAM .noinit.CCMRAM.*)

.noinit         0x0000000020000018        0x0
                0x0000000020000018                _noinit = .
 *(.noinit .noinit.*)
                0x0000000020000018                . = ALIGN (0x4)
                0x0000000020000018                _end_noinit = .
                [!provide]                        PROVIDE (end = _end_noinit)
                [!provide]                        PROVIDE (_end = _end_noinit)
                [!provide]                        PROVIDE (__end = _end_noinit)
                [!provide]                        PROVIDE (__end__ = _end_noinit)

._check_stack   0x0000000020000018      0x100
                0x0000000020000118                . = (. + _Minimum_Stack_Size)
 *fill*         0x0000000020000018      0x100 

.b1text
 *(.b1text)
 *(.b1rodata)
 *(.b1rodata.*)

.eb0text
 *(.eb0text)
 *(.eb0rodata)
 *(.eb0rodata.*)

.eb1text
 *(.eb1text)
 *(.eb1rodata)
 *(.eb1rodata.*)

.eb2text
 *(.eb2text)
 *(.eb2rodata)
 *(.eb2rodata.*)

.eb3text
 *(.eb3text)
 *(.eb3rodata)
 *(.eb3rodata.*)

.stab
 *(.stab)

.stabstr
 *(.stabstr)

.stab.excl
 *(.stab.excl)

.stab.exclstr
 *(.stab.exclstr)

.stab.index
 *(.stab.index)

.stab.indexstr
 *(.stab.indexstr)

.comment        0x0000000000000000       0x4d
 *(.comment)
 .comment       0x0000000000000000       0x4d ./system/src/stm32f4-hal/stm32f4xx_hal.o
                                         0x4e (size before relaxing)
 .comment       0x000000000000004d       0x4e ./system/src/stm32f4-hal/stm32f4xx_hal_cortex.o
 .comment       0x000000000000004d       0x4e ./system/src/stm32f4-hal/stm32f4xx_hal_gpio.o
 .comment       0x000000000000004d       0x4e ./system/src/stm32f4-hal/stm32f4xx_hal_rcc.o
 .comment       0x000000000000004d       0x4e ./system/src/newlib/_exit.o
 .comment       0x000000000000004d       0x4e ./system/src/newlib/_startup.o
 .comment       0x000000000000004d       0x4e ./system/src/newlib/_syscalls.o
 .comment       0x000000000000004d       0x4e ./system/src/cortexm/_initialize_hardware.o
 .comment       0x000000000000004d       0x4e ./system/src/cortexm/_reset_hardware.o
 .comment       0x000000000000004d       0x4e ./system/src/cortexm/exception_handlers.o
 .comment       0x000000000000004d       0x4e ./system/src/cmsis/system_stm32f4xx.o
 .comment       0x000000000000004d       0x4e ./system/src/cmsis/vectors_stm32f411xe.o
 .comment       0x000000000000004d       0x4e ./src/BlinkLed.o
 .comment       0x000000000000004d       0x4e ./src/Timer.o
 .comment       0x000000000000004d       0x4e ./src/_initialize_hardware.o
 .comment       0x000000000000004d       0x4e ./src/main.o
 .comment       0x000000000000004d       0x4e ./src/stm32f4xx_hal_msp.o

.ARM.attributes
                0x0000000000000000       0x2e
 .ARM.attributes
                0x0000000000000000       0x2e ./system/src/stm32f4-hal/stm32f4xx_hal.o
 .ARM.attributes
                0x000000000000002e       0x2e ./system/src/stm32f4-hal/stm32f4xx_hal_cortex.o
 .ARM.attributes
                0x000000000000005c       0x2e ./system/src/stm32f4-hal/stm32f4xx_hal_gpio.o
 .ARM.attributes
                0x000000000000008a       0x2e ./system/src/stm32f4-hal/stm32f4xx_hal_rcc.o
 .ARM.attributes
                0x00000000000000b8       0x2e ./system/src/newlib/_exit.o
 .ARM.attributes
                0x00000000000000e6       0x2e ./system/src/newlib/_startup.o
 .ARM.attributes
                0x0000000000000114       0x2e ./system/src/newlib/_syscalls.o
 .ARM.attributes
                0x0000000000000142       0x2e ./system/src/cortexm/_initialize_hardware.o
 .ARM.attributes
                0x0000000000000170       0x2e ./system/src/cortexm/_reset_hardware.o
 .ARM.attributes
                0x000000000000019e       0x2e ./system/src/cortexm/exception_handlers.o
 .ARM.attributes
                0x00000000000001cc       0x2e ./system/src/cmsis/system_stm32f4xx.o
 .ARM.attributes
                0x00000000000001fa       0x2e ./system/src/cmsis/vectors_stm32f411xe.o
 .ARM.attributes
                0x0000000000000228       0x2e ./src/BlinkLed.o
 .ARM.attributes
                0x0000000000000256       0x2e ./src/Timer.o
 .ARM.attributes
                0x0000000000000284       0x2e ./src/_initialize_hardware.o
 .ARM.attributes
                0x00000000000002b2       0x2e ./src/main.o
 .ARM.attributes
                0x00000000000002e0       0x2e ./src/stm32f4xx_hal_msp.o

.debug
 *(.debug)

.line
 *(.line)

.debug_srcinfo
 *(.debug_srcinfo)

.debug_sfnames
 *(.debug_sfnames)

.debug_aranges  0x0000000000000000      0x490
 *(.debug_aranges)
 .debug_aranges
                0x0000000000000000       0xb8 ./system/src/stm32f4-hal/stm32f4xx_hal.o
 .debug_aranges
                0x00000000000000b8       0x98 ./system/src/stm32f4-hal/stm32f4xx_hal_cortex.o
 .debug_aranges
                0x0000000000000150       0x58 ./system/src/stm32f4-hal/stm32f4xx_hal_gpio.o
 .debug_aranges
                0x00000000000001a8       0x80 ./system/src/stm32f4-hal/stm32f4xx_hal_rcc.o
 .debug_aranges
                0x0000000000000228       0x28 ./system/src/newlib/_exit.o
 .debug_aranges
                0x0000000000000250       0x40 ./system/src/newlib/_startup.o
 .debug_aranges
                0x0000000000000290       0x30 ./system/src/newlib/_syscalls.o
 .debug_aranges
                0x00000000000002c0       0x28 ./system/src/cortexm/_initialize_hardware.o
 .debug_aranges
                0x00000000000002e8       0x20 ./system/src/cortexm/_reset_hardware.o
 .debug_aranges
                0x0000000000000308       0x80 ./system/src/cortexm/exception_handlers.o
 .debug_aranges
                0x0000000000000388       0x28 ./system/src/cmsis/system_stm32f4xx.o
 .debug_aranges
                0x00000000000003b0       0x20 ./system/src/cmsis/vectors_stm32f411xe.o
 .debug_aranges
                0x00000000000003d0       0x20 ./src/BlinkLed.o
 .debug_aranges
                0x00000000000003f0       0x38 ./src/Timer.o
 .debug_aranges
                0x0000000000000428       0x28 ./src/_initialize_hardware.o
 .debug_aranges
                0x0000000000000450       0x20 ./src/main.o
 .debug_aranges
                0x0000000000000470       0x20 ./src/stm32f4xx_hal_msp.o

.debug_pubnames
 *(.debug_pubnames)

.debug_info     0x0000000000000000     0x576a
 *(.debug_info .gnu.linkonce.wi.*)
 .debug_info    0x0000000000000000      0x8bd ./system/src/stm32f4-hal/stm32f4xx_hal.o
 .debug_info    0x00000000000008bd      0xf26 ./system/src/stm32f4-hal/stm32f4xx_hal_cortex.o
 .debug_info    0x00000000000017e3      0x7ad ./system/src/stm32f4-hal/stm32f4xx_hal_gpio.o
 .debug_info    0x0000000000001f90      0xe4b ./system/src/stm32f4-hal/stm32f4xx_hal_rcc.o
 .debug_info    0x0000000000002ddb      0x107 ./system/src/newlib/_exit.o
 .debug_info    0x0000000000002ee2      0x50e ./system/src/newlib/_startup.o
 .debug_info    0x00000000000033f0      0x1d1 ./system/src/newlib/_syscalls.o
 .debug_info    0x00000000000035c1      0x2b6 ./system/src/cortexm/_initialize_hardware.o
 .debug_info    0x0000000000003877      0x2df ./system/src/cortexm/_reset_hardware.o
 .debug_info    0x0000000000003b56      0x29e ./system/src/cortexm/exception_handlers.o
 .debug_info    0x0000000000003df4      0x51c ./system/src/cmsis/system_stm32f4xx.o
 .debug_info    0x0000000000004310       0xca ./system/src/cmsis/vectors_stm32f411xe.o
 .debug_info    0x00000000000043da      0x40b ./src/BlinkLed.o
 .debug_info    0x00000000000047e5      0x6f0 ./src/Timer.o
 .debug_info    0x0000000000004ed5      0x537 ./src/_initialize_hardware.o
 .debug_info    0x000000000000540c      0x2b4 ./src/main.o
 .debug_info    0x00000000000056c0       0xaa ./src/stm32f4xx_hal_msp.o

.debug_abbrev   0x0000000000000000     0x1aae
 *(.debug_abbrev)
 .debug_abbrev  0x0000000000000000      0x2a2 ./system/src/stm32f4-hal/stm32f4xx_hal.o
 .debug_abbrev  0x00000000000002a2      0x35b ./system/src/stm32f4-hal/stm32f4xx_hal_cortex.o
 .debug_abbrev  0x00000000000005fd      0x1ed ./system/src/stm32f4-hal/stm32f4xx_hal_gpio.o
 .debug_abbrev  0x00000000000007ea      0x38f ./system/src/stm32f4-hal/stm32f4xx_hal_rcc.o
 .debug_abbrev  0x0000000000000b79       0xc8 ./system/src/newlib/_exit.o
 .debug_abbrev  0x0000000000000c41      0x1e4 ./system/src/newlib/_startup.o
 .debug_abbrev  0x0000000000000e25      0x10b ./system/src/newlib/_syscalls.o
 .debug_abbrev  0x0000000000000f30       0xf4 ./system/src/cortexm/_initialize_hardware.o
 .debug_abbrev  0x0000000000001024      0x109 ./system/src/cortexm/_reset_hardware.o
 .debug_abbrev  0x000000000000112d       0xec ./system/src/cortexm/exception_handlers.o
 .debug_abbrev  0x0000000000001219      0x12c ./system/src/cmsis/system_stm32f4xx.o
 .debug_abbrev  0x0000000000001345       0xa2 ./system/src/cmsis/vectors_stm32f411xe.o
 .debug_abbrev  0x00000000000013e7      0x130 ./src/BlinkLed.o
 .debug_abbrev  0x0000000000001517      0x219 ./src/Timer.o
 .debug_abbrev  0x0000000000001730      0x167 ./src/_initialize_hardware.o
 .debug_abbrev  0x0000000000001897      0x1b9 ./src/main.o
 .debug_abbrev  0x0000000000001a50       0x5e ./src/stm32f4xx_hal_msp.o

.debug_line     0x0000000000000000     0x33ce
 *(.debug_line)
 .debug_line    0x0000000000000000      0x432 ./system/src/stm32f4-hal/stm32f4xx_hal.o
 .debug_line    0x0000000000000432      0x66c ./system/src/stm32f4-hal/stm32f4xx_hal_cortex.o
 .debug_line    0x0000000000000a9e      0x694 ./system/src/stm32f4-hal/stm32f4xx_hal_gpio.o
 .debug_line    0x0000000000001132      0xc01 ./system/src/stm32f4-hal/stm32f4xx_hal_rcc.o
 .debug_line    0x0000000000001d33      0x18b ./system/src/newlib/_exit.o
 .debug_line    0x0000000000001ebe      0x337 ./system/src/newlib/_startup.o
 .debug_line    0x00000000000021f5      0x1c5 ./system/src/newlib/_syscalls.o
 .debug_line    0x00000000000023ba      0x14a ./system/src/cortexm/_initialize_hardware.o
 .debug_line    0x0000000000002504      0x169 ./system/src/cortexm/_reset_hardware.o
 .debug_line    0x000000000000266d      0x26c ./system/src/cortexm/exception_handlers.o
 .debug_line    0x00000000000028d9      0x20c ./system/src/cmsis/system_stm32f4xx.o
 .debug_line    0x0000000000002ae5       0x6f ./system/src/cmsis/vectors_stm32f411xe.o
 .debug_line    0x0000000000002b54      0x17a ./src/BlinkLed.o
 .debug_line    0x0000000000002cce      0x21e ./src/Timer.o
 .debug_line    0x0000000000002eec      0x238 ./src/_initialize_hardware.o
 .debug_line    0x0000000000003124      0x25c ./src/main.o
 .debug_line    0x0000000000003380       0x4e ./src/stm32f4xx_hal_msp.o

.debug_frame    0x0000000000000000      0x8b8
 *(.debug_frame)
 .debug_frame   0x0000000000000000      0x184 ./system/src/stm32f4-hal/stm32f4xx_hal.o
 .debug_frame   0x0000000000000184      0x138 ./system/src/stm32f4-hal/stm32f4xx_hal_cortex.o
 .debug_frame   0x00000000000002bc       0xd4 ./system/src/stm32f4-hal/stm32f4xx_hal_gpio.o
 .debug_frame   0x0000000000000390      0x138 ./system/src/stm32f4-hal/stm32f4xx_hal_rcc.o
 .debug_frame   0x00000000000004c8       0x40 ./system/src/newlib/_exit.o
 .debug_frame   0x0000000000000508       0x80 ./system/src/newlib/_startup.o
 .debug_frame   0x0000000000000588       0x50 ./system/src/newlib/_syscalls.o
 .debug_frame   0x00000000000005d8       0x38 ./system/src/cortexm/_initialize_hardware.o
 .debug_frame   0x0000000000000610       0x20 ./system/src/cortexm/_reset_hardware.o
 .debug_frame   0x0000000000000630       0xe0 ./system/src/cortexm/exception_handlers.o
 .debug_frame   0x0000000000000710       0x30 ./system/src/cmsis/system_stm32f4xx.o
 .debug_frame   0x0000000000000740       0x20 ./system/src/cmsis/vectors_stm32f411xe.o
 .debug_frame   0x0000000000000760       0x34 ./src/BlinkLed.o
 .debug_frame   0x0000000000000794       0x5c ./src/Timer.o
 .debug_frame   0x00000000000007f0       0x50 ./src/_initialize_hardware.o
 .debug_frame   0x0000000000000840       0x28 ./src/main.o
 .debug_frame   0x0000000000000868       0x50 ./src/stm32f4xx_hal_msp.o

.debug_str      0x0000000000000000     0x1702
 *(.debug_str)
 .debug_str     0x0000000000000000      0x906 ./system/src/stm32f4-hal/stm32f4xx_hal.o
                                        0x95e (size before relaxing)
 .debug_str     0x0000000000000906      0x3a9 ./system/src/stm32f4-hal/stm32f4xx_hal_cortex.o
                                        0xa9e (size before relaxing)
 .debug_str     0x0000000000000caf      0x1c9 ./system/src/stm32f4-hal/stm32f4xx_hal_gpio.o
                                        0x502 (size before relaxing)
 .debug_str     0x0000000000000e78      0x2cc ./system/src/stm32f4-hal/stm32f4xx_hal_rcc.o
                                        0x6dd (size before relaxing)
 .debug_str     0x0000000000001144       0x4a ./system/src/newlib/_exit.o
                                        0x1fc (size before relaxing)
 .debug_str     0x000000000000118e      0x1a9 ./system/src/newlib/_startup.o
                                        0x377 (size before relaxing)
 .debug_str     0x0000000000001337       0x5c ./system/src/newlib/_syscalls.o
                                        0x231 (size before relaxing)
 .debug_str     0x0000000000001393       0x5e ./system/src/cortexm/_initialize_hardware.o
                                        0x2b1 (size before relaxing)
 .debug_str     0x00000000000013f1       0x28 ./system/src/cortexm/_reset_hardware.o
                                        0x277 (size before relaxing)
 .debug_str     0x0000000000001419      0x11f ./system/src/cortexm/exception_handlers.o
                                        0x2da (size before relaxing)
 .debug_str     0x0000000000001538       0x31 ./system/src/cmsis/system_stm32f4xx.o
                                        0x3a6 (size before relaxing)
 .debug_str     0x0000000000001569       0x59 ./system/src/cmsis/vectors_stm32f411xe.o
                                        0x1fa (size before relaxing)
 .debug_str     0x00000000000015c2       0x34 ./src/BlinkLed.o
                                        0x378 (size before relaxing)
 .debug_str     0x00000000000015f6       0x51 ./src/Timer.o
                                        0x6f0 (size before relaxing)
 .debug_str     0x0000000000001647       0x31 ./src/_initialize_hardware.o
                                        0x4c1 (size before relaxing)
 .debug_str     0x0000000000001678       0x4d ./src/main.o
                                        0x2c7 (size before relaxing)
 .debug_str     0x00000000000016c5       0x3d ./src/stm32f4xx_hal_msp.o
                                        0x209 (size before relaxing)

.debug_loc      0x0000000000000000     0x18f6
 *(.debug_loc)
 .debug_loc     0x0000000000000000       0xdb ./system/src/stm32f4-hal/stm32f4xx_hal.o
 .debug_loc     0x00000000000000db      0x520 ./system/src/stm32f4-hal/stm32f4xx_hal_cortex.o
 .debug_loc     0x00000000000005fb      0x46b ./system/src/stm32f4-hal/stm32f4xx_hal_gpio.o
 .debug_loc     0x0000000000000a66      0x75a ./system/src/stm32f4-hal/stm32f4xx_hal_rcc.o
 .debug_loc     0x00000000000011c0       0x25 ./system/src/newlib/_exit.o
 .debug_loc     0x00000000000011e5      0x42e ./system/src/newlib/_startup.o
 .debug_loc     0x0000000000001613       0x6f ./system/src/newlib/_syscalls.o
 .debug_loc     0x0000000000001682       0x7e ./system/src/cortexm/exception_handlers.o
 .debug_loc     0x0000000000001700      0x118 ./system/src/cmsis/system_stm32f4xx.o
 .debug_loc     0x0000000000001818       0x94 ./src/Timer.o
 .debug_loc     0x00000000000018ac       0x4a ./src/main.o

.debug_macinfo
 *(.debug_macinfo)

.debug_weaknames
 *(.debug_weaknames)

.debug_funcnames
 *(.debug_funcnames)

.debug_typenames
 *(.debug_typenames)

.debug_varnames
 *(.debug_varnames)
OUTPUT(ARM_STM32F411_BLINK.elf elf32-littlearm)
LOAD linker stubs

.debug_ranges   0x0000000000000000      0x640
 .debug_ranges  0x0000000000000000       0xa8 ./system/src/stm32f4-hal/stm32f4xx_hal.o
 .debug_ranges  0x00000000000000a8      0x140 ./system/src/stm32f4-hal/stm32f4xx_hal_cortex.o
 .debug_ranges  0x00000000000001e8       0x60 ./system/src/stm32f4-hal/stm32f4xx_hal_gpio.o
 .debug_ranges  0x0000000000000248      0x138 ./system/src/stm32f4-hal/stm32f4xx_hal_rcc.o
 .debug_ranges  0x0000000000000380       0x18 ./system/src/newlib/_exit.o
 .debug_ranges  0x0000000000000398       0xd0 ./system/src/newlib/_startup.o
 .debug_ranges  0x0000000000000468       0x20 ./system/src/newlib/_syscalls.o
 .debug_ranges  0x0000000000000488       0x18 ./system/src/cortexm/_initialize_hardware.o
 .debug_ranges  0x00000000000004a0       0x10 ./system/src/cortexm/_reset_hardware.o
 .debug_ranges  0x00000000000004b0       0x70 ./system/src/cortexm/exception_handlers.o
 .debug_ranges  0x0000000000000520       0x18 ./system/src/cmsis/system_stm32f4xx.o
 .debug_ranges  0x0000000000000538       0x10 ./system/src/cmsis/vectors_stm32f411xe.o
 .debug_ranges  0x0000000000000548       0x38 ./src/BlinkLed.o
 .debug_ranges  0x0000000000000580       0x58 ./src/Timer.o
 .debug_ranges  0x00000000000005d8       0x30 ./src/_initialize_hardware.o
 .debug_ranges  0x0000000000000608       0x28 ./src/main.o
 .debug_ranges  0x0000000000000630       0x10 ./src/stm32f4xx_hal_msp.o
